Java HotSpot(TM) 64-Bit Server VM (25.131-b11) for windows-amd64 JRE (1.8.0_131-b11), built on Mar 15 2017 01:23:53 by "java_re" with MS VC++ 10.0 (VS2010)
Memory: 4k page, physical 8342580k(2180140k free), swap 10043876k(2216296k free)
CommandLine flags: -XX:InitialHeapSize=536870912 -XX:MaxHeapSize=536870912 -XX:+PrintGC -XX:+PrintGCDateStamps -XX:+PrintGCDetails -XX:+PrintGCTimeStamps -XX:+UseCompressedClassPointers -XX:+UseCompressedOops -XX:-UseLargePagesIndividualAllocation -XX:+UseParallelGC -XX:+UseParallelOldGC 
2017-11-18T17:26:40.646+0300: 5.170: [GC (Allocation Failure) [PSYoungGen: 131584K->3413K(153088K)] 131584K->3429K(502784K), 0.0031650 secs] [Times: user=0.13 sys=0.00, real=0.00 secs] 
2017-11-18T17:26:40.689+0300: 5.214: [GC (Allocation Failure) [PSYoungGen: 134997K->5073K(153088K)] 135013K->5089K(502784K), 0.0043075 secs] [Times: user=0.00 sys=0.00, real=0.01 secs] 
2017-11-18T17:26:40.730+0300: 5.254: [GC (Allocation Failure) [PSYoungGen: 136657K->6665K(153088K)] 136673K->6681K(502784K), 0.0054655 secs] [Times: user=0.00 sys=0.00, real=0.00 secs] 
2017-11-18T17:26:40.772+0300: 5.296: [GC (Allocation Failure) [PSYoungGen: 138249K->8446K(153088K)] 138265K->8462K(502784K), 0.0067629 secs] [Times: user=0.13 sys=0.00, real=0.01 secs] 
2017-11-18T17:26:40.816+0300: 5.341: [GC (Allocation Failure) [PSYoungGen: 140030K->10382K(153088K)] 140046K->10398K(502784K), 0.0086235 secs] [Times: user=0.13 sys=0.00, real=0.01 secs] 
2017-11-18T17:26:40.861+0300: 5.386: [GC (Allocation Failure) [PSYoungGen: 141966K->11710K(158208K)] 141982K->11726K(507904K), 0.0097127 secs] [Times: user=0.13 sys=0.00, real=0.01 secs] 
2017-11-18T17:26:40.912+0300: 5.437: [GC (Allocation Failure) [PSYoungGen: 157630K->9949K(160256K)] 157646K->14246K(509952K), 0.0116225 secs] [Times: user=0.11 sys=0.01, real=0.01 secs] 
2017-11-18T17:26:40.965+0300: 5.489: [GC (Allocation Failure) [PSYoungGen: 155869K->8829K(160256K)] 160166K->15782K(509952K), 0.0097730 secs] [Times: user=0.00 sys=0.00, real=0.01 secs] 
2017-11-18T17:26:41.015+0300: 5.539: [GC (Allocation Failure) [PSYoungGen: 154749K->7645K(160256K)] 161702K->17254K(509952K), 0.0090012 secs] [Times: user=0.01 sys=0.00, real=0.01 secs] 
2017-11-18T17:26:41.067+0300: 5.591: [GC (Allocation Failure) [PSYoungGen: 153565K->7788K(161792K)] 163174K->20317K(511488K), 0.0099409 secs] [Times: user=0.13 sys=0.00, real=0.01 secs] 
2017-11-18T17:26:41.119+0300: 5.643: [GC (Allocation Failure) [PSYoungGen: 156268K->1536K(150016K)] 168797K->21717K(499712K), 0.0098980 secs] [Times: user=0.00 sys=0.00, real=0.01 secs] 
2017-11-18T17:26:41.171+0300: 5.695: [GC (Allocation Failure) [PSYoungGen: 150016K->1664K(160768K)] 170197K->23365K(510464K), 0.0169169 secs] [Times: user=0.13 sys=0.00, real=0.02 secs] 
2017-11-18T17:26:41.234+0300: 5.758: [GC (Allocation Failure) [PSYoungGen: 148608K->1568K(148992K)] 170309K->24789K(498688K), 0.0167297 secs] [Times: user=0.13 sys=0.00, real=0.02 secs] 
2017-11-18T17:26:41.310+0300: 5.834: [GC (Allocation Failure) [PSYoungGen: 148512K->8658K(160256K)] 171733K->33383K(509952K), 0.0115223 secs] [Times: user=0.01 sys=0.00, real=0.01 secs] 
2017-11-18T17:26:41.392+0300: 5.916: [GC (Allocation Failure) [PSYoungGen: 154578K->1504K(160256K)] 179303K->34799K(509952K), 0.0111136 secs] [Times: user=0.13 sys=0.00, real=0.01 secs] 
2017-11-18T17:26:41.462+0300: 5.986: [GC (Allocation Failure) [PSYoungGen: 147424K->1536K(160256K)] 180719K->36279K(509952K), 0.0166968 secs] [Times: user=0.13 sys=0.00, real=0.02 secs] 
2017-11-18T17:26:41.537+0300: 6.061: [GC (Allocation Failure) [PSYoungGen: 147456K->1568K(160256K)] 182199K->37799K(509952K), 0.0181318 secs] [Times: user=0.13 sys=0.00, real=0.02 secs] 
2017-11-18T17:26:41.614+0300: 6.138: [GC (Allocation Failure) [PSYoungGen: 147488K->1632K(160768K)] 183719K->39367K(510464K), 0.0189001 secs] [Times: user=0.13 sys=0.00, real=0.02 secs] 
2017-11-18T17:26:41.692+0300: 6.216: [GC (Allocation Failure) [PSYoungGen: 148064K->1600K(160256K)] 185799K->40823K(509952K), 0.0183332 secs] [Times: user=0.13 sys=0.00, real=0.02 secs] 
2017-11-18T17:26:41.770+0300: 6.294: [GC (Allocation Failure) [PSYoungGen: 148032K->1568K(161280K)] 187255K->42287K(510976K), 0.0185071 secs] [Times: user=0.13 sys=0.00, real=0.02 secs] 
2017-11-18T17:26:41.848+0300: 6.372: [GC (Allocation Failure) [PSYoungGen: 149536K->12187K(160256K)] 190255K->54394K(509952K), 0.0144485 secs] [Times: user=0.13 sys=0.00, real=0.01 secs] 
2017-11-18T17:26:41.922+0300: 6.447: [GC (Allocation Failure) [PSYoungGen: 160155K->1536K(159232K)] 202362K->55842K(508928K), 0.0161236 secs] [Times: user=0.13 sys=0.00, real=0.02 secs] 
2017-11-18T17:26:41.998+0300: 6.522: [GC (Allocation Failure) [PSYoungGen: 146432K->1632K(159744K)] 200738K->57442K(509440K), 0.0195132 secs] [Times: user=0.13 sys=0.00, real=0.02 secs] 
2017-11-18T17:26:42.077+0300: 6.601: [GC (Allocation Failure) [PSYoungGen: 146528K->1600K(160768K)] 202338K->58898K(510464K), 0.0198395 secs] [Times: user=0.11 sys=0.00, real=0.02 secs] 
2017-11-18T17:26:42.157+0300: 6.682: [GC (Allocation Failure) [PSYoungGen: 148032K->1536K(160256K)] 205330K->60306K(509952K), 0.0191763 secs] [Times: user=0.11 sys=0.00, real=0.02 secs] 
2017-11-18T17:26:42.235+0300: 6.760: [GC (Allocation Failure) [PSYoungGen: 147968K->1632K(161792K)] 206738K->61906K(511488K), 0.0206958 secs] [Times: user=0.13 sys=0.00, real=0.02 secs] 
2017-11-18T17:26:42.317+0300: 6.841: [GC (Allocation Failure) [PSYoungGen: 150112K->1632K(161280K)] 210386K->63402K(510976K), 0.0182239 secs] [Times: user=0.11 sys=0.00, real=0.02 secs] 
2017-11-18T17:26:42.406+0300: 6.931: [GC (Allocation Failure) [PSYoungGen: 150112K->1568K(162816K)] 211882K->64826K(512512K), 0.0196731 secs] [Times: user=0.13 sys=0.00, real=0.02 secs] 
2017-11-18T17:26:42.488+0300: 7.012: [GC (Allocation Failure) [PSYoungGen: 152096K->1632K(162304K)] 215354K->66410K(512000K), 0.0209050 secs] [Times: user=0.13 sys=0.00, real=0.02 secs] 
2017-11-18T17:26:42.569+0300: 7.093: [GC (Allocation Failure) [PSYoungGen: 152160K->1664K(163840K)] 216938K->67970K(513536K), 0.0212950 secs] [Times: user=0.25 sys=0.00, real=0.02 secs] 
2017-11-18T17:26:42.651+0300: 7.175: [GC (Allocation Failure) [PSYoungGen: 154240K->1568K(163328K)] 220546K->85442K(513024K), 0.0217243 secs] [Times: user=0.13 sys=0.00, real=0.02 secs] 
2017-11-18T17:26:42.734+0300: 7.259: [GC (Allocation Failure) [PSYoungGen: 154144K->1696K(164864K)] 238018K->86978K(514560K), 0.0192744 secs] [Times: user=0.13 sys=0.00, real=0.02 secs] 
2017-11-18T17:26:42.816+0300: 7.341: [GC (Allocation Failure) [PSYoungGen: 156320K->1696K(164352K)] 241602K->88530K(514048K), 0.0207511 secs] [Times: user=0.25 sys=0.00, real=0.02 secs] 
2017-11-18T17:26:42.900+0300: 7.424: [GC (Allocation Failure) [PSYoungGen: 156320K->1696K(165888K)] 243154K->90122K(515584K), 0.0205751 secs] [Times: user=0.13 sys=0.00, real=0.02 secs] 
2017-11-18T17:26:42.984+0300: 7.508: [GC (Allocation Failure) [PSYoungGen: 158368K->1728K(165376K)] 246794K->91730K(515072K), 0.0209666 secs] [Times: user=0.13 sys=0.00, real=0.02 secs] 
2017-11-18T17:26:43.076+0300: 7.601: [GC (Allocation Failure) [PSYoungGen: 158400K->1728K(166912K)] 248402K->93322K(516608K), 0.0206895 secs] [Times: user=0.11 sys=0.00, real=0.02 secs] 
2017-11-18T17:26:43.161+0300: 7.686: [GC (Allocation Failure) [PSYoungGen: 160448K->1664K(166400K)] 252042K->94858K(516096K), 0.0219534 secs] [Times: user=0.25 sys=0.00, real=0.02 secs] 
2017-11-18T17:26:43.249+0300: 7.773: [GC (Allocation Failure) [PSYoungGen: 160384K->1728K(167936K)] 253578K->96538K(517632K), 0.0216567 secs] [Times: user=0.13 sys=0.00, real=0.02 secs] 
2017-11-18T17:26:43.337+0300: 7.862: [GC (Allocation Failure) [PSYoungGen: 162496K->1696K(167424K)] 257306K->98130K(517120K), 0.0210255 secs] [Times: user=0.11 sys=0.00, real=0.02 secs] 
2017-11-18T17:26:43.426+0300: 7.951: [GC (Allocation Failure) [PSYoungGen: 162464K->1696K(168448K)] 258898K->99746K(518144K), 0.0222709 secs] [Times: user=0.25 sys=0.00, real=0.02 secs] 
2017-11-18T17:26:43.515+0300: 8.039: [GC (Allocation Failure) [PSYoungGen: 163488K->1792K(167936K)] 261538K->101474K(517632K), 0.0214176 secs] [Times: user=0.13 sys=0.00, real=0.02 secs] 
2017-11-18T17:26:43.601+0300: 8.125: [GC (Allocation Failure) [PSYoungGen: 163584K->1696K(168960K)] 263266K->103034K(518656K), 0.0228137 secs] [Times: user=0.25 sys=0.00, real=0.02 secs] 
2017-11-18T17:26:43.689+0300: 8.214: [GC (Allocation Failure) [PSYoungGen: 164512K->1728K(168448K)] 265850K->104722K(518144K), 0.0229227 secs] [Times: user=0.25 sys=0.00, real=0.02 secs] 
2017-11-18T17:26:43.777+0300: 8.301: [GC (Allocation Failure) [PSYoungGen: 164544K->1472K(169472K)] 267538K->130167K(519168K), 0.0317551 secs] [Times: user=0.25 sys=0.00, real=0.03 secs] 
2017-11-18T17:26:43.876+0300: 8.401: [GC (Allocation Failure) [PSYoungGen: 165824K->1760K(169472K)] 294519K->131887K(519168K), 0.0220977 secs] [Times: user=0.11 sys=0.00, real=0.02 secs] 
2017-11-18T17:26:43.966+0300: 8.491: [GC (Allocation Failure) [PSYoungGen: 166112K->1760K(169984K)] 296239K->133559K(519680K), 0.0238965 secs] [Times: user=0.11 sys=0.00, real=0.02 secs] 
2017-11-18T17:26:44.058+0300: 8.582: [GC (Allocation Failure) [PSYoungGen: 167136K->1792K(169984K)] 298935K->135263K(519680K), 0.0234259 secs] [Times: user=0.13 sys=0.00, real=0.02 secs] 
2017-11-18T17:26:44.148+0300: 8.673: [GC (Allocation Failure) [PSYoungGen: 167168K->1760K(170496K)] 300639K->136903K(520192K), 0.0250411 secs] [Times: user=0.25 sys=0.00, real=0.03 secs] 
2017-11-18T17:26:44.241+0300: 8.766: [GC (Allocation Failure) [PSYoungGen: 167648K->1760K(169984K)] 302791K->138591K(519680K), 0.0239333 secs] [Times: user=0.25 sys=0.00, real=0.02 secs] 
2017-11-18T17:26:44.336+0300: 8.861: [GC (Allocation Failure) [PSYoungGen: 167648K->1728K(170496K)] 304479K->140255K(520192K), 0.0243921 secs] [Times: user=0.08 sys=0.03, real=0.02 secs] 
2017-11-18T17:26:44.431+0300: 8.955: [GC (Allocation Failure) [PSYoungGen: 168128K->1824K(170496K)] 306655K->142015K(520192K), 0.0248627 secs] [Times: user=0.11 sys=0.00, real=0.03 secs] 
2017-11-18T17:26:44.523+0300: 9.047: [GC (Allocation Failure) [PSYoungGen: 168224K->1792K(171008K)] 308415K->143671K(520704K), 0.0250571 secs] [Times: user=0.25 sys=0.00, real=0.03 secs] 
2017-11-18T17:26:44.616+0300: 9.140: [GC (Allocation Failure) [PSYoungGen: 169216K->1792K(171008K)] 311095K->145367K(520704K), 0.0244051 secs] [Times: user=0.25 sys=0.00, real=0.02 secs] 
2017-11-18T17:26:44.708+0300: 9.232: [GC (Allocation Failure) [PSYoungGen: 169216K->1792K(171520K)] 312791K->147071K(521216K), 0.0256895 secs] [Times: user=0.25 sys=0.00, real=0.03 secs] 
2017-11-18T17:26:44.802+0300: 9.326: [GC (Allocation Failure) [PSYoungGen: 169728K->1792K(171008K)] 315007K->148775K(520704K), 0.0252180 secs] [Times: user=0.25 sys=0.00, real=0.02 secs] 
2017-11-18T17:26:44.896+0300: 9.420: [GC (Allocation Failure) [PSYoungGen: 169728K->1792K(171520K)] 316711K->150487K(521216K), 0.0248081 secs] [Times: user=0.25 sys=0.00, real=0.03 secs] 
2017-11-18T17:26:44.989+0300: 9.513: [GC (Allocation Failure) [PSYoungGen: 170240K->1824K(171520K)] 318935K->152223K(521216K), 0.0258389 secs] [Times: user=0.25 sys=0.00, real=0.03 secs] 
2017-11-18T17:26:45.084+0300: 9.609: [GC (Allocation Failure) [PSYoungGen: 170272K->1792K(171520K)] 320671K->153911K(521216K), 0.0255280 secs] [Times: user=0.25 sys=0.00, real=0.03 secs] 
2017-11-18T17:26:45.178+0300: 9.703: [GC (Allocation Failure) [PSYoungGen: 170240K->1824K(171520K)] 322359K->155655K(521216K), 0.0251555 secs] [Times: user=0.25 sys=0.00, real=0.03 secs] 
2017-11-18T17:26:45.272+0300: 9.796: [GC (Allocation Failure) [PSYoungGen: 170272K->1824K(172032K)] 324103K->157367K(521728K), 0.0263693 secs] [Times: user=0.25 sys=0.00, real=0.03 secs] 
2017-11-18T17:26:45.372+0300: 9.896: [GC (Allocation Failure) [PSYoungGen: 170784K->1792K(171520K)] 326327K->159047K(521216K), 0.0243656 secs] [Times: user=0.11 sys=0.00, real=0.03 secs] 
2017-11-18T17:26:45.466+0300: 9.990: [GC (Allocation Failure) [PSYoungGen: 170752K->1824K(172032K)] 328007K->160775K(521728K), 0.0257671 secs] [Times: user=0.13 sys=0.00, real=0.02 secs] 
2017-11-18T17:26:45.559+0300: 10.084: [GC (Allocation Failure) [PSYoungGen: 171296K->1824K(172032K)] 330247K->162511K(521728K), 0.0264143 secs] [Times: user=0.11 sys=0.02, real=0.03 secs] 
2017-11-18T17:26:45.652+0300: 10.176: [GC (Allocation Failure) [PSYoungGen: 171296K->1472K(172032K)] 331983K->199934K(521728K), 0.0515085 secs] [Times: user=0.34 sys=0.03, real=0.05 secs] 
2017-11-18T17:26:45.773+0300: 10.297: [GC (Allocation Failure) [PSYoungGen: 170944K->1824K(172032K)] 369406K->201670K(521728K), 0.0260596 secs] [Times: user=0.25 sys=0.00, real=0.03 secs] 
2017-11-18T17:26:45.867+0300: 10.391: [GC (Allocation Failure) [PSYoungGen: 171296K->1856K(172032K)] 371142K->203430K(521728K), 0.0286565 secs] [Times: user=0.25 sys=0.00, real=0.03 secs] 
2017-11-18T17:26:45.964+0300: 10.489: [GC (Allocation Failure) [PSYoungGen: 171328K->1824K(172032K)] 372902K->205126K(521728K), 0.0286414 secs] [Times: user=0.14 sys=0.00, real=0.03 secs] 
2017-11-18T17:26:46.061+0300: 10.585: [GC (Allocation Failure) [PSYoungGen: 171296K->1856K(172032K)] 374598K->206894K(521728K), 0.0293173 secs] [Times: user=0.25 sys=0.00, real=0.03 secs] 
2017-11-18T17:26:46.160+0300: 10.685: [GC (Allocation Failure) [PSYoungGen: 171328K->1792K(172032K)] 376366K->208558K(521728K), 0.0278964 secs] [Times: user=0.23 sys=0.00, real=0.03 secs] 
2017-11-18T17:26:46.258+0300: 10.783: [GC (Allocation Failure) [PSYoungGen: 171264K->1824K(172032K)] 378030K->210318K(521728K), 0.0277856 secs] [Times: user=0.25 sys=0.00, real=0.03 secs] 
2017-11-18T17:26:46.360+0300: 10.885: [GC (Allocation Failure) [PSYoungGen: 171296K->1792K(172032K)] 379790K->212006K(521728K), 0.0284932 secs] [Times: user=0.20 sys=0.02, real=0.03 secs] 
2017-11-18T17:26:46.458+0300: 10.982: [GC (Allocation Failure) [PSYoungGen: 171264K->1856K(172032K)] 381478K->213790K(521728K), 0.0281554 secs] [Times: user=0.20 sys=0.00, real=0.03 secs] 
2017-11-18T17:26:46.557+0300: 11.082: [GC (Allocation Failure) [PSYoungGen: 171328K->1824K(172032K)] 383262K->215470K(521728K), 0.0286807 secs] [Times: user=0.13 sys=0.00, real=0.03 secs] 
2017-11-18T17:26:46.655+0300: 11.179: [GC (Allocation Failure) [PSYoungGen: 171296K->1824K(172032K)] 384942K->217198K(521728K), 0.0294127 secs] [Times: user=0.22 sys=0.00, real=0.03 secs] 
2017-11-18T17:26:46.753+0300: 11.278: [GC (Allocation Failure) [PSYoungGen: 171296K->1824K(172032K)] 386670K->218918K(521728K), 0.0283803 secs] [Times: user=0.25 sys=0.00, real=0.03 secs] 
2017-11-18T17:26:46.850+0300: 11.374: [GC (Allocation Failure) [PSYoungGen: 171296K->1856K(172544K)] 388390K->220678K(522240K), 0.0279272 secs] [Times: user=0.25 sys=0.00, real=0.03 secs] 
2017-11-18T17:26:46.947+0300: 11.471: [GC (Allocation Failure) [PSYoungGen: 172352K->1856K(172544K)] 391174K->222406K(522240K), 0.0276184 secs] [Times: user=0.13 sys=0.00, real=0.03 secs] 
2017-11-18T17:26:47.043+0300: 11.568: [GC (Allocation Failure) [PSYoungGen: 172352K->1856K(172544K)] 392902K->224150K(522240K), 0.0295708 secs] [Times: user=0.20 sys=0.00, real=0.03 secs] 
2017-11-18T17:26:47.141+0300: 11.666: [GC (Allocation Failure) [PSYoungGen: 172352K->1856K(172544K)] 394646K->225878K(522240K), 0.0298159 secs] [Times: user=0.22 sys=0.00, real=0.03 secs] 
2017-11-18T17:26:47.242+0300: 11.767: [GC (Allocation Failure) [PSYoungGen: 172352K->1856K(172544K)] 396374K->227614K(522240K), 0.0284663 secs] [Times: user=0.24 sys=0.00, real=0.03 secs] 
2017-11-18T17:26:47.343+0300: 11.867: [GC (Allocation Failure) [PSYoungGen: 172352K->1856K(172544K)] 398110K->229334K(522240K), 0.0299077 secs] [Times: user=0.19 sys=0.00, real=0.03 secs] 
2017-11-18T17:26:47.445+0300: 11.969: [GC (Allocation Failure) [PSYoungGen: 172352K->1856K(172544K)] 399830K->231062K(522240K), 0.0299319 secs] [Times: user=0.22 sys=0.03, real=0.03 secs] 
2017-11-18T17:26:47.544+0300: 12.068: [GC (Allocation Failure) [PSYoungGen: 172352K->1856K(172544K)] 401558K->232798K(522240K), 0.0303705 secs] [Times: user=0.25 sys=0.00, real=0.03 secs] 
2017-11-18T17:26:47.644+0300: 12.168: [GC (Allocation Failure) [PSYoungGen: 172352K->1856K(172544K)] 403294K->234534K(522240K), 0.0299783 secs] [Times: user=0.25 sys=0.00, real=0.03 secs] 
2017-11-18T17:26:47.744+0300: 12.268: [GC (Allocation Failure) [PSYoungGen: 172352K->1856K(172544K)] 405030K->236262K(522240K), 0.0307330 secs] [Times: user=0.14 sys=0.00, real=0.03 secs] 
2017-11-18T17:26:47.844+0300: 12.368: [GC (Allocation Failure) [PSYoungGen: 172352K->1888K(172544K)] 406758K->238030K(522240K), 0.0305449 secs] [Times: user=0.25 sys=0.00, real=0.03 secs] 
2017-11-18T17:26:47.943+0300: 12.468: [GC (Allocation Failure) [PSYoungGen: 172384K->1824K(172544K)] 408526K->239702K(522240K), 0.0294220 secs] [Times: user=0.25 sys=0.00, real=0.03 secs] 
2017-11-18T17:26:48.043+0300: 12.567: [GC (Allocation Failure) [PSYoungGen: 172320K->1792K(172544K)] 410198K->241414K(522240K), 0.0298362 secs] [Times: user=0.25 sys=0.00, real=0.03 secs] 
2017-11-18T17:26:48.142+0300: 12.666: [GC (Allocation Failure) [PSYoungGen: 172288K->1856K(172544K)] 411910K->243222K(522240K), 0.0288086 secs] [Times: user=0.25 sys=0.00, real=0.03 secs] 
2017-11-18T17:26:48.240+0300: 12.765: [GC (Allocation Failure) [PSYoungGen: 172352K->1792K(172544K)] 413718K->244894K(522240K), 0.0310644 secs] [Times: user=0.25 sys=0.00, real=0.03 secs] 
2017-11-18T17:26:48.345+0300: 12.869: [GC (Allocation Failure) [PSYoungGen: 172288K->1824K(172544K)] 415390K->246646K(522240K), 0.0313162 secs] [Times: user=0.20 sys=0.00, real=0.03 secs] 
2017-11-18T17:26:48.441+0300: 12.966: [GC (Allocation Failure) [PSYoungGen: 172320K->1312K(172544K)] 417142K->301945K(522240K), 0.0697053 secs] [Times: user=0.61 sys=0.01, real=0.07 secs] 
2017-11-18T17:26:48.581+0300: 13.105: [GC (Allocation Failure) [PSYoungGen: 171808K->1888K(172544K)] 472441K->303721K(522240K), 0.0294715 secs] [Times: user=0.25 sys=0.00, real=0.03 secs] 
2017-11-18T17:26:48.680+0300: 13.205: [GC (Allocation Failure) [PSYoungGen: 172384K->1856K(172544K)] 474217K->305433K(522240K), 0.0383797 secs] [Times: user=0.22 sys=0.00, real=0.04 secs] 
2017-11-18T17:26:48.788+0300: 13.313: [GC (Allocation Failure) [PSYoungGen: 172352K->1824K(172544K)] 475929K->307137K(522240K), 0.0362232 secs] [Times: user=0.34 sys=0.00, real=0.04 secs] 
2017-11-18T17:26:48.894+0300: 13.418: [GC (Allocation Failure) [PSYoungGen: 172320K->1856K(172544K)] 477633K->308905K(522240K), 0.0387462 secs] [Times: user=0.33 sys=0.02, real=0.04 secs] 
2017-11-18T17:26:49.002+0300: 13.526: [GC (Allocation Failure) [PSYoungGen: 172352K->1824K(172544K)] 479401K->310609K(522240K), 0.0397266 secs] [Times: user=0.34 sys=0.02, real=0.04 secs] 
2017-11-18T17:26:49.112+0300: 13.637: [GC (Allocation Failure) [PSYoungGen: 172320K->1824K(172544K)] 481105K->312345K(522240K), 0.0378192 secs] [Times: user=0.38 sys=0.00, real=0.04 secs] 
2017-11-18T17:26:49.220+0300: 13.745: [GC (Allocation Failure) [PSYoungGen: 172320K->1888K(172544K)] 482841K->314153K(522240K), 0.0387169 secs] [Times: user=0.36 sys=0.00, real=0.04 secs] 
2017-11-18T17:26:49.342+0300: 13.866: [GC (Allocation Failure) [PSYoungGen: 172384K->1888K(172544K)] 484649K->315889K(522240K), 0.0425149 secs] [Times: user=0.28 sys=0.00, real=0.04 secs] 
2017-11-18T17:26:49.460+0300: 13.984: [GC (Allocation Failure) [PSYoungGen: 172384K->1856K(172544K)] 486385K->317601K(522240K), 0.0384063 secs] [Times: user=0.34 sys=0.00, real=0.04 secs] 
2017-11-18T17:26:49.568+0300: 14.093: [GC (Allocation Failure) [PSYoungGen: 172352K->1824K(172544K)] 488097K->319305K(522240K), 0.0375128 secs] [Times: user=0.36 sys=0.00, real=0.04 secs] 
2017-11-18T17:26:49.676+0300: 14.200: [GC (Allocation Failure) [PSYoungGen: 172320K->1824K(172544K)] 489801K->321049K(522240K), 0.0403524 secs] [Times: user=0.38 sys=0.00, real=0.04 secs] 
2017-11-18T17:26:49.786+0300: 14.311: [GC (Allocation Failure) [PSYoungGen: 172320K->1824K(172544K)] 491545K->322793K(522240K), 0.0383021 secs] [Times: user=0.38 sys=0.00, real=0.04 secs] 
2017-11-18T17:26:49.895+0300: 14.419: [GC (Allocation Failure) [PSYoungGen: 172320K->1888K(172544K)] 493289K->324593K(522240K), 0.0387299 secs] [Times: user=0.34 sys=0.00, real=0.04 secs] 
2017-11-18T17:26:50.003+0300: 14.528: [GC (Allocation Failure) [PSYoungGen: 172384K->1856K(172544K)] 495089K->326305K(522240K), 0.0400366 secs] [Times: user=0.36 sys=0.00, real=0.04 secs] 
2017-11-18T17:26:50.114+0300: 14.638: [GC (Allocation Failure) [PSYoungGen: 172352K->1792K(172544K)] 496801K->327969K(522240K), 0.0368055 secs] [Times: user=0.38 sys=0.00, real=0.04 secs] 
2017-11-18T17:26:50.221+0300: 14.745: [GC (Allocation Failure) [PSYoungGen: 172288K->1856K(172544K)] 498465K->329769K(522240K), 0.0412534 secs] [Times: user=0.36 sys=0.00, real=0.04 secs] 
2017-11-18T17:26:50.334+0300: 14.858: [GC (Allocation Failure) [PSYoungGen: 172352K->1856K(172544K)] 500265K->331513K(522240K), 0.0441730 secs] [Times: user=0.31 sys=0.00, real=0.04 secs] 
2017-11-18T17:26:50.449+0300: 14.973: [GC (Allocation Failure) [PSYoungGen: 172352K->1888K(172544K)] 502009K->333289K(522240K), 0.0408338 secs] [Times: user=0.23 sys=0.00, real=0.04 secs] 
2017-11-18T17:26:50.559+0300: 15.083: [GC (Allocation Failure) [PSYoungGen: 172384K->1792K(172544K)] 503785K->334929K(522240K), 0.0409404 secs] [Times: user=0.20 sys=0.00, real=0.04 secs] 
2017-11-18T17:26:50.670+0300: 15.194: [GC (Allocation Failure) [PSYoungGen: 172288K->1792K(172544K)] 505425K->336665K(522240K), 0.0393158 secs] [Times: user=0.20 sys=0.00, real=0.04 secs] 
2017-11-18T17:26:50.779+0300: 15.303: [GC (Allocation Failure) [PSYoungGen: 172288K->1792K(172544K)] 507161K->338401K(522240K), 0.0386260 secs] [Times: user=0.22 sys=0.02, real=0.04 secs] 
2017-11-18T17:26:50.888+0300: 15.412: [GC (Allocation Failure) [PSYoungGen: 172288K->1824K(172544K)] 508897K->340161K(522240K), 0.0395878 secs] [Times: user=0.20 sys=0.00, real=0.04 secs] 
2017-11-18T17:26:50.997+0300: 15.522: [GC (Allocation Failure) [PSYoungGen: 172320K->1824K(172544K)] 510657K->341897K(522240K), 0.0384790 secs] [Times: user=0.20 sys=0.00, real=0.04 secs] 
2017-11-18T17:26:51.106+0300: 15.630: [GC (Allocation Failure) [PSYoungGen: 172320K->1824K(172544K)] 512393K->343633K(522240K), 0.0405429 secs] [Times: user=0.22 sys=0.00, real=0.04 secs] 
2017-11-18T17:26:51.217+0300: 15.741: [GC (Allocation Failure) [PSYoungGen: 172320K->1856K(172544K)] 514129K->345401K(522240K), 0.0412824 secs] [Times: user=0.36 sys=0.00, real=0.04 secs] 
2017-11-18T17:26:51.258+0300: 15.783: [Full GC (Ergonomics) [PSYoungGen: 1856K->0K(172544K)] [ParOldGen: 343545K->243118K(349696K)] 345401K->243118K(522240K), [Metaspace: 9066K->9066K(1056768K)], 3.3171752 secs] [Times: user=8.78 sys=0.00, real=3.32 secs] 
2017-11-18T17:26:54.651+0300: 19.175: [GC (Allocation Failure) [PSYoungGen: 170496K->1824K(172544K)] 413614K->244942K(522240K), 0.0221894 secs] [Times: user=0.11 sys=0.00, real=0.02 secs] 
2017-11-18T17:26:54.745+0300: 19.269: [GC (Allocation Failure) [PSYoungGen: 172320K->1888K(172544K)] 415438K->246750K(522240K), 0.0314934 secs] [Times: user=0.25 sys=0.00, real=0.03 secs] 
2017-11-18T17:26:54.846+0300: 19.370: [GC (Allocation Failure) [PSYoungGen: 172384K->1856K(172544K)] 417246K->248454K(522240K), 0.0317457 secs] [Times: user=0.25 sys=0.00, real=0.03 secs] 
2017-11-18T17:26:54.947+0300: 19.471: [GC (Allocation Failure) [PSYoungGen: 172352K->1824K(172544K)] 418950K->250158K(522240K), 0.0305588 secs] [Times: user=0.25 sys=0.00, real=0.03 secs] 
2017-11-18T17:26:55.046+0300: 19.571: [GC (Allocation Failure) [PSYoungGen: 172320K->1856K(172544K)] 420654K->251934K(522240K), 0.0316165 secs] [Times: user=0.23 sys=0.00, real=0.03 secs] 
2017-11-18T17:26:55.147+0300: 19.671: [GC (Allocation Failure) [PSYoungGen: 172352K->1824K(172544K)] 422430K->253638K(522240K), 0.0327470 secs] [Times: user=0.25 sys=0.00, real=0.03 secs] 
2017-11-18T17:26:55.249+0300: 19.773: [GC (Allocation Failure) [PSYoungGen: 172320K->1792K(172544K)] 424134K->255350K(522240K), 0.0313829 secs] [Times: user=0.14 sys=0.00, real=0.03 secs] 
2017-11-18T17:26:55.352+0300: 19.876: [GC (Allocation Failure) [PSYoungGen: 172288K->1792K(172544K)] 425846K->257078K(522240K), 0.0315851 secs] [Times: user=0.14 sys=0.00, real=0.03 secs] 
2017-11-18T17:26:55.453+0300: 19.977: [GC (Allocation Failure) [PSYoungGen: 172288K->1792K(172544K)] 427574K->258814K(522240K), 0.0308794 secs] [Times: user=0.25 sys=0.00, real=0.03 secs] 
2017-11-18T17:26:55.554+0300: 20.078: [GC (Allocation Failure) [PSYoungGen: 172288K->1856K(172544K)] 429310K->260622K(522240K), 0.0322803 secs] [Times: user=0.25 sys=0.00, real=0.03 secs] 
2017-11-18T17:26:55.659+0300: 20.183: [GC (Allocation Failure) [PSYoungGen: 172352K->1856K(172544K)] 431118K->262366K(522240K), 0.0329004 secs] [Times: user=0.23 sys=0.00, real=0.03 secs] 
2017-11-18T17:26:55.763+0300: 20.287: [GC (Allocation Failure) [PSYoungGen: 172352K->1856K(172544K)] 432862K->264094K(522240K), 0.0313711 secs] [Times: user=0.25 sys=0.00, real=0.03 secs] 
2017-11-18T17:26:55.865+0300: 20.389: [GC (Allocation Failure) [PSYoungGen: 172352K->1792K(172544K)] 434590K->265766K(522240K), 0.0320476 secs] [Times: user=0.25 sys=0.00, real=0.03 secs] 
2017-11-18T17:26:55.966+0300: 20.490: [GC (Allocation Failure) [PSYoungGen: 172288K->1888K(172544K)] 436262K->267598K(522240K), 0.0315637 secs] [Times: user=0.17 sys=0.00, real=0.03 secs] 
2017-11-18T17:26:56.067+0300: 20.591: [GC (Allocation Failure) [PSYoungGen: 172384K->1888K(172544K)] 438094K->269334K(522240K), 0.0327932 secs] [Times: user=0.25 sys=0.00, real=0.03 secs] 
2017-11-18T17:26:56.169+0300: 20.693: [GC (Allocation Failure) [PSYoungGen: 172384K->1824K(172544K)] 439830K->271006K(522240K), 0.0316027 secs] [Times: user=0.17 sys=0.00, real=0.03 secs] 
2017-11-18T17:26:56.269+0300: 20.794: [GC (Allocation Failure) [PSYoungGen: 172320K->1856K(172544K)] 441502K->272782K(522240K), 0.0319733 secs] [Times: user=0.25 sys=0.00, real=0.03 secs] 
2017-11-18T17:26:56.368+0300: 20.892: [GC (Allocation Failure) --[PSYoungGen: 172352K->172352K(172544K)] 443278K->445006K(522240K), 0.0547493 secs] [Times: user=0.16 sys=0.00, real=0.06 secs] 
2017-11-18T17:26:56.423+0300: 20.947: [Full GC (Ergonomics) [PSYoungGen: 172352K->0K(172544K)] [ParOldGen: 272654K->300037K(349696K)] 445006K->300037K(522240K), [Metaspace: 9109K->9109K(1058816K)], 1.5561619 secs] [Times: user=8.03 sys=0.05, real=1.56 secs] 
2017-11-18T17:26:58.054+0300: 22.579: [GC (Allocation Failure) [PSYoungGen: 170496K->1792K(172544K)] 470533K->301829K(522240K), 0.0267653 secs] [Times: user=0.22 sys=0.00, real=0.03 secs] 
2017-11-18T17:26:58.152+0300: 22.676: [GC (Allocation Failure) [PSYoungGen: 172288K->2048K(171520K)] 472325K->303493K(521216K), 0.0348160 secs] [Times: user=0.23 sys=0.00, real=0.03 secs] 
2017-11-18T17:26:58.256+0300: 22.781: [GC (Allocation Failure) [PSYoungGen: 171520K->1824K(172032K)] 472965K->305341K(521728K), 0.0368771 secs] [Times: user=0.38 sys=0.00, real=0.04 secs] 
2017-11-18T17:26:58.364+0300: 22.888: [GC (Allocation Failure) [PSYoungGen: 171296K->1856K(172032K)] 474813K->307109K(521728K), 0.0342983 secs] [Times: user=0.25 sys=0.00, real=0.03 secs] 
2017-11-18T17:26:58.467+0300: 22.991: [GC (Allocation Failure) [PSYoungGen: 171328K->1760K(172032K)] 476581K->308733K(521728K), 0.0345304 secs] [Times: user=0.19 sys=0.00, real=0.04 secs] 
2017-11-18T17:26:58.571+0300: 23.095: [GC (Allocation Failure) [PSYoungGen: 171232K->1888K(172032K)] 478205K->310589K(521728K), 0.0344371 secs] [Times: user=0.38 sys=0.00, real=0.03 secs] 
2017-11-18T17:26:58.674+0300: 23.199: [GC (Allocation Failure) [PSYoungGen: 171360K->1920K(172032K)] 480061K->312357K(521728K), 0.0350369 secs] [Times: user=0.25 sys=0.00, real=0.04 secs] 
2017-11-18T17:26:58.779+0300: 23.303: [GC (Allocation Failure) [PSYoungGen: 171392K->1856K(172032K)] 481829K->314013K(521728K), 0.0337724 secs] [Times: user=0.14 sys=0.00, real=0.03 secs] 
2017-11-18T17:26:58.880+0300: 23.405: [GC (Allocation Failure) [PSYoungGen: 171328K->1792K(172032K)] 483485K->315677K(521728K), 0.0352908 secs] [Times: user=0.38 sys=0.00, real=0.04 secs] 
2017-11-18T17:26:58.985+0300: 23.509: [GC (Allocation Failure) [PSYoungGen: 171264K->1824K(172032K)] 485149K->317445K(521728K), 0.0349995 secs] [Times: user=0.25 sys=0.00, real=0.04 secs] 
Heap
 PSYoungGen      total 172032K, used 69643K [0x00000000f5580000, 0x0000000100000000, 0x0000000100000000)
  eden space 169472K, 40% used [0x00000000f5580000,0x00000000f97bae00,0x00000000ffb00000)
  from space 2560K, 71% used [0x00000000ffd80000,0x00000000fff48000,0x0000000100000000)
  to   space 2560K, 0% used [0x00000000ffb00000,0x00000000ffb00000,0x00000000ffd80000)
 ParOldGen       total 349696K, used 315621K [0x00000000e0000000, 0x00000000f5580000, 0x00000000f5580000)
  object space 349696K, 90% used [0x00000000e0000000,0x00000000f3439578,0x00000000f5580000)
 Metaspace       used 9151K, capacity 9490K, committed 9728K, reserved 1058816K
  class space    used 1091K, capacity 1192K, committed 1280K, reserved 1048576K
