Java HotSpot(TM) 64-Bit Server VM (25.131-b11) for windows-amd64 JRE (1.8.0_131-b11), built on Mar 15 2017 01:23:53 by "java_re" with MS VC++ 10.0 (VS2010)
Memory: 4k page, physical 8342580k(2203608k free), swap 10043876k(2224512k free)
CommandLine flags: -XX:InitialHeapSize=536870912 -XX:MaxHeapSize=536870912 -XX:+PrintGC -XX:+PrintGCDateStamps -XX:+PrintGCDetails -XX:+PrintGCTimeStamps -XX:+UseCompressedClassPointers -XX:+UseCompressedOops -XX:+UseG1GC -XX:-UseLargePagesIndividualAllocation 
2017-11-18T17:25:49.035+0300: 5.129: [GC pause (G1 Evacuation Pause) (young), 0.0032097 secs]
   [Parallel Time: 2.1 ms, GC Workers: 8]
      [GC Worker Start (ms): Min: 5129.4, Avg: 5129.5, Max: 5129.5, Diff: 0.1]
      [Ext Root Scanning (ms): Min: 0.2, Avg: 0.4, Max: 1.1, Diff: 0.9, Sum: 3.2]
      [Update RS (ms): Min: 0.0, Avg: 0.0, Max: 0.0, Diff: 0.0, Sum: 0.0]
         [Processed Buffers: Min: 0, Avg: 0.0, Max: 0, Diff: 0, Sum: 0]
      [Scan RS (ms): Min: 0.0, Avg: 0.0, Max: 0.0, Diff: 0.0, Sum: 0.0]
      [Code Root Scanning (ms): Min: 0.0, Avg: 0.1, Max: 0.2, Diff: 0.2, Sum: 0.4]
      [Object Copy (ms): Min: 0.8, Avg: 1.4, Max: 1.5, Diff: 0.8, Sum: 10.8]
      [Termination (ms): Min: 0.0, Avg: 0.0, Max: 0.0, Diff: 0.0, Sum: 0.0]
         [Termination Attempts: Min: 1, Avg: 10.9, Max: 14, Diff: 13, Sum: 87]
      [GC Worker Other (ms): Min: 0.0, Avg: 0.0, Max: 0.1, Diff: 0.0, Sum: 0.3]
      [GC Worker Total (ms): Min: 1.8, Avg: 1.8, Max: 1.9, Diff: 0.1, Sum: 14.7]
      [GC Worker End (ms): Min: 5131.3, Avg: 5131.3, Max: 5131.3, Diff: 0.0]
   [Code Root Fixup: 0.0 ms]
   [Code Root Purge: 0.0 ms]
   [Clear CT: 0.3 ms]
   [Other: 0.7 ms]
      [Choose CSet: 0.0 ms]
      [Ref Proc: 0.2 ms]
      [Ref Enq: 0.0 ms]
      [Redirty Cards: 0.4 ms]
      [Humongous Register: 0.0 ms]
      [Humongous Reclaim: 0.0 ms]
      [Free CSet: 0.0 ms]
   [Eden: 25.0M(25.0M)->0.0B(39.0M) Survivors: 0.0B->3072.0K Heap: 25.0M(512.0M)->2184.0K(512.0M)]
 [Times: user=0.00 sys=0.00, real=0.00 secs] 
2017-11-18T17:25:49.056+0300: 5.150: [GC pause (G1 Evacuation Pause) (young), 0.0036679 secs]
   [Parallel Time: 2.7 ms, GC Workers: 8]
      [GC Worker Start (ms): Min: 5150.2, Avg: 5150.3, Max: 5150.3, Diff: 0.1]
      [Ext Root Scanning (ms): Min: 0.1, Avg: 0.3, Max: 1.1, Diff: 0.9, Sum: 2.3]
      [Update RS (ms): Min: 0.0, Avg: 0.0, Max: 0.0, Diff: 0.0, Sum: 0.0]
         [Processed Buffers: Min: 0, Avg: 0.0, Max: 0, Diff: 0, Sum: 0]
      [Scan RS (ms): Min: 0.0, Avg: 0.0, Max: 0.0, Diff: 0.0, Sum: 0.1]
      [Code Root Scanning (ms): Min: 0.0, Avg: 0.1, Max: 0.4, Diff: 0.4, Sum: 0.4]
      [Object Copy (ms): Min: 1.1, Avg: 1.7, Max: 1.9, Diff: 0.8, Sum: 13.7]
      [Termination (ms): Min: 0.0, Avg: 0.0, Max: 0.0, Diff: 0.0, Sum: 0.0]
         [Termination Attempts: Min: 1, Avg: 10.8, Max: 17, Diff: 16, Sum: 86]
      [GC Worker Other (ms): Min: 0.0, Avg: 0.1, Max: 0.5, Diff: 0.4, Sum: 0.6]
      [GC Worker Total (ms): Min: 2.0, Avg: 2.1, Max: 2.5, Diff: 0.4, Sum: 17.0]
      [GC Worker End (ms): Min: 5152.3, Avg: 5152.4, Max: 5152.8, Diff: 0.4]
   [Code Root Fixup: 0.0 ms]
   [Code Root Purge: 0.0 ms]
   [Clear CT: 0.3 ms]
   [Other: 0.6 ms]
      [Choose CSet: 0.0 ms]
      [Ref Proc: 0.3 ms]
      [Ref Enq: 0.0 ms]
      [Redirty Cards: 0.3 ms]
      [Humongous Register: 0.0 ms]
      [Humongous Reclaim: 0.0 ms]
      [Free CSet: 0.0 ms]
   [Eden: 39.0M(39.0M)->0.0B(302.0M) Survivors: 3072.0K->5120.0K Heap: 41.1M(512.0M)->4338.1K(512.0M)]
 [Times: user=0.00 sys=0.00, real=0.00 secs] 
2017-11-18T17:25:49.281+0300: 5.376: [GC pause (G1 Evacuation Pause) (young), 0.0114082 secs]
   [Parallel Time: 9.6 ms, GC Workers: 8]
      [GC Worker Start (ms): Min: 5376.1, Avg: 5376.2, Max: 5376.3, Diff: 0.1]
      [Ext Root Scanning (ms): Min: 0.1, Avg: 0.3, Max: 1.2, Diff: 1.0, Sum: 2.5]
      [Update RS (ms): Min: 1.3, Avg: 2.0, Max: 2.4, Diff: 1.0, Sum: 16.3]
         [Processed Buffers: Min: 1, Avg: 1.1, Max: 2, Diff: 1, Sum: 9]
      [Scan RS (ms): Min: 0.0, Avg: 0.2, Max: 0.9, Diff: 0.9, Sum: 1.9]
      [Code Root Scanning (ms): Min: 0.0, Avg: 0.1, Max: 0.2, Diff: 0.2, Sum: 0.4]
      [Object Copy (ms): Min: 6.5, Avg: 6.8, Max: 6.9, Diff: 0.4, Sum: 54.1]
      [Termination (ms): Min: 0.0, Avg: 0.0, Max: 0.1, Diff: 0.1, Sum: 0.3]
         [Termination Attempts: Min: 1, Avg: 356.4, Max: 469, Diff: 468, Sum: 2851]
      [GC Worker Other (ms): Min: 0.0, Avg: 0.0, Max: 0.1, Diff: 0.0, Sum: 0.3]
      [GC Worker Total (ms): Min: 9.4, Avg: 9.5, Max: 9.5, Diff: 0.1, Sum: 75.8]
      [GC Worker End (ms): Min: 5385.7, Avg: 5385.7, Max: 5385.7, Diff: 0.0]
   [Code Root Fixup: 0.1 ms]
   [Code Root Purge: 0.0 ms]
   [Clear CT: 0.5 ms]
   [Other: 1.3 ms]
      [Choose CSet: 0.0 ms]
      [Ref Proc: 0.3 ms]
      [Ref Enq: 0.0 ms]
      [Redirty Cards: 0.7 ms]
      [Humongous Register: 0.0 ms]
      [Humongous Reclaim: 0.0 ms]
      [Free CSet: 0.2 ms]
   [Eden: 302.0M(302.0M)->0.0B(299.0M) Survivors: 5120.0K->8192.0K Heap: 307.8M(512.0M)->9014.6K(512.0M)]
 [Times: user=0.13 sys=0.00, real=0.01 secs] 
2017-11-18T17:25:49.497+0300: 5.592: [GC pause (G1 Evacuation Pause) (young), 0.0166663 secs]
   [Parallel Time: 15.4 ms, GC Workers: 8]
      [GC Worker Start (ms): Min: 5592.3, Avg: 5592.4, Max: 5592.4, Diff: 0.1]
      [Ext Root Scanning (ms): Min: 0.2, Avg: 0.3, Max: 0.8, Diff: 0.6, Sum: 2.1]
      [Update RS (ms): Min: 0.3, Avg: 1.9, Max: 2.8, Diff: 2.5, Sum: 15.0]
         [Processed Buffers: Min: 1, Avg: 1.3, Max: 3, Diff: 2, Sum: 10]
      [Scan RS (ms): Min: 1.4, Avg: 2.2, Max: 3.4, Diff: 2.0, Sum: 17.4]
      [Code Root Scanning (ms): Min: 0.0, Avg: 0.1, Max: 0.3, Diff: 0.3, Sum: 0.5]
      [Object Copy (ms): Min: 10.8, Avg: 10.9, Max: 11.0, Diff: 0.2, Sum: 87.3]
      [Termination (ms): Min: 0.0, Avg: 0.0, Max: 0.0, Diff: 0.0, Sum: 0.1]
         [Termination Attempts: Min: 1, Avg: 109.9, Max: 158, Diff: 157, Sum: 879]
      [GC Worker Other (ms): Min: 0.0, Avg: 0.0, Max: 0.0, Diff: 0.0, Sum: 0.3]
      [GC Worker Total (ms): Min: 15.3, Avg: 15.3, Max: 15.4, Diff: 0.1, Sum: 122.6]
      [GC Worker End (ms): Min: 5607.7, Avg: 5607.7, Max: 5607.7, Diff: 0.0]
   [Code Root Fixup: 0.1 ms]
   [Code Root Purge: 0.0 ms]
   [Clear CT: 0.5 ms]
   [Other: 0.7 ms]
      [Choose CSet: 0.0 ms]
      [Ref Proc: 0.1 ms]
      [Ref Enq: 0.0 ms]
      [Redirty Cards: 0.2 ms]
      [Humongous Register: 0.0 ms]
      [Humongous Reclaim: 0.0 ms]
      [Free CSet: 0.2 ms]
   [Eden: 299.0M(299.0M)->0.0B(296.0M) Survivors: 8192.0K->11.0M Heap: 311.2M(512.0M)->15.5M(512.0M)]
 [Times: user=0.13 sys=0.00, real=0.02 secs] 
2017-11-18T17:25:49.725+0300: 5.820: [GC pause (G1 Evacuation Pause) (young), 0.0229761 secs]
   [Parallel Time: 21.7 ms, GC Workers: 8]
      [GC Worker Start (ms): Min: 5819.8, Avg: 5819.8, Max: 5819.9, Diff: 0.1]
      [Ext Root Scanning (ms): Min: 0.2, Avg: 0.3, Max: 0.8, Diff: 0.7, Sum: 2.1]
      [Update RS (ms): Min: 0.0, Avg: 1.6, Max: 2.8, Diff: 2.8, Sum: 12.6]
         [Processed Buffers: Min: 0, Avg: 1.4, Max: 3, Diff: 3, Sum: 11]
      [Scan RS (ms): Min: 2.4, Avg: 3.5, Max: 4.8, Diff: 2.4, Sum: 28.3]
      [Code Root Scanning (ms): Min: 0.0, Avg: 0.1, Max: 0.2, Diff: 0.2, Sum: 0.5]
      [Object Copy (ms): Min: 16.1, Avg: 16.1, Max: 16.2, Diff: 0.2, Sum: 129.2]
      [Termination (ms): Min: 0.0, Avg: 0.0, Max: 0.0, Diff: 0.0, Sum: 0.2]
         [Termination Attempts: Min: 1, Avg: 135.6, Max: 195, Diff: 194, Sum: 1085]
      [GC Worker Other (ms): Min: 0.0, Avg: 0.0, Max: 0.0, Diff: 0.0, Sum: 0.1]
      [GC Worker Total (ms): Min: 21.6, Avg: 21.6, Max: 21.7, Diff: 0.1, Sum: 172.9]
      [GC Worker End (ms): Min: 5841.5, Avg: 5841.5, Max: 5841.5, Diff: 0.0]
   [Code Root Fixup: 0.1 ms]
   [Code Root Purge: 0.0 ms]
   [Clear CT: 0.3 ms]
   [Other: 0.8 ms]
      [Choose CSet: 0.0 ms]
      [Ref Proc: 0.2 ms]
      [Ref Enq: 0.0 ms]
      [Redirty Cards: 0.3 ms]
      [Humongous Register: 0.0 ms]
      [Humongous Reclaim: 0.0 ms]
      [Free CSet: 0.2 ms]
   [Eden: 296.0M(296.0M)->0.0B(293.0M) Survivors: 11.0M->14.0M Heap: 314.6M(512.0M)->22.1M(512.0M)]
 [Times: user=0.23 sys=0.00, real=0.02 secs] 
2017-11-18T17:25:49.953+0300: 6.048: [GC pause (G1 Evacuation Pause) (young), 0.0312766 secs]
   [Parallel Time: 29.9 ms, GC Workers: 8]
      [GC Worker Start (ms): Min: 6048.3, Avg: 6048.4, Max: 6048.4, Diff: 0.1]
      [Ext Root Scanning (ms): Min: 0.1, Avg: 0.2, Max: 0.8, Diff: 0.6, Sum: 1.7]
      [Update RS (ms): Min: 0.0, Avg: 0.5, Max: 1.8, Diff: 1.8, Sum: 3.6]
         [Processed Buffers: Min: 0, Avg: 1.6, Max: 2, Diff: 2, Sum: 13]
      [Scan RS (ms): Min: 5.4, Avg: 6.7, Max: 7.1, Diff: 1.7, Sum: 53.6]
      [Code Root Scanning (ms): Min: 0.0, Avg: 0.1, Max: 0.1, Diff: 0.1, Sum: 0.4]
      [Object Copy (ms): Min: 22.1, Avg: 22.3, Max: 22.5, Diff: 0.3, Sum: 178.3]
      [Termination (ms): Min: 0.0, Avg: 0.1, Max: 0.1, Diff: 0.1, Sum: 0.7]
         [Termination Attempts: Min: 1, Avg: 711.6, Max: 867, Diff: 866, Sum: 5693]
      [GC Worker Other (ms): Min: 0.0, Avg: 0.0, Max: 0.0, Diff: 0.0, Sum: 0.2]
      [GC Worker Total (ms): Min: 29.8, Avg: 29.8, Max: 29.9, Diff: 0.1, Sum: 238.5]
      [GC Worker End (ms): Min: 6078.2, Avg: 6078.2, Max: 6078.2, Diff: 0.0]
   [Code Root Fixup: 0.1 ms]
   [Code Root Purge: 0.0 ms]
   [Clear CT: 0.2 ms]
   [Other: 1.1 ms]
      [Choose CSet: 0.0 ms]
      [Ref Proc: 0.2 ms]
      [Ref Enq: 0.0 ms]
      [Redirty Cards: 0.1 ms]
      [Humongous Register: 0.0 ms]
      [Humongous Reclaim: 0.0 ms]
      [Free CSet: 0.7 ms]
   [Eden: 293.0M(293.0M)->0.0B(290.0M) Survivors: 14.0M->17.0M Heap: 319.7M(512.0M)->29.2M(512.0M)]
 [Times: user=0.19 sys=0.05, real=0.03 secs] 
2017-11-18T17:25:50.188+0300: 6.283: [GC pause (G1 Evacuation Pause) (young), 0.0425683 secs]
   [Parallel Time: 41.3 ms, GC Workers: 8]
      [GC Worker Start (ms): Min: 6282.9, Avg: 6282.9, Max: 6283.1, Diff: 0.2]
      [Ext Root Scanning (ms): Min: 0.0, Avg: 0.3, Max: 1.0, Diff: 1.0, Sum: 2.0]
      [Update RS (ms): Min: 0.0, Avg: 2.6, Max: 3.3, Diff: 3.3, Sum: 21.2]
         [Processed Buffers: Min: 0, Avg: 2.3, Max: 4, Diff: 4, Sum: 18]
      [Scan RS (ms): Min: 5.6, Avg: 8.0, Max: 16.3, Diff: 10.7, Sum: 64.0]
      [Code Root Scanning (ms): Min: 0.0, Avg: 0.1, Max: 0.2, Diff: 0.2, Sum: 0.5]
      [Object Copy (ms): Min: 21.4, Avg: 30.2, Max: 35.2, Diff: 13.8, Sum: 241.6]
      [Termination (ms): Min: 0.0, Avg: 0.0, Max: 0.1, Diff: 0.1, Sum: 0.3]
         [Termination Attempts: Min: 1, Avg: 381.8, Max: 549, Diff: 548, Sum: 3054]
      [GC Worker Other (ms): Min: 0.0, Avg: 0.0, Max: 0.0, Diff: 0.0, Sum: 0.2]
      [GC Worker Total (ms): Min: 41.1, Avg: 41.2, Max: 41.3, Diff: 0.2, Sum: 329.8]
      [GC Worker End (ms): Min: 6324.1, Avg: 6324.1, Max: 6324.2, Diff: 0.0]
   [Code Root Fixup: 0.1 ms]
   [Code Root Purge: 0.0 ms]
   [Clear CT: 0.2 ms]
   [Other: 1.0 ms]
      [Choose CSet: 0.0 ms]
      [Ref Proc: 0.3 ms]
      [Ref Enq: 0.0 ms]
      [Redirty Cards: 0.1 ms]
      [Humongous Register: 0.0 ms]
      [Humongous Reclaim: 0.0 ms]
      [Free CSet: 0.4 ms]
   [Eden: 290.0M(290.0M)->0.0B(288.0M) Survivors: 17.0M->19.0M Heap: 319.2M(512.0M)->31.7M(512.0M)]
 [Times: user=0.31 sys=0.02, real=0.04 secs] 
2017-11-18T17:25:50.456+0300: 6.550: [GC pause (G1 Evacuation Pause) (young), 0.0357221 secs]
   [Parallel Time: 34.6 ms, GC Workers: 8]
      [GC Worker Start (ms): Min: 6550.2, Avg: 6550.2, Max: 6550.2, Diff: 0.0]
      [Ext Root Scanning (ms): Min: 0.2, Avg: 0.3, Max: 1.1, Diff: 0.9, Sum: 2.3]
      [Update RS (ms): Min: 2.0, Avg: 3.0, Max: 3.7, Diff: 1.7, Sum: 24.0]
         [Processed Buffers: Min: 1, Avg: 2.4, Max: 4, Diff: 3, Sum: 19]
      [Scan RS (ms): Min: 6.4, Avg: 6.9, Max: 8.1, Diff: 1.7, Sum: 54.8]
      [Code Root Scanning (ms): Min: 0.0, Avg: 0.1, Max: 0.4, Diff: 0.4, Sum: 1.0]
      [Object Copy (ms): Min: 24.1, Avg: 24.2, Max: 24.3, Diff: 0.1, Sum: 193.6]
      [Termination (ms): Min: 0.0, Avg: 0.1, Max: 0.1, Diff: 0.1, Sum: 0.5]
         [Termination Attempts: Min: 1, Avg: 600.3, Max: 740, Diff: 739, Sum: 4802]
      [GC Worker Other (ms): Min: 0.0, Avg: 0.0, Max: 0.0, Diff: 0.0, Sum: 0.2]
      [GC Worker Total (ms): Min: 34.5, Avg: 34.6, Max: 34.6, Diff: 0.1, Sum: 276.5]
      [GC Worker End (ms): Min: 6584.8, Avg: 6584.8, Max: 6584.8, Diff: 0.0]
   [Code Root Fixup: 0.1 ms]
   [Code Root Purge: 0.0 ms]
   [Clear CT: 0.3 ms]
   [Other: 0.7 ms]
      [Choose CSet: 0.0 ms]
      [Ref Proc: 0.1 ms]
      [Ref Enq: 0.0 ms]
      [Redirty Cards: 0.1 ms]
      [Humongous Register: 0.0 ms]
      [Humongous Reclaim: 0.0 ms]
      [Free CSet: 0.3 ms]
   [Eden: 288.0M(288.0M)->0.0B(284.0M) Survivors: 19.0M->23.0M Heap: 319.7M(512.0M)->35.2M(512.0M)]
 [Times: user=0.17 sys=0.05, real=0.03 secs] 
2017-11-18T17:25:50.724+0300: 6.819: [GC pause (G1 Evacuation Pause) (young), 0.0571503 secs]
   [Parallel Time: 56.0 ms, GC Workers: 8]
      [GC Worker Start (ms): Min: 6818.6, Avg: 6818.6, Max: 6818.7, Diff: 0.1]
      [Ext Root Scanning (ms): Min: 0.2, Avg: 0.3, Max: 1.3, Diff: 1.1, Sum: 2.6]
      [Update RS (ms): Min: 0.0, Avg: 1.9, Max: 2.8, Diff: 2.8, Sum: 15.0]
         [Processed Buffers: Min: 0, Avg: 2.4, Max: 4, Diff: 4, Sum: 19]
      [Scan RS (ms): Min: 9.7, Avg: 10.6, Max: 12.3, Diff: 2.6, Sum: 85.0]
      [Code Root Scanning (ms): Min: 0.0, Avg: 0.1, Max: 0.5, Diff: 0.5, Sum: 0.9]
      [Object Copy (ms): Min: 42.6, Avg: 42.8, Max: 43.0, Diff: 0.4, Sum: 342.6]
      [Termination (ms): Min: 0.0, Avg: 0.1, Max: 0.2, Diff: 0.2, Sum: 0.8]
         [Termination Attempts: Min: 1, Avg: 847.0, Max: 1027, Diff: 1026, Sum: 6776]
      [GC Worker Other (ms): Min: 0.0, Avg: 0.0, Max: 0.0, Diff: 0.0, Sum: 0.2]
      [GC Worker Total (ms): Min: 55.9, Avg: 55.9, Max: 55.9, Diff: 0.1, Sum: 447.1]
      [GC Worker End (ms): Min: 6874.5, Avg: 6874.5, Max: 6874.5, Diff: 0.0]
   [Code Root Fixup: 0.1 ms]
   [Code Root Purge: 0.0 ms]
   [Clear CT: 0.2 ms]
   [Other: 0.8 ms]
      [Choose CSet: 0.0 ms]
      [Ref Proc: 0.2 ms]
      [Ref Enq: 0.0 ms]
      [Redirty Cards: 0.2 ms]
      [Humongous Register: 0.0 ms]
      [Humongous Reclaim: 0.0 ms]
      [Free CSet: 0.3 ms]
   [Eden: 284.0M(284.0M)->0.0B(283.0M) Survivors: 23.0M->24.0M Heap: 326.1M(512.0M)->45.1M(512.0M)]
 [Times: user=0.39 sys=0.03, real=0.06 secs] 
2017-11-18T17:25:51.008+0300: 7.102: [GC pause (G1 Evacuation Pause) (young), 0.0481220 secs]
   [Parallel Time: 47.3 ms, GC Workers: 8]
      [GC Worker Start (ms): Min: 7102.5, Avg: 7102.6, Max: 7102.7, Diff: 0.1]
      [Ext Root Scanning (ms): Min: 0.2, Avg: 0.2, Max: 0.3, Diff: 0.2, Sum: 1.6]
      [Update RS (ms): Min: 2.2, Avg: 3.2, Max: 3.7, Diff: 1.6, Sum: 25.5]
         [Processed Buffers: Min: 2, Avg: 2.8, Max: 4, Diff: 2, Sum: 22]
      [Scan RS (ms): Min: 9.2, Avg: 9.9, Max: 10.8, Diff: 1.6, Sum: 79.0]
      [Code Root Scanning (ms): Min: 0.0, Avg: 0.0, Max: 0.0, Diff: 0.0, Sum: 0.1]
      [Object Copy (ms): Min: 33.7, Avg: 33.8, Max: 33.8, Diff: 0.1, Sum: 270.3]
      [Termination (ms): Min: 0.0, Avg: 0.1, Max: 0.1, Diff: 0.1, Sum: 0.5]
         [Termination Attempts: Min: 1, Avg: 499.0, Max: 654, Diff: 653, Sum: 3992]
      [GC Worker Other (ms): Min: 0.0, Avg: 0.0, Max: 0.0, Diff: 0.0, Sum: 0.2]
      [GC Worker Total (ms): Min: 47.1, Avg: 47.1, Max: 47.2, Diff: 0.1, Sum: 377.2]
      [GC Worker End (ms): Min: 7149.7, Avg: 7149.8, Max: 7149.8, Diff: 0.0]
   [Code Root Fixup: 0.0 ms]
   [Code Root Purge: 0.0 ms]
   [Clear CT: 0.2 ms]
   [Other: 0.6 ms]
      [Choose CSet: 0.0 ms]
      [Ref Proc: 0.1 ms]
      [Ref Enq: 0.0 ms]
      [Redirty Cards: 0.1 ms]
      [Humongous Register: 0.0 ms]
      [Humongous Reclaim: 0.0 ms]
      [Free CSet: 0.2 ms]
   [Eden: 283.0M(283.0M)->0.0B(284.0M) Survivors: 24.0M->23.0M Heap: 328.1M(512.0M)->48.3M(512.0M)]
 [Times: user=0.38 sys=0.00, real=0.05 secs] 
2017-11-18T17:25:51.278+0300: 7.373: [GC pause (G1 Evacuation Pause) (young), 0.0410065 secs]
   [Parallel Time: 40.0 ms, GC Workers: 8]
      [GC Worker Start (ms): Min: 7373.2, Avg: 7373.3, Max: 7373.3, Diff: 0.1]
      [Ext Root Scanning (ms): Min: 0.2, Avg: 0.2, Max: 0.3, Diff: 0.2, Sum: 1.7]
      [Update RS (ms): Min: 2.0, Avg: 3.2, Max: 3.9, Diff: 1.9, Sum: 25.7]
         [Processed Buffers: Min: 2, Avg: 2.9, Max: 4, Diff: 2, Sum: 23]
      [Scan RS (ms): Min: 5.9, Avg: 6.6, Max: 7.8, Diff: 1.8, Sum: 52.8]
      [Code Root Scanning (ms): Min: 0.0, Avg: 0.0, Max: 0.0, Diff: 0.0, Sum: 0.1]
      [Object Copy (ms): Min: 29.5, Avg: 29.7, Max: 29.8, Diff: 0.2, Sum: 237.3]
      [Termination (ms): Min: 0.0, Avg: 0.1, Max: 0.1, Diff: 0.1, Sum: 0.6]
         [Termination Attempts: Min: 1, Avg: 674.0, Max: 796, Diff: 795, Sum: 5392]
      [GC Worker Other (ms): Min: 0.0, Avg: 0.0, Max: 0.0, Diff: 0.0, Sum: 0.2]
      [GC Worker Total (ms): Min: 39.8, Avg: 39.8, Max: 39.9, Diff: 0.1, Sum: 318.4]
      [GC Worker End (ms): Min: 7413.1, Avg: 7413.1, Max: 7413.1, Diff: 0.0]
   [Code Root Fixup: 0.0 ms]
   [Code Root Purge: 0.0 ms]
   [Clear CT: 0.2 ms]
   [Other: 0.8 ms]
      [Choose CSet: 0.0 ms]
      [Ref Proc: 0.2 ms]
      [Ref Enq: 0.0 ms]
      [Redirty Cards: 0.3 ms]
      [Humongous Register: 0.0 ms]
      [Humongous Reclaim: 0.0 ms]
      [Free CSet: 0.2 ms]
   [Eden: 284.0M(284.0M)->0.0B(284.0M) Survivors: 23.0M->23.0M Heap: 332.3M(512.0M)->54.5M(512.0M)]
 [Times: user=0.25 sys=0.00, real=0.04 secs] 
2017-11-18T17:25:51.551+0300: 7.646: [GC pause (G1 Evacuation Pause) (young), 0.0420558 secs]
   [Parallel Time: 40.8 ms, GC Workers: 8]
      [GC Worker Start (ms): Min: 7645.9, Avg: 7646.0, Max: 7646.0, Diff: 0.1]
      [Ext Root Scanning (ms): Min: 0.2, Avg: 0.2, Max: 0.3, Diff: 0.1, Sum: 1.6]
      [Update RS (ms): Min: 0.9, Avg: 1.9, Max: 3.5, Diff: 2.6, Sum: 15.2]
         [Processed Buffers: Min: 2, Avg: 2.9, Max: 3, Diff: 1, Sum: 23]
      [Scan RS (ms): Min: 7.4, Avg: 8.9, Max: 10.0, Diff: 2.7, Sum: 71.3]
      [Code Root Scanning (ms): Min: 0.0, Avg: 0.0, Max: 0.0, Diff: 0.0, Sum: 0.1]
      [Object Copy (ms): Min: 29.5, Avg: 29.6, Max: 29.7, Diff: 0.2, Sum: 236.4]
      [Termination (ms): Min: 0.0, Avg: 0.1, Max: 0.1, Diff: 0.1, Sum: 0.5]
         [Termination Attempts: Min: 1, Avg: 484.4, Max: 616, Diff: 615, Sum: 3875]
      [GC Worker Other (ms): Min: 0.0, Avg: 0.0, Max: 0.0, Diff: 0.0, Sum: 0.2]
      [GC Worker Total (ms): Min: 40.6, Avg: 40.6, Max: 40.7, Diff: 0.1, Sum: 325.2]
      [GC Worker End (ms): Min: 7686.6, Avg: 7686.6, Max: 7686.7, Diff: 0.0]
   [Code Root Fixup: 0.0 ms]
   [Code Root Purge: 0.0 ms]
   [Clear CT: 0.4 ms]
   [Other: 0.9 ms]
      [Choose CSet: 0.0 ms]
      [Ref Proc: 0.1 ms]
      [Ref Enq: 0.0 ms]
      [Redirty Cards: 0.3 ms]
      [Humongous Register: 0.0 ms]
      [Humongous Reclaim: 0.0 ms]
      [Free CSet: 0.4 ms]
   [Eden: 284.0M(284.0M)->0.0B(285.0M) Survivors: 23.0M->22.0M Heap: 348.9M(512.0M)->70.5M(512.0M)]
 [Times: user=0.34 sys=0.03, real=0.04 secs] 
2017-11-18T17:25:51.829+0300: 7.923: [GC pause (G1 Evacuation Pause) (young), 0.0403128 secs]
   [Parallel Time: 39.0 ms, GC Workers: 8]
      [GC Worker Start (ms): Min: 7923.3, Avg: 7923.3, Max: 7923.4, Diff: 0.1]
      [Ext Root Scanning (ms): Min: 0.2, Avg: 0.2, Max: 0.4, Diff: 0.3, Sum: 1.8]
      [Update RS (ms): Min: 2.2, Avg: 3.5, Max: 4.2, Diff: 2.0, Sum: 28.2]
         [Processed Buffers: Min: 2, Avg: 3.3, Max: 4, Diff: 2, Sum: 26]
      [Scan RS (ms): Min: 5.9, Avg: 6.5, Max: 7.6, Diff: 1.8, Sum: 51.6]
      [Code Root Scanning (ms): Min: 0.0, Avg: 0.0, Max: 0.0, Diff: 0.0, Sum: 0.1]
      [Object Copy (ms): Min: 28.3, Avg: 28.4, Max: 28.5, Diff: 0.2, Sum: 227.4]
      [Termination (ms): Min: 0.0, Avg: 0.1, Max: 0.2, Diff: 0.2, Sum: 0.9]
         [Termination Attempts: Min: 1, Avg: 1016.3, Max: 1329, Diff: 1328, Sum: 8130]
      [GC Worker Other (ms): Min: 0.0, Avg: 0.0, Max: 0.1, Diff: 0.1, Sum: 0.3]
      [GC Worker Total (ms): Min: 38.7, Avg: 38.8, Max: 38.9, Diff: 0.2, Sum: 310.3]
      [GC Worker End (ms): Min: 7962.1, Avg: 7962.1, Max: 7962.2, Diff: 0.1]
   [Code Root Fixup: 0.0 ms]
   [Code Root Purge: 0.0 ms]
   [Clear CT: 0.4 ms]
   [Other: 0.9 ms]
      [Choose CSet: 0.0 ms]
      [Ref Proc: 0.2 ms]
      [Ref Enq: 0.0 ms]
      [Redirty Cards: 0.3 ms]
      [Humongous Register: 0.0 ms]
      [Humongous Reclaim: 0.0 ms]
      [Free CSet: 0.3 ms]
   [Eden: 285.0M(285.0M)->0.0B(285.0M) Survivors: 22.0M->22.0M Heap: 355.5M(512.0M)->75.9M(512.0M)]
 [Times: user=0.30 sys=0.06, real=0.04 secs] 
2017-11-18T17:25:52.095+0300: 8.190: [GC pause (G1 Evacuation Pause) (young), 0.0366093 secs]
   [Parallel Time: 35.5 ms, GC Workers: 8]
      [GC Worker Start (ms): Min: 8190.0, Avg: 8190.0, Max: 8190.1, Diff: 0.1]
      [Ext Root Scanning (ms): Min: 0.2, Avg: 0.2, Max: 0.3, Diff: 0.2, Sum: 1.6]
      [Update RS (ms): Min: 2.4, Avg: 3.6, Max: 4.2, Diff: 1.8, Sum: 28.6]
         [Processed Buffers: Min: 3, Avg: 3.3, Max: 5, Diff: 2, Sum: 26]
      [Scan RS (ms): Min: 4.6, Avg: 5.3, Max: 6.6, Diff: 2.0, Sum: 42.1]
      [Code Root Scanning (ms): Min: 0.0, Avg: 0.0, Max: 0.0, Diff: 0.0, Sum: 0.1]
      [Object Copy (ms): Min: 25.9, Avg: 26.0, Max: 26.1, Diff: 0.3, Sum: 208.3]
      [Termination (ms): Min: 0.0, Avg: 0.1, Max: 0.1, Diff: 0.1, Sum: 0.8]
         [Termination Attempts: Min: 1, Avg: 876.4, Max: 1066, Diff: 1065, Sum: 7011]
      [GC Worker Other (ms): Min: 0.0, Avg: 0.0, Max: 0.0, Diff: 0.0, Sum: 0.2]
      [GC Worker Total (ms): Min: 35.2, Avg: 35.2, Max: 35.3, Diff: 0.1, Sum: 281.8]
      [GC Worker End (ms): Min: 8225.3, Avg: 8225.3, Max: 8225.3, Diff: 0.0]
   [Code Root Fixup: 0.0 ms]
   [Code Root Purge: 0.0 ms]
   [Clear CT: 0.5 ms]
   [Other: 0.6 ms]
      [Choose CSet: 0.0 ms]
      [Ref Proc: 0.1 ms]
      [Ref Enq: 0.0 ms]
      [Redirty Cards: 0.2 ms]
      [Humongous Register: 0.0 ms]
      [Humongous Reclaim: 0.0 ms]
      [Free CSet: 0.2 ms]
   [Eden: 285.0M(285.0M)->0.0B(285.0M) Survivors: 22.0M->22.0M Heap: 360.9M(512.0M)->82.4M(512.0M)]
 [Times: user=0.13 sys=0.09, real=0.04 secs] 
2017-11-18T17:25:52.355+0300: 8.450: [GC pause (G1 Evacuation Pause) (young), 0.0338410 secs]
   [Parallel Time: 32.8 ms, GC Workers: 8]
      [GC Worker Start (ms): Min: 8449.7, Avg: 8449.8, Max: 8449.8, Diff: 0.1]
      [Ext Root Scanning (ms): Min: 0.2, Avg: 0.2, Max: 0.4, Diff: 0.2, Sum: 1.7]
      [Update RS (ms): Min: 2.5, Avg: 3.6, Max: 4.2, Diff: 1.8, Sum: 28.8]
         [Processed Buffers: Min: 2, Avg: 3.4, Max: 5, Diff: 3, Sum: 27]
      [Scan RS (ms): Min: 3.3, Avg: 3.9, Max: 5.1, Diff: 1.8, Sum: 31.6]
      [Code Root Scanning (ms): Min: 0.0, Avg: 0.0, Max: 0.0, Diff: 0.0, Sum: 0.1]
      [Object Copy (ms): Min: 24.8, Avg: 24.9, Max: 24.9, Diff: 0.1, Sum: 198.8]
      [Termination (ms): Min: 0.0, Avg: 0.0, Max: 0.1, Diff: 0.1, Sum: 0.4]
         [Termination Attempts: Min: 1, Avg: 403.3, Max: 516, Diff: 515, Sum: 3226]
      [GC Worker Other (ms): Min: 0.0, Avg: 0.0, Max: 0.0, Diff: 0.0, Sum: 0.2]
      [GC Worker Total (ms): Min: 32.7, Avg: 32.7, Max: 32.8, Diff: 0.1, Sum: 261.6]
      [GC Worker End (ms): Min: 8482.5, Avg: 8482.5, Max: 8482.5, Diff: 0.0]
   [Code Root Fixup: 0.0 ms]
   [Code Root Purge: 0.0 ms]
   [Clear CT: 0.3 ms]
   [Other: 0.7 ms]
      [Choose CSet: 0.0 ms]
      [Ref Proc: 0.1 ms]
      [Ref Enq: 0.0 ms]
      [Redirty Cards: 0.2 ms]
      [Humongous Register: 0.0 ms]
      [Humongous Reclaim: 0.0 ms]
      [Free CSet: 0.2 ms]
   [Eden: 285.0M(285.0M)->0.0B(285.0M) Survivors: 22.0M->22.0M Heap: 367.4M(512.0M)->88.4M(512.0M)]
 [Times: user=0.19 sys=0.05, real=0.03 secs] 
2017-11-18T17:25:52.610+0300: 8.705: [GC pause (G1 Evacuation Pause) (young), 0.0291956 secs]
   [Parallel Time: 28.4 ms, GC Workers: 8]
      [GC Worker Start (ms): Min: 8705.1, Avg: 8705.1, Max: 8705.1, Diff: 0.1]
      [Ext Root Scanning (ms): Min: 0.2, Avg: 0.2, Max: 0.4, Diff: 0.2, Sum: 1.7]
      [Update RS (ms): Min: 2.9, Avg: 3.9, Max: 4.6, Diff: 1.7, Sum: 31.6]
         [Processed Buffers: Min: 3, Avg: 3.6, Max: 5, Diff: 2, Sum: 29]
      [Scan RS (ms): Min: 2.1, Avg: 2.7, Max: 3.8, Diff: 1.7, Sum: 21.8]
      [Code Root Scanning (ms): Min: 0.0, Avg: 0.0, Max: 0.0, Diff: 0.0, Sum: 0.1]
      [Object Copy (ms): Min: 21.3, Avg: 21.3, Max: 21.4, Diff: 0.1, Sum: 170.6]
      [Termination (ms): Min: 0.0, Avg: 0.0, Max: 0.0, Diff: 0.0, Sum: 0.2]
         [Termination Attempts: Min: 1, Avg: 272.6, Max: 350, Diff: 349, Sum: 2181]
      [GC Worker Other (ms): Min: 0.0, Avg: 0.0, Max: 0.0, Diff: 0.0, Sum: 0.3]
      [GC Worker Total (ms): Min: 28.2, Avg: 28.3, Max: 28.3, Diff: 0.1, Sum: 226.3]
      [GC Worker End (ms): Min: 8733.4, Avg: 8733.4, Max: 8733.4, Diff: 0.0]
   [Code Root Fixup: 0.0 ms]
   [Code Root Purge: 0.0 ms]
   [Clear CT: 0.2 ms]
   [Other: 0.6 ms]
      [Choose CSet: 0.0 ms]
      [Ref Proc: 0.1 ms]
      [Ref Enq: 0.0 ms]
      [Redirty Cards: 0.1 ms]
      [Humongous Register: 0.0 ms]
      [Humongous Reclaim: 0.0 ms]
      [Free CSet: 0.3 ms]
   [Eden: 285.0M(285.0M)->0.0B(285.0M) Survivors: 22.0M->22.0M Heap: 373.4M(512.0M)->93.9M(512.0M)]
 [Times: user=0.25 sys=0.00, real=0.03 secs] 
2017-11-18T17:25:52.886+0300: 8.981: [GC pause (G1 Evacuation Pause) (young), 0.0359645 secs]
   [Parallel Time: 34.8 ms, GC Workers: 8]
      [GC Worker Start (ms): Min: 8980.8, Avg: 8981.0, Max: 8981.8, Diff: 1.1]
      [Ext Root Scanning (ms): Min: 0.0, Avg: 0.2, Max: 0.3, Diff: 0.3, Sum: 1.4]
      [Update RS (ms): Min: 0.6, Avg: 2.0, Max: 3.2, Diff: 2.6, Sum: 16.4]
         [Processed Buffers: Min: 3, Avg: 4.0, Max: 5, Diff: 2, Sum: 32]
      [Scan RS (ms): Min: 5.3, Avg: 6.6, Max: 7.8, Diff: 2.5, Sum: 52.6]
      [Code Root Scanning (ms): Min: 0.0, Avg: 0.0, Max: 0.0, Diff: 0.0, Sum: 0.0]
      [Object Copy (ms): Min: 25.0, Avg: 25.4, Max: 25.6, Diff: 0.6, Sum: 203.5]
      [Termination (ms): Min: 0.0, Avg: 0.0, Max: 0.1, Diff: 0.1, Sum: 0.3]
         [Termination Attempts: Min: 1, Avg: 361.5, Max: 474, Diff: 473, Sum: 2892]
      [GC Worker Other (ms): Min: 0.0, Avg: 0.0, Max: 0.0, Diff: 0.0, Sum: 0.3]
      [GC Worker Total (ms): Min: 33.5, Avg: 34.3, Max: 34.6, Diff: 1.1, Sum: 274.4]
      [GC Worker End (ms): Min: 9015.3, Avg: 9015.3, Max: 9015.3, Diff: 0.0]
   [Code Root Fixup: 0.0 ms]
   [Code Root Purge: 0.0 ms]
   [Clear CT: 0.4 ms]
   [Other: 0.8 ms]
      [Choose CSet: 0.0 ms]
      [Ref Proc: 0.2 ms]
      [Ref Enq: 0.0 ms]
      [Redirty Cards: 0.3 ms]
      [Humongous Register: 0.0 ms]
      [Humongous Reclaim: 0.0 ms]
      [Free CSet: 0.2 ms]
   [Eden: 285.0M(285.0M)->0.0B(284.0M) Survivors: 22.0M->23.0M Heap: 394.6M(512.0M)->116.6M(512.0M)]
 [Times: user=0.25 sys=0.00, real=0.04 secs] 
2017-11-18T17:25:53.146+0300: 9.240: [GC pause (G1 Evacuation Pause) (young), 0.0341863 secs]
   [Parallel Time: 33.1 ms, GC Workers: 8]
      [GC Worker Start (ms): Min: 9239.9, Avg: 9240.0, Max: 9240.0, Diff: 0.1]
      [Ext Root Scanning (ms): Min: 0.2, Avg: 0.2, Max: 0.3, Diff: 0.2, Sum: 1.7]
      [Update RS (ms): Min: 3.3, Avg: 4.4, Max: 5.1, Diff: 1.8, Sum: 35.2]
         [Processed Buffers: Min: 4, Avg: 4.3, Max: 5, Diff: 1, Sum: 34]
      [Scan RS (ms): Min: 3.7, Avg: 4.4, Max: 5.5, Diff: 1.8, Sum: 35.4]
      [Code Root Scanning (ms): Min: 0.0, Avg: 0.0, Max: 0.0, Diff: 0.0, Sum: 0.0]
      [Object Copy (ms): Min: 23.7, Avg: 23.7, Max: 23.8, Diff: 0.1, Sum: 189.8]
      [Termination (ms): Min: 0.0, Avg: 0.0, Max: 0.0, Diff: 0.0, Sum: 0.3]
         [Termination Attempts: Min: 1, Avg: 283.8, Max: 361, Diff: 360, Sum: 2270]
      [GC Worker Other (ms): Min: 0.0, Avg: 0.1, Max: 0.2, Diff: 0.1, Sum: 0.5]
      [GC Worker Total (ms): Min: 32.8, Avg: 32.9, Max: 33.0, Diff: 0.2, Sum: 262.9]
      [GC Worker End (ms): Min: 9272.8, Avg: 9272.9, Max: 9272.9, Diff: 0.1]
   [Code Root Fixup: 0.0 ms]
   [Code Root Purge: 0.0 ms]
   [Clear CT: 0.2 ms]
   [Other: 0.9 ms]
      [Choose CSet: 0.0 ms]
      [Ref Proc: 0.3 ms]
      [Ref Enq: 0.0 ms]
      [Redirty Cards: 0.2 ms]
      [Humongous Register: 0.0 ms]
      [Humongous Reclaim: 0.0 ms]
      [Free CSet: 0.2 ms]
   [Eden: 284.0M(284.0M)->0.0B(285.0M) Survivors: 23.0M->22.0M Heap: 400.6M(512.0M)->122.4M(512.0M)]
 [Times: user=0.23 sys=0.02, real=0.03 secs] 
2017-11-18T17:25:53.403+0300: 9.498: [GC pause (G1 Evacuation Pause) (young), 0.0326263 secs]
   [Parallel Time: 31.8 ms, GC Workers: 8]
      [GC Worker Start (ms): Min: 9498.0, Avg: 9498.0, Max: 9498.1, Diff: 0.1]
      [Ext Root Scanning (ms): Min: 0.2, Avg: 0.2, Max: 0.3, Diff: 0.2, Sum: 1.7]
      [Update RS (ms): Min: 3.3, Avg: 4.5, Max: 5.0, Diff: 1.6, Sum: 36.2]
         [Processed Buffers: Min: 4, Avg: 4.4, Max: 5, Diff: 1, Sum: 35]
      [Scan RS (ms): Min: 3.1, Avg: 3.5, Max: 4.8, Diff: 1.7, Sum: 28.2]
      [Code Root Scanning (ms): Min: 0.0, Avg: 0.0, Max: 0.0, Diff: 0.0, Sum: 0.0]
      [Object Copy (ms): Min: 23.3, Avg: 23.3, Max: 23.4, Diff: 0.1, Sum: 186.6]
      [Termination (ms): Min: 0.0, Avg: 0.0, Max: 0.1, Diff: 0.1, Sum: 0.4]
         [Termination Attempts: Min: 1, Avg: 411.5, Max: 496, Diff: 495, Sum: 3292]
      [GC Worker Other (ms): Min: 0.0, Avg: 0.0, Max: 0.0, Diff: 0.0, Sum: 0.3]
      [GC Worker Total (ms): Min: 31.6, Avg: 31.7, Max: 31.7, Diff: 0.1, Sum: 253.3]
      [GC Worker End (ms): Min: 9529.7, Avg: 9529.7, Max: 9529.7, Diff: 0.0]
   [Code Root Fixup: 0.0 ms]
   [Code Root Purge: 0.0 ms]
   [Clear CT: 0.2 ms]
   [Other: 0.6 ms]
      [Choose CSet: 0.0 ms]
      [Ref Proc: 0.1 ms]
      [Ref Enq: 0.0 ms]
      [Redirty Cards: 0.3 ms]
      [Humongous Register: 0.0 ms]
      [Humongous Reclaim: 0.0 ms]
      [Free CSet: 0.2 ms]
   [Eden: 285.0M(285.0M)->0.0B(284.0M) Survivors: 22.0M->23.0M Heap: 407.4M(512.0M)->129.9M(512.0M)]
 [Times: user=0.25 sys=0.00, real=0.03 secs] 
2017-11-18T17:25:53.655+0300: 9.750: [GC pause (G1 Evacuation Pause) (young), 0.0330579 secs]
   [Parallel Time: 32.2 ms, GC Workers: 8]
      [GC Worker Start (ms): Min: 9750.0, Avg: 9750.1, Max: 9750.1, Diff: 0.1]
      [Ext Root Scanning (ms): Min: 0.2, Avg: 0.2, Max: 0.3, Diff: 0.2, Sum: 1.7]
      [Update RS (ms): Min: 3.4, Avg: 4.6, Max: 5.2, Diff: 1.7, Sum: 37.0]
         [Processed Buffers: Min: 4, Avg: 4.6, Max: 6, Diff: 2, Sum: 37]
      [Scan RS (ms): Min: 2.3, Avg: 3.0, Max: 4.3, Diff: 2.0, Sum: 23.7]
      [Code Root Scanning (ms): Min: 0.0, Avg: 0.0, Max: 0.0, Diff: 0.0, Sum: 0.0]
      [Object Copy (ms): Min: 23.7, Avg: 24.1, Max: 24.3, Diff: 0.6, Sum: 193.1]
      [Termination (ms): Min: 0.0, Avg: 0.1, Max: 0.2, Diff: 0.2, Sum: 0.8]
         [Termination Attempts: Min: 1, Avg: 838.0, Max: 1122, Diff: 1121, Sum: 6704]
      [GC Worker Other (ms): Min: 0.0, Avg: 0.0, Max: 0.1, Diff: 0.1, Sum: 0.4]
      [GC Worker Total (ms): Min: 32.0, Avg: 32.1, Max: 32.2, Diff: 0.1, Sum: 256.8]
      [GC Worker End (ms): Min: 9782.1, Avg: 9782.2, Max: 9782.2, Diff: 0.1]
   [Code Root Fixup: 0.0 ms]
   [Code Root Purge: 0.0 ms]
   [Clear CT: 0.2 ms]
   [Other: 0.6 ms]
      [Choose CSet: 0.0 ms]
      [Ref Proc: 0.1 ms]
      [Ref Enq: 0.0 ms]
      [Redirty Cards: 0.1 ms]
      [Humongous Register: 0.0 ms]
      [Humongous Reclaim: 0.0 ms]
      [Free CSet: 0.3 ms]
   [Eden: 284.0M(284.0M)->0.0B(285.0M) Survivors: 23.0M->22.0M Heap: 413.9M(512.0M)->133.6M(512.0M)]
 [Times: user=0.25 sys=0.00, real=0.03 secs] 
2017-11-18T17:25:53.910+0300: 10.005: [GC pause (G1 Evacuation Pause) (young), 0.0311475 secs]
   [Parallel Time: 30.2 ms, GC Workers: 8]
      [GC Worker Start (ms): Min: 10005.1, Avg: 10005.2, Max: 10005.2, Diff: 0.1]
      [Ext Root Scanning (ms): Min: 0.2, Avg: 0.2, Max: 0.4, Diff: 0.2, Sum: 1.7]
      [Update RS (ms): Min: 4.1, Avg: 5.2, Max: 5.8, Diff: 1.7, Sum: 41.6]
         [Processed Buffers: Min: 5, Avg: 5.3, Max: 6, Diff: 1, Sum: 42]
      [Scan RS (ms): Min: 1.5, Avg: 2.1, Max: 3.3, Diff: 1.8, Sum: 17.0]
      [Code Root Scanning (ms): Min: 0.0, Avg: 0.0, Max: 0.0, Diff: 0.0, Sum: 0.0]
      [Object Copy (ms): Min: 22.3, Avg: 22.5, Max: 22.5, Diff: 0.2, Sum: 179.7]
      [Termination (ms): Min: 0.0, Avg: 0.0, Max: 0.0, Diff: 0.0, Sum: 0.2]
         [Termination Attempts: Min: 1, Avg: 167.4, Max: 220, Diff: 219, Sum: 1339]
      [GC Worker Other (ms): Min: 0.0, Avg: 0.0, Max: 0.0, Diff: 0.0, Sum: 0.3]
      [GC Worker Total (ms): Min: 30.0, Avg: 30.1, Max: 30.1, Diff: 0.1, Sum: 240.5]
      [GC Worker End (ms): Min: 10035.3, Avg: 10035.3, Max: 10035.3, Diff: 0.0]
   [Code Root Fixup: 0.0 ms]
   [Code Root Purge: 0.0 ms]
   [Clear CT: 0.2 ms]
   [Other: 0.7 ms]
      [Choose CSet: 0.0 ms]
      [Ref Proc: 0.1 ms]
      [Ref Enq: 0.0 ms]
      [Redirty Cards: 0.2 ms]
      [Humongous Register: 0.0 ms]
      [Humongous Reclaim: 0.0 ms]
      [Free CSet: 0.2 ms]
   [Eden: 285.0M(285.0M)->0.0B(285.0M) Survivors: 22.0M->22.0M Heap: 418.6M(512.0M)->138.4M(512.0M)]
 [Times: user=0.25 sys=0.00, real=0.03 secs] 
2017-11-18T17:25:54.161+0300: 10.256: [GC pause (G1 Evacuation Pause) (young), 0.0303922 secs]
   [Parallel Time: 29.5 ms, GC Workers: 8]
      [GC Worker Start (ms): Min: 10256.5, Avg: 10256.5, Max: 10256.6, Diff: 0.1]
      [Ext Root Scanning (ms): Min: 0.2, Avg: 0.2, Max: 0.5, Diff: 0.3, Sum: 1.9]
      [Update RS (ms): Min: 4.5, Avg: 5.6, Max: 6.2, Diff: 1.7, Sum: 44.5]
         [Processed Buffers: Min: 5, Avg: 5.4, Max: 7, Diff: 2, Sum: 43]
      [Scan RS (ms): Min: 0.9, Avg: 1.5, Max: 2.6, Diff: 1.7, Sum: 11.9]
      [Code Root Scanning (ms): Min: 0.0, Avg: 0.0, Max: 0.0, Diff: 0.0, Sum: 0.0]
      [Object Copy (ms): Min: 22.0, Avg: 22.0, Max: 22.1, Diff: 0.1, Sum: 176.4]
      [Termination (ms): Min: 0.0, Avg: 0.0, Max: 0.0, Diff: 0.0, Sum: 0.3]
         [Termination Attempts: Min: 1, Avg: 310.6, Max: 396, Diff: 395, Sum: 2485]
      [GC Worker Other (ms): Min: 0.0, Avg: 0.0, Max: 0.1, Diff: 0.0, Sum: 0.3]
      [GC Worker Total (ms): Min: 29.4, Avg: 29.4, Max: 29.5, Diff: 0.1, Sum: 235.3]
      [GC Worker End (ms): Min: 10285.9, Avg: 10285.9, Max: 10286.0, Diff: 0.0]
   [Code Root Fixup: 0.0 ms]
   [Code Root Purge: 0.0 ms]
   [Clear CT: 0.2 ms]
   [Other: 0.6 ms]
      [Choose CSet: 0.0 ms]
      [Ref Proc: 0.1 ms]
      [Ref Enq: 0.0 ms]
      [Redirty Cards: 0.1 ms]
      [Humongous Register: 0.0 ms]
      [Humongous Reclaim: 0.0 ms]
      [Free CSet: 0.3 ms]
   [Eden: 285.0M(285.0M)->0.0B(285.0M) Survivors: 22.0M->22.0M Heap: 423.4M(512.0M)->142.9M(512.0M)]
 [Times: user=0.25 sys=0.00, real=0.03 secs] 
2017-11-18T17:25:54.413+0300: 10.508: [GC pause (G1 Evacuation Pause) (young), 0.0280298 secs]
   [Parallel Time: 27.1 ms, GC Workers: 8]
      [GC Worker Start (ms): Min: 10507.9, Avg: 10507.9, Max: 10507.9, Diff: 0.1]
      [Ext Root Scanning (ms): Min: 0.1, Avg: 0.2, Max: 0.3, Diff: 0.2, Sum: 1.6]
      [Update RS (ms): Min: 4.9, Avg: 5.9, Max: 6.8, Diff: 2.0, Sum: 47.1]
         [Processed Buffers: Min: 5, Avg: 5.8, Max: 7, Diff: 2, Sum: 46]
      [Scan RS (ms): Min: 0.1, Avg: 1.0, Max: 2.1, Diff: 2.0, Sum: 8.1]
      [Code Root Scanning (ms): Min: 0.0, Avg: 0.0, Max: 0.0, Diff: 0.0, Sum: 0.0]
      [Object Copy (ms): Min: 19.9, Avg: 19.9, Max: 19.9, Diff: 0.1, Sum: 159.1]
      [Termination (ms): Min: 0.0, Avg: 0.0, Max: 0.0, Diff: 0.0, Sum: 0.1]
         [Termination Attempts: Min: 1, Avg: 122.6, Max: 165, Diff: 164, Sum: 981]
      [GC Worker Other (ms): Min: 0.0, Avg: 0.0, Max: 0.0, Diff: 0.0, Sum: 0.3]
      [GC Worker Total (ms): Min: 27.0, Avg: 27.0, Max: 27.1, Diff: 0.1, Sum: 216.3]
      [GC Worker End (ms): Min: 10534.9, Avg: 10534.9, Max: 10535.0, Diff: 0.0]
   [Code Root Fixup: 0.0 ms]
   [Code Root Purge: 0.0 ms]
   [Clear CT: 0.2 ms]
   [Other: 0.6 ms]
      [Choose CSet: 0.0 ms]
      [Ref Proc: 0.2 ms]
      [Ref Enq: 0.0 ms]
      [Redirty Cards: 0.2 ms]
      [Humongous Register: 0.0 ms]
      [Humongous Reclaim: 0.0 ms]
      [Free CSet: 0.2 ms]
   [Eden: 285.0M(285.0M)->0.0B(282.0M) Survivors: 22.0M->23.0M Heap: 427.9M(512.0M)->149.9M(512.0M)]
 [Times: user=0.25 sys=0.00, real=0.03 secs] 
2017-11-18T17:25:54.675+0300: 10.769: [GC pause (G1 Evacuation Pause) (young), 0.0336447 secs]
   [Parallel Time: 32.7 ms, GC Workers: 8]
      [GC Worker Start (ms): Min: 10769.2, Avg: 10769.2, Max: 10769.3, Diff: 0.1]
      [Ext Root Scanning (ms): Min: 0.1, Avg: 0.2, Max: 0.3, Diff: 0.2, Sum: 1.5]
      [Update RS (ms): Min: 1.3, Avg: 1.8, Max: 3.5, Diff: 2.2, Sum: 14.3]
         [Processed Buffers: Min: 5, Avg: 5.8, Max: 6, Diff: 1, Sum: 46]
      [Scan RS (ms): Min: 4.5, Avg: 6.2, Max: 6.8, Diff: 2.3, Sum: 49.2]
      [Code Root Scanning (ms): Min: 0.0, Avg: 0.0, Max: 0.0, Diff: 0.0, Sum: 0.0]
      [Object Copy (ms): Min: 24.2, Avg: 24.3, Max: 24.5, Diff: 0.4, Sum: 194.7]
      [Termination (ms): Min: 0.0, Avg: 0.0, Max: 0.0, Diff: 0.0, Sum: 0.2]
         [Termination Attempts: Min: 1, Avg: 280.5, Max: 345, Diff: 344, Sum: 2244]
      [GC Worker Other (ms): Min: 0.0, Avg: 0.0, Max: 0.1, Diff: 0.0, Sum: 0.4]
      [GC Worker Total (ms): Min: 32.5, Avg: 32.5, Max: 32.6, Diff: 0.1, Sum: 260.4]
      [GC Worker End (ms): Min: 10801.8, Avg: 10801.8, Max: 10801.8, Diff: 0.0]
   [Code Root Fixup: 0.0 ms]
   [Code Root Purge: 0.0 ms]
   [Clear CT: 0.1 ms]
   [Other: 0.8 ms]
      [Choose CSet: 0.0 ms]
      [Ref Proc: 0.1 ms]
      [Ref Enq: 0.0 ms]
      [Redirty Cards: 0.1 ms]
      [Humongous Register: 0.0 ms]
      [Humongous Reclaim: 0.0 ms]
      [Free CSet: 0.5 ms]
   [Eden: 282.0M(282.0M)->0.0B(255.0M) Survivors: 23.0M->21.0M Heap: 455.4M(512.0M)->178.9M(512.0M)]
 [Times: user=0.13 sys=0.11, real=0.03 secs] 
2017-11-18T17:25:54.910+0300: 11.005: [GC pause (G1 Evacuation Pause) (young), 0.0344069 secs]
   [Parallel Time: 33.6 ms, GC Workers: 8]
      [GC Worker Start (ms): Min: 11005.2, Avg: 11005.2, Max: 11005.3, Diff: 0.1]
      [Ext Root Scanning (ms): Min: 0.2, Avg: 0.2, Max: 0.4, Diff: 0.2, Sum: 1.8]
      [Update RS (ms): Min: 5.3, Avg: 6.4, Max: 7.3, Diff: 2.0, Sum: 51.3]
         [Processed Buffers: Min: 5, Avg: 6.9, Max: 10, Diff: 5, Sum: 55]
      [Scan RS (ms): Min: 2.1, Avg: 3.0, Max: 4.1, Diff: 2.0, Sum: 24.2]
      [Code Root Scanning (ms): Min: 0.0, Avg: 0.0, Max: 0.0, Diff: 0.0, Sum: 0.0]
      [Object Copy (ms): Min: 23.7, Avg: 23.8, Max: 23.8, Diff: 0.1, Sum: 190.3]
      [Termination (ms): Min: 0.0, Avg: 0.1, Max: 0.1, Diff: 0.1, Sum: 0.5]
         [Termination Attempts: Min: 1, Avg: 498.5, Max: 641, Diff: 640, Sum: 3988]
      [GC Worker Other (ms): Min: 0.0, Avg: 0.0, Max: 0.0, Diff: 0.0, Sum: 0.3]
      [GC Worker Total (ms): Min: 33.5, Avg: 33.6, Max: 33.6, Diff: 0.1, Sum: 268.4]
      [GC Worker End (ms): Min: 11038.8, Avg: 11038.8, Max: 11038.8, Diff: 0.0]
   [Code Root Fixup: 0.0 ms]
   [Code Root Purge: 0.0 ms]
   [Clear CT: 0.2 ms]
   [Other: 0.6 ms]
      [Choose CSet: 0.0 ms]
      [Ref Proc: 0.1 ms]
      [Ref Enq: 0.0 ms]
      [Redirty Cards: 0.1 ms]
      [Humongous Register: 0.0 ms]
      [Humongous Reclaim: 0.0 ms]
      [Free CSet: 0.2 ms]
   [Eden: 255.0M(255.0M)->0.0B(248.0M) Survivors: 21.0M->22.0M Heap: 433.9M(512.0M)->183.9M(512.0M)]
 [Times: user=0.25 sys=0.00, real=0.03 secs] 
2017-11-18T17:25:55.135+0300: 11.230: [GC pause (G1 Evacuation Pause) (young), 0.0340103 secs]
   [Parallel Time: 33.3 ms, GC Workers: 8]
      [GC Worker Start (ms): Min: 11230.1, Avg: 11230.2, Max: 11230.2, Diff: 0.1]
      [Ext Root Scanning (ms): Min: 0.2, Avg: 0.2, Max: 0.4, Diff: 0.2, Sum: 1.7]
      [Update RS (ms): Min: 5.9, Avg: 7.2, Max: 8.1, Diff: 2.2, Sum: 57.9]
         [Processed Buffers: Min: 6, Avg: 7.0, Max: 8, Diff: 2, Sum: 56]
      [Scan RS (ms): Min: 1.4, Avg: 2.3, Max: 3.6, Diff: 2.2, Sum: 18.2]
      [Code Root Scanning (ms): Min: 0.0, Avg: 0.0, Max: 0.0, Diff: 0.0, Sum: 0.0]
      [Object Copy (ms): Min: 23.2, Avg: 23.3, Max: 23.4, Diff: 0.1, Sum: 186.6]
      [Termination (ms): Min: 0.0, Avg: 0.1, Max: 0.1, Diff: 0.1, Sum: 0.5]
         [Termination Attempts: Min: 1, Avg: 558.0, Max: 691, Diff: 690, Sum: 4464]
      [GC Worker Other (ms): Min: 0.0, Avg: 0.0, Max: 0.1, Diff: 0.0, Sum: 0.3]
      [GC Worker Total (ms): Min: 33.1, Avg: 33.2, Max: 33.2, Diff: 0.1, Sum: 265.3]
      [GC Worker End (ms): Min: 11263.3, Avg: 11263.4, Max: 11263.4, Diff: 0.0]
   [Code Root Fixup: 0.0 ms]
   [Code Root Purge: 0.0 ms]
   [Clear CT: 0.1 ms]
   [Other: 0.6 ms]
      [Choose CSet: 0.0 ms]
      [Ref Proc: 0.1 ms]
      [Ref Enq: 0.0 ms]
      [Redirty Cards: 0.2 ms]
      [Humongous Register: 0.0 ms]
      [Humongous Reclaim: 0.0 ms]
      [Free CSet: 0.2 ms]
   [Eden: 248.0M(248.0M)->0.0B(246.0M) Survivors: 22.0M->21.0M Heap: 431.9M(512.0M)->187.3M(512.0M)]
 [Times: user=0.25 sys=0.00, real=0.03 secs] 
2017-11-18T17:25:55.359+0300: 11.454: [GC pause (G1 Evacuation Pause) (young), 0.0323320 secs]
   [Parallel Time: 31.4 ms, GC Workers: 8]
      [GC Worker Start (ms): Min: 11454.4, Avg: 11454.8, Max: 11456.5, Diff: 2.1]
      [Ext Root Scanning (ms): Min: 0.0, Avg: 0.2, Max: 0.3, Diff: 0.3, Sum: 1.4]
      [Update RS (ms): Min: 6.2, Avg: 7.3, Max: 8.2, Diff: 2.0, Sum: 58.7]
         [Processed Buffers: Min: 7, Avg: 7.4, Max: 8, Diff: 1, Sum: 59]
      [Scan RS (ms): Min: 0.9, Avg: 1.5, Max: 2.7, Diff: 1.7, Sum: 12.2]
      [Code Root Scanning (ms): Min: 0.0, Avg: 0.0, Max: 0.0, Diff: 0.0, Sum: 0.0]
      [Object Copy (ms): Min: 21.8, Avg: 21.9, Max: 22.0, Diff: 0.1, Sum: 175.3]
      [Termination (ms): Min: 0.0, Avg: 0.0, Max: 0.0, Diff: 0.0, Sum: 0.0]
         [Termination Attempts: Min: 1, Avg: 38.5, Max: 59, Diff: 58, Sum: 308]
      [GC Worker Other (ms): Min: 0.0, Avg: 0.0, Max: 0.0, Diff: 0.0, Sum: 0.3]
      [GC Worker Total (ms): Min: 29.3, Avg: 31.0, Max: 31.4, Diff: 2.1, Sum: 248.0]
      [GC Worker End (ms): Min: 11485.8, Avg: 11485.8, Max: 11485.8, Diff: 0.0]
   [Code Root Fixup: 0.0 ms]
   [Code Root Purge: 0.0 ms]
   [Clear CT: 0.2 ms]
   [Other: 0.7 ms]
      [Choose CSet: 0.0 ms]
      [Ref Proc: 0.1 ms]
      [Ref Enq: 0.0 ms]
      [Redirty Cards: 0.1 ms]
      [Humongous Register: 0.0 ms]
      [Humongous Reclaim: 0.0 ms]
      [Free CSet: 0.3 ms]
   [Eden: 246.0M(246.0M)->0.0B(240.0M) Survivors: 21.0M->21.0M Heap: 433.3M(512.0M)->193.4M(512.0M)]
 [Times: user=0.25 sys=0.00, real=0.03 secs] 
2017-11-18T17:25:55.578+0300: 11.673: [GC pause (G1 Evacuation Pause) (young), 0.0304317 secs]
   [Parallel Time: 29.8 ms, GC Workers: 8]
      [GC Worker Start (ms): Min: 11672.8, Avg: 11672.9, Max: 11673.1, Diff: 0.3]
      [Ext Root Scanning (ms): Min: 0.0, Avg: 0.2, Max: 0.4, Diff: 0.4, Sum: 1.6]
      [Update RS (ms): Min: 8.5, Avg: 9.4, Max: 10.2, Diff: 1.7, Sum: 75.5]
         [Processed Buffers: Min: 10, Avg: 10.1, Max: 11, Diff: 1, Sum: 81]
      [Scan RS (ms): Min: 0.0, Avg: 0.0, Max: 0.1, Diff: 0.1, Sum: 0.2]
      [Code Root Scanning (ms): Min: 0.0, Avg: 0.0, Max: 0.0, Diff: 0.0, Sum: 0.0]
      [Object Copy (ms): Min: 19.3, Avg: 19.9, Max: 20.8, Diff: 1.5, Sum: 159.3]
      [Termination (ms): Min: 0.0, Avg: 0.0, Max: 0.1, Diff: 0.1, Sum: 0.3]
         [Termination Attempts: Min: 1, Avg: 299.5, Max: 394, Diff: 393, Sum: 2396]
      [GC Worker Other (ms): Min: 0.0, Avg: 0.0, Max: 0.1, Diff: 0.0, Sum: 0.4]
      [GC Worker Total (ms): Min: 29.4, Avg: 29.7, Max: 29.7, Diff: 0.3, Sum: 237.2]
      [GC Worker End (ms): Min: 11702.5, Avg: 11702.6, Max: 11702.6, Diff: 0.0]
   [Code Root Fixup: 0.0 ms]
   [Code Root Purge: 0.0 ms]
   [Clear CT: 0.2 ms]
   [Other: 0.5 ms]
      [Choose CSet: 0.0 ms]
      [Ref Proc: 0.1 ms]
      [Ref Enq: 0.0 ms]
      [Redirty Cards: 0.1 ms]
      [Humongous Register: 0.0 ms]
      [Humongous Reclaim: 0.0 ms]
      [Free CSet: 0.2 ms]
   [Eden: 240.0M(240.0M)->0.0B(234.0M) Survivors: 21.0M->21.0M Heap: 433.4M(512.0M)->199.6M(512.0M)]
 [Times: user=0.25 sys=0.00, real=0.03 secs] 
2017-11-18T17:25:55.798+0300: 11.893: [GC pause (G1 Evacuation Pause) (young), 0.0280081 secs]
   [Parallel Time: 27.3 ms, GC Workers: 8]
      [GC Worker Start (ms): Min: 11892.9, Avg: 11892.9, Max: 11893.0, Diff: 0.1]
      [Ext Root Scanning (ms): Min: 0.1, Avg: 0.2, Max: 0.3, Diff: 0.2, Sum: 1.4]
      [Update RS (ms): Min: 7.4, Avg: 8.6, Max: 9.2, Diff: 1.8, Sum: 68.7]
         [Processed Buffers: Min: 8, Avg: 9.3, Max: 11, Diff: 3, Sum: 74]
      [Scan RS (ms): Min: 0.0, Avg: 0.0, Max: 0.1, Diff: 0.1, Sum: 0.2]
      [Code Root Scanning (ms): Min: 0.0, Avg: 0.0, Max: 0.0, Diff: 0.0, Sum: 0.0]
      [Object Copy (ms): Min: 17.8, Avg: 18.4, Max: 19.4, Diff: 1.7, Sum: 147.2]
      [Termination (ms): Min: 0.0, Avg: 0.0, Max: 0.0, Diff: 0.0, Sum: 0.1]
         [Termination Attempts: Min: 1, Avg: 147.6, Max: 190, Diff: 189, Sum: 1181]
      [GC Worker Other (ms): Min: 0.0, Avg: 0.0, Max: 0.1, Diff: 0.0, Sum: 0.3]
      [GC Worker Total (ms): Min: 27.2, Avg: 27.3, Max: 27.3, Diff: 0.1, Sum: 218.1]
      [GC Worker End (ms): Min: 11920.2, Avg: 11920.2, Max: 11920.2, Diff: 0.0]
   [Code Root Fixup: 0.0 ms]
   [Code Root Purge: 0.0 ms]
   [Clear CT: 0.2 ms]
   [Other: 0.4 ms]
      [Choose CSet: 0.0 ms]
      [Ref Proc: 0.1 ms]
      [Ref Enq: 0.0 ms]
      [Redirty Cards: 0.1 ms]
      [Humongous Register: 0.0 ms]
      [Humongous Reclaim: 0.0 ms]
      [Free CSet: 0.2 ms]
   [Eden: 234.0M(234.0M)->0.0B(229.0M) Survivors: 21.0M->21.0M Heap: 433.6M(512.0M)->204.4M(512.0M)]
 [Times: user=0.25 sys=0.00, real=0.03 secs] 
2017-11-18T17:25:56.004+0300: 12.098: [GC pause (G1 Evacuation Pause) (young), 0.0260240 secs]
   [Parallel Time: 25.2 ms, GC Workers: 8]
      [GC Worker Start (ms): Min: 12098.3, Avg: 12098.3, Max: 12098.4, Diff: 0.1]
      [Ext Root Scanning (ms): Min: 0.2, Avg: 0.2, Max: 0.3, Diff: 0.1, Sum: 1.7]
      [Update RS (ms): Min: 6.6, Avg: 7.6, Max: 8.3, Diff: 1.7, Sum: 60.9]
         [Processed Buffers: Min: 8, Avg: 8.5, Max: 10, Diff: 2, Sum: 68]
      [Scan RS (ms): Min: 0.0, Avg: 0.0, Max: 0.1, Diff: 0.1, Sum: 0.2]
      [Code Root Scanning (ms): Min: 0.0, Avg: 0.0, Max: 0.0, Diff: 0.0, Sum: 0.0]
      [Object Copy (ms): Min: 16.5, Avg: 17.2, Max: 18.1, Diff: 1.6, Sum: 137.3]
      [Termination (ms): Min: 0.0, Avg: 0.0, Max: 0.0, Diff: 0.0, Sum: 0.0]
         [Termination Attempts: Min: 1, Avg: 43.5, Max: 59, Diff: 58, Sum: 348]
      [GC Worker Other (ms): Min: 0.0, Avg: 0.0, Max: 0.1, Diff: 0.0, Sum: 0.3]
      [GC Worker Total (ms): Min: 25.0, Avg: 25.1, Max: 25.1, Diff: 0.1, Sum: 200.5]
      [GC Worker End (ms): Min: 12123.4, Avg: 12123.4, Max: 12123.4, Diff: 0.0]
   [Code Root Fixup: 0.0 ms]
   [Code Root Purge: 0.0 ms]
   [Clear CT: 0.2 ms]
   [Other: 0.7 ms]
      [Choose CSet: 0.0 ms]
      [Ref Proc: 0.1 ms]
      [Ref Enq: 0.0 ms]
      [Redirty Cards: 0.3 ms]
      [Humongous Register: 0.0 ms]
      [Humongous Reclaim: 0.0 ms]
      [Free CSet: 0.2 ms]
   [Eden: 229.0M(229.0M)->0.0B(227.0M) Survivors: 21.0M->19.0M Heap: 433.4M(512.0M)->208.9M(512.0M)]
 [Times: user=0.25 sys=0.00, real=0.03 secs] 
2017-11-18T17:25:56.207+0300: 12.301: [GC pause (G1 Evacuation Pause) (young), 0.0241820 secs]
   [Parallel Time: 23.3 ms, GC Workers: 8]
      [GC Worker Start (ms): Min: 12301.1, Avg: 12301.2, Max: 12301.2, Diff: 0.1]
      [Ext Root Scanning (ms): Min: 0.1, Avg: 0.2, Max: 0.3, Diff: 0.1, Sum: 1.5]
      [Update RS (ms): Min: 5.8, Avg: 6.8, Max: 7.5, Diff: 1.7, Sum: 54.4]
         [Processed Buffers: Min: 7, Avg: 7.5, Max: 8, Diff: 1, Sum: 60]
      [Scan RS (ms): Min: 0.0, Avg: 0.0, Max: 0.1, Diff: 0.1, Sum: 0.2]
      [Code Root Scanning (ms): Min: 0.0, Avg: 0.0, Max: 0.0, Diff: 0.0, Sum: 0.0]
      [Object Copy (ms): Min: 15.5, Avg: 16.2, Max: 17.0, Diff: 1.5, Sum: 129.3]
      [Termination (ms): Min: 0.0, Avg: 0.0, Max: 0.0, Diff: 0.0, Sum: 0.0]
         [Termination Attempts: Min: 1, Avg: 29.1, Max: 38, Diff: 37, Sum: 233]
      [GC Worker Other (ms): Min: 0.0, Avg: 0.0, Max: 0.1, Diff: 0.0, Sum: 0.3]
      [GC Worker Total (ms): Min: 23.2, Avg: 23.2, Max: 23.3, Diff: 0.1, Sum: 185.7]
      [GC Worker End (ms): Min: 12324.4, Avg: 12324.4, Max: 12324.4, Diff: 0.0]
   [Code Root Fixup: 0.0 ms]
   [Code Root Purge: 0.0 ms]
   [Clear CT: 0.2 ms]
   [Other: 0.6 ms]
      [Choose CSet: 0.0 ms]
      [Ref Proc: 0.1 ms]
      [Ref Enq: 0.0 ms]
      [Redirty Cards: 0.2 ms]
      [Humongous Register: 0.0 ms]
      [Humongous Reclaim: 0.0 ms]
      [Free CSet: 0.2 ms]
   [Eden: 227.0M(227.0M)->0.0B(221.0M) Survivors: 19.0M->19.0M Heap: 435.9M(512.0M)->214.1M(512.0M)]
 [Times: user=0.25 sys=0.00, real=0.02 secs] 
2017-11-18T17:25:56.403+0300: 12.498: [GC pause (G1 Evacuation Pause) (young), 0.0223857 secs]
   [Parallel Time: 21.8 ms, GC Workers: 8]
      [GC Worker Start (ms): Min: 12497.7, Avg: 12497.8, Max: 12497.9, Diff: 0.2]
      [Ext Root Scanning (ms): Min: 0.0, Avg: 0.2, Max: 0.3, Diff: 0.3, Sum: 1.3]
      [Update RS (ms): Min: 5.1, Avg: 5.9, Max: 6.6, Diff: 1.5, Sum: 47.5]
         [Processed Buffers: Min: 6, Avg: 6.6, Max: 7, Diff: 1, Sum: 53]
      [Scan RS (ms): Min: 0.0, Avg: 0.0, Max: 0.1, Diff: 0.1, Sum: 0.2]
      [Code Root Scanning (ms): Min: 0.0, Avg: 0.0, Max: 0.0, Diff: 0.0, Sum: 0.0]
      [Object Copy (ms): Min: 14.8, Avg: 15.5, Max: 16.2, Diff: 1.4, Sum: 123.7]
      [Termination (ms): Min: 0.0, Avg: 0.0, Max: 0.0, Diff: 0.0, Sum: 0.1]
         [Termination Attempts: Min: 1, Avg: 88.3, Max: 111, Diff: 110, Sum: 706]
      [GC Worker Other (ms): Min: 0.0, Avg: 0.0, Max: 0.0, Diff: 0.0, Sum: 0.3]
      [GC Worker Total (ms): Min: 21.5, Avg: 21.6, Max: 21.7, Diff: 0.2, Sum: 173.0]
      [GC Worker End (ms): Min: 12519.4, Avg: 12519.4, Max: 12519.4, Diff: 0.0]
   [Code Root Fixup: 0.0 ms]
   [Code Root Purge: 0.0 ms]
   [Clear CT: 0.2 ms]
   [Other: 0.4 ms]
      [Choose CSet: 0.0 ms]
      [Ref Proc: 0.1 ms]
      [Ref Enq: 0.0 ms]
      [Redirty Cards: 0.1 ms]
      [Humongous Register: 0.0 ms]
      [Humongous Reclaim: 0.0 ms]
      [Free CSet: 0.2 ms]
   [Eden: 221.0M(221.0M)->0.0B(216.0M) Survivors: 19.0M->19.0M Heap: 435.1M(512.0M)->219.9M(512.0M)]
 [Times: user=0.13 sys=0.00, real=0.02 secs] 
2017-11-18T17:25:56.593+0300: 12.688: [GC pause (G1 Evacuation Pause) (young), 0.0211266 secs]
   [Parallel Time: 20.0 ms, GC Workers: 8]
      [GC Worker Start (ms): Min: 12688.0, Avg: 12688.1, Max: 12688.2, Diff: 0.1]
      [Ext Root Scanning (ms): Min: 0.2, Avg: 0.2, Max: 0.3, Diff: 0.2, Sum: 1.6]
      [Update RS (ms): Min: 4.7, Avg: 5.5, Max: 6.4, Diff: 1.7, Sum: 44.3]
         [Processed Buffers: Min: 5, Avg: 5.9, Max: 7, Diff: 2, Sum: 47]
      [Scan RS (ms): Min: 0.0, Avg: 0.0, Max: 0.1, Diff: 0.1, Sum: 0.2]
      [Code Root Scanning (ms): Min: 0.0, Avg: 0.0, Max: 0.0, Diff: 0.0, Sum: 0.0]
      [Object Copy (ms): Min: 13.2, Avg: 14.1, Max: 14.8, Diff: 1.6, Sum: 112.4]
      [Termination (ms): Min: 0.0, Avg: 0.0, Max: 0.0, Diff: 0.0, Sum: 0.0]
         [Termination Attempts: Min: 1, Avg: 51.6, Max: 67, Diff: 66, Sum: 413]
      [GC Worker Other (ms): Min: 0.0, Avg: 0.0, Max: 0.1, Diff: 0.0, Sum: 0.3]
      [GC Worker Total (ms): Min: 19.8, Avg: 19.9, Max: 19.9, Diff: 0.1, Sum: 158.9]
      [GC Worker End (ms): Min: 12708.0, Avg: 12708.0, Max: 12708.0, Diff: 0.0]
   [Code Root Fixup: 0.0 ms]
   [Code Root Purge: 0.0 ms]
   [Clear CT: 0.3 ms]
   [Other: 0.8 ms]
      [Choose CSet: 0.0 ms]
      [Ref Proc: 0.2 ms]
      [Ref Enq: 0.0 ms]
      [Redirty Cards: 0.4 ms]
      [Humongous Register: 0.0 ms]
      [Humongous Reclaim: 0.0 ms]
      [Free CSet: 0.1 ms]
   [Eden: 216.0M(216.0M)->0.0B(213.0M) Survivors: 19.0M->18.0M Heap: 435.9M(512.0M)->223.5M(512.0M)]
 [Times: user=0.13 sys=0.00, real=0.02 secs] 
2017-11-18T17:25:56.782+0300: 12.877: [GC pause (G1 Evacuation Pause) (young), 0.0209560 secs]
   [Parallel Time: 19.7 ms, GC Workers: 8]
      [GC Worker Start (ms): Min: 12877.3, Avg: 12877.4, Max: 12877.4, Diff: 0.1]
      [Ext Root Scanning (ms): Min: 0.2, Avg: 0.2, Max: 0.3, Diff: 0.1, Sum: 1.6]
      [Update RS (ms): Min: 4.5, Avg: 5.4, Max: 6.1, Diff: 1.6, Sum: 42.9]
         [Processed Buffers: Min: 5, Avg: 5.9, Max: 7, Diff: 2, Sum: 47]
      [Scan RS (ms): Min: 0.0, Avg: 0.0, Max: 0.1, Diff: 0.1, Sum: 0.2]
      [Code Root Scanning (ms): Min: 0.0, Avg: 0.0, Max: 0.0, Diff: 0.0, Sum: 0.0]
      [Object Copy (ms): Min: 13.2, Avg: 14.0, Max: 14.7, Diff: 1.5, Sum: 111.7]
      [Termination (ms): Min: 0.0, Avg: 0.0, Max: 0.0, Diff: 0.0, Sum: 0.0]
         [Termination Attempts: Min: 1, Avg: 1.1, Max: 2, Diff: 1, Sum: 9]
      [GC Worker Other (ms): Min: 0.0, Avg: 0.0, Max: 0.0, Diff: 0.0, Sum: 0.3]
      [GC Worker Total (ms): Min: 19.5, Avg: 19.6, Max: 19.7, Diff: 0.1, Sum: 156.7]
      [GC Worker End (ms): Min: 12896.9, Avg: 12896.9, Max: 12897.0, Diff: 0.0]
   [Code Root Fixup: 0.0 ms]
   [Code Root Purge: 0.0 ms]
   [Clear CT: 0.3 ms]
   [Other: 0.9 ms]
      [Choose CSet: 0.0 ms]
      [Ref Proc: 0.3 ms]
      [Ref Enq: 0.0 ms]
      [Redirty Cards: 0.3 ms]
      [Humongous Register: 0.0 ms]
      [Humongous Reclaim: 0.0 ms]
      [Free CSet: 0.2 ms]
   [Eden: 213.0M(213.0M)->0.0B(210.0M) Survivors: 18.0M->18.0M Heap: 436.5M(512.0M)->226.3M(512.0M)]
 [Times: user=0.13 sys=0.00, real=0.02 secs] 
2017-11-18T17:25:56.964+0300: 13.059: [GC pause (G1 Evacuation Pause) (young), 0.0215761 secs]
   [Parallel Time: 20.2 ms, GC Workers: 8]
      [GC Worker Start (ms): Min: 13059.5, Avg: 13059.5, Max: 13059.6, Diff: 0.1]
      [Ext Root Scanning (ms): Min: 0.2, Avg: 0.3, Max: 0.7, Diff: 0.5, Sum: 2.1]
      [Update RS (ms): Min: 4.5, Avg: 5.5, Max: 6.5, Diff: 2.0, Sum: 43.7]
         [Processed Buffers: Min: 5, Avg: 5.8, Max: 6, Diff: 1, Sum: 46]
      [Scan RS (ms): Min: 0.0, Avg: 0.0, Max: 0.1, Diff: 0.1, Sum: 0.2]
      [Code Root Scanning (ms): Min: 0.0, Avg: 0.0, Max: 0.0, Diff: 0.0, Sum: 0.0]
      [Object Copy (ms): Min: 13.4, Avg: 14.4, Max: 15.3, Diff: 1.9, Sum: 115.1]
      [Termination (ms): Min: 0.0, Avg: 0.0, Max: 0.0, Diff: 0.0, Sum: 0.0]
         [Termination Attempts: Min: 1, Avg: 43.5, Max: 61, Diff: 60, Sum: 348]
      [GC Worker Other (ms): Min: 0.0, Avg: 0.0, Max: 0.0, Diff: 0.0, Sum: 0.3]
      [GC Worker Total (ms): Min: 20.1, Avg: 20.2, Max: 20.2, Diff: 0.1, Sum: 161.4]
      [GC Worker End (ms): Min: 13079.7, Avg: 13079.7, Max: 13079.7, Diff: 0.0]
   [Code Root Fixup: 0.0 ms]
   [Code Root Purge: 0.0 ms]
   [Clear CT: 0.3 ms]
   [Other: 1.0 ms]
      [Choose CSet: 0.0 ms]
      [Ref Proc: 0.1 ms]
      [Ref Enq: 0.0 ms]
      [Redirty Cards: 0.6 ms]
      [Humongous Register: 0.0 ms]
      [Humongous Reclaim: 0.0 ms]
      [Free CSet: 0.1 ms]
   [Eden: 210.0M(210.0M)->0.0B(206.0M) Survivors: 18.0M->18.0M Heap: 436.3M(512.0M)->230.3M(512.0M)]
 [Times: user=0.13 sys=0.00, real=0.02 secs] 
2017-11-18T17:25:57.144+0300: 13.238: [GC pause (G1 Evacuation Pause) (young), 0.0211290 secs]
   [Parallel Time: 19.9 ms, GC Workers: 8]
      [GC Worker Start (ms): Min: 13238.5, Avg: 13238.5, Max: 13238.6, Diff: 0.1]
      [Ext Root Scanning (ms): Min: 0.2, Avg: 0.2, Max: 0.3, Diff: 0.2, Sum: 1.6]
      [Update RS (ms): Min: 4.4, Avg: 5.2, Max: 6.1, Diff: 1.6, Sum: 41.9]
         [Processed Buffers: Min: 5, Avg: 5.8, Max: 7, Diff: 2, Sum: 46]
      [Scan RS (ms): Min: 0.0, Avg: 0.0, Max: 0.1, Diff: 0.1, Sum: 0.2]
      [Code Root Scanning (ms): Min: 0.0, Avg: 0.0, Max: 0.0, Diff: 0.0, Sum: 0.0]
      [Object Copy (ms): Min: 13.4, Avg: 14.2, Max: 15.0, Diff: 1.6, Sum: 113.8]
      [Termination (ms): Min: 0.0, Avg: 0.0, Max: 0.0, Diff: 0.0, Sum: 0.2]
         [Termination Attempts: Min: 1, Avg: 231.4, Max: 326, Diff: 325, Sum: 1851]
      [GC Worker Other (ms): Min: 0.0, Avg: 0.0, Max: 0.1, Diff: 0.0, Sum: 0.3]
      [GC Worker Total (ms): Min: 19.7, Avg: 19.8, Max: 19.8, Diff: 0.1, Sum: 158.1]
      [GC Worker End (ms): Min: 13258.3, Avg: 13258.3, Max: 13258.3, Diff: 0.0]
   [Code Root Fixup: 0.0 ms]
   [Code Root Purge: 0.0 ms]
   [Clear CT: 0.3 ms]
   [Other: 0.9 ms]
      [Choose CSet: 0.0 ms]
      [Ref Proc: 0.1 ms]
      [Ref Enq: 0.0 ms]
      [Redirty Cards: 0.6 ms]
      [Humongous Register: 0.0 ms]
      [Humongous Reclaim: 0.0 ms]
      [Free CSet: 0.1 ms]
   [Eden: 206.0M(206.0M)->0.0B(202.0M) Survivors: 18.0M->18.0M Heap: 436.3M(512.0M)->234.3M(512.0M)]
 [Times: user=0.13 sys=0.00, real=0.02 secs] 
2017-11-18T17:25:57.321+0300: 13.415: [GC pause (G1 Evacuation Pause) (young), 0.0205836 secs]
   [Parallel Time: 19.8 ms, GC Workers: 8]
      [GC Worker Start (ms): Min: 13415.2, Avg: 13415.3, Max: 13415.3, Diff: 0.1]
      [Ext Root Scanning (ms): Min: 0.2, Avg: 0.2, Max: 0.4, Diff: 0.2, Sum: 1.9]
      [Update RS (ms): Min: 4.4, Avg: 5.3, Max: 6.4, Diff: 2.0, Sum: 42.1]
         [Processed Buffers: Min: 5, Avg: 5.8, Max: 7, Diff: 2, Sum: 46]
      [Scan RS (ms): Min: 0.0, Avg: 0.0, Max: 0.1, Diff: 0.1, Sum: 0.2]
      [Code Root Scanning (ms): Min: 0.0, Avg: 0.0, Max: 0.0, Diff: 0.0, Sum: 0.0]
      [Object Copy (ms): Min: 13.1, Avg: 14.2, Max: 15.0, Diff: 1.9, Sum: 113.2]
      [Termination (ms): Min: 0.0, Avg: 0.0, Max: 0.0, Diff: 0.0, Sum: 0.1]
         [Termination Attempts: Min: 1, Avg: 163.4, Max: 202, Diff: 201, Sum: 1307]
      [GC Worker Other (ms): Min: 0.0, Avg: 0.0, Max: 0.1, Diff: 0.0, Sum: 0.3]
      [GC Worker Total (ms): Min: 19.7, Avg: 19.7, Max: 19.8, Diff: 0.1, Sum: 157.8]
      [GC Worker End (ms): Min: 13435.0, Avg: 13435.0, Max: 13435.0, Diff: 0.0]
   [Code Root Fixup: 0.0 ms]
   [Code Root Purge: 0.0 ms]
   [Clear CT: 0.1 ms]
   [Other: 0.6 ms]
      [Choose CSet: 0.0 ms]
      [Ref Proc: 0.1 ms]
      [Ref Enq: 0.0 ms]
      [Redirty Cards: 0.1 ms]
      [Humongous Register: 0.0 ms]
      [Humongous Reclaim: 0.0 ms]
      [Free CSet: 0.2 ms]
   [Eden: 202.0M(202.0M)->0.0B(200.0M) Survivors: 18.0M->17.0M Heap: 436.3M(512.0M)->237.8M(512.0M)]
 [Times: user=0.13 sys=0.00, real=0.02 secs] 
2017-11-18T17:25:57.404+0300: 13.499: [GC pause (G1 Humongous Allocation) (young) (initial-mark), 0.0181195 secs]
   [Parallel Time: 17.5 ms, GC Workers: 8]
      [GC Worker Start (ms): Min: 13499.2, Avg: 13499.2, Max: 13499.2, Diff: 0.1]
      [Ext Root Scanning (ms): Min: 0.4, Avg: 0.4, Max: 0.5, Diff: 0.0, Sum: 3.4]
      [Update RS (ms): Min: 4.0, Avg: 4.5, Max: 5.5, Diff: 1.5, Sum: 35.8]
         [Processed Buffers: Min: 5, Avg: 5.1, Max: 6, Diff: 1, Sum: 41]
      [Scan RS (ms): Min: 0.0, Avg: 0.0, Max: 0.1, Diff: 0.0, Sum: 0.1]
      [Code Root Scanning (ms): Min: 0.0, Avg: 0.0, Max: 0.0, Diff: 0.0, Sum: 0.0]
      [Object Copy (ms): Min: 11.4, Avg: 12.4, Max: 12.9, Diff: 1.5, Sum: 99.3]
      [Termination (ms): Min: 0.0, Avg: 0.0, Max: 0.0, Diff: 0.0, Sum: 0.0]
         [Termination Attempts: Min: 1, Avg: 22.8, Max: 31, Diff: 30, Sum: 182]
      [GC Worker Other (ms): Min: 0.0, Avg: 0.0, Max: 0.1, Diff: 0.0, Sum: 0.3]
      [GC Worker Total (ms): Min: 17.3, Avg: 17.4, Max: 17.4, Diff: 0.1, Sum: 138.9]
      [GC Worker End (ms): Min: 13516.6, Avg: 13516.6, Max: 13516.6, Diff: 0.0]
   [Code Root Fixup: 0.0 ms]
   [Code Root Purge: 0.0 ms]
   [Clear CT: 0.1 ms]
   [Other: 0.5 ms]
      [Choose CSet: 0.0 ms]
      [Ref Proc: 0.1 ms]
      [Ref Enq: 0.0 ms]
      [Redirty Cards: 0.2 ms]
      [Humongous Register: 0.0 ms]
      [Humongous Reclaim: 0.0 ms]
      [Free CSet: 0.1 ms]
   [Eden: 82.0M(200.0M)->0.0B(198.0M) Survivors: 17.0M->16.0M Heap: 319.8M(512.0M)->240.5M(512.0M)]
 [Times: user=0.13 sys=0.00, real=0.02 secs] 
2017-11-18T17:25:57.423+0300: 13.517: [GC concurrent-root-region-scan-start]
2017-11-18T17:25:57.430+0300: 13.524: [GC concurrent-root-region-scan-end, 0.0070210 secs]
2017-11-18T17:25:57.430+0300: 13.524: [GC concurrent-mark-start]
2017-11-18T17:25:57.719+0300: 13.814: [GC pause (G1 Evacuation Pause) (young), 0.0234283 secs]
   [Parallel Time: 22.7 ms, GC Workers: 8]
      [GC Worker Start (ms): Min: 13813.7, Avg: 13813.7, Max: 13813.7, Diff: 0.1]
      [Ext Root Scanning (ms): Min: 0.1, Avg: 0.2, Max: 0.2, Diff: 0.1, Sum: 1.3]
      [Update RS (ms): Min: 1.2, Avg: 2.1, Max: 3.3, Diff: 2.1, Sum: 17.0]
         [Processed Buffers: Min: 9, Avg: 9.8, Max: 10, Diff: 1, Sum: 78]
      [Scan RS (ms): Min: 2.3, Avg: 3.5, Max: 4.5, Diff: 2.2, Sum: 27.8]
      [Code Root Scanning (ms): Min: 0.0, Avg: 0.0, Max: 0.0, Diff: 0.0, Sum: 0.0]
      [Object Copy (ms): Min: 16.7, Avg: 16.8, Max: 16.9, Diff: 0.1, Sum: 134.5]
      [Termination (ms): Min: 0.0, Avg: 0.0, Max: 0.0, Diff: 0.0, Sum: 0.1]
         [Termination Attempts: Min: 1, Avg: 66.4, Max: 97, Diff: 96, Sum: 531]
      [GC Worker Other (ms): Min: 0.0, Avg: 0.0, Max: 0.0, Diff: 0.0, Sum: 0.2]
      [GC Worker Total (ms): Min: 22.6, Avg: 22.6, Max: 22.6, Diff: 0.1, Sum: 180.9]
      [GC Worker End (ms): Min: 13836.3, Avg: 13836.3, Max: 13836.3, Diff: 0.0]
   [Code Root Fixup: 0.0 ms]
   [Code Root Purge: 0.0 ms]
   [Clear CT: 0.2 ms]
   [Other: 0.5 ms]
      [Choose CSet: 0.0 ms]
      [Ref Proc: 0.1 ms]
      [Ref Enq: 0.0 ms]
      [Redirty Cards: 0.1 ms]
      [Humongous Register: 0.0 ms]
      [Humongous Reclaim: 0.0 ms]
      [Free CSet: 0.2 ms]
   [Eden: 198.0M(198.0M)->0.0B(159.0M) Survivors: 16.0M->16.0M Heap: 473.7M(512.0M)->278.8M(512.0M)]
 [Times: user=0.13 sys=0.00, real=0.02 secs] 
2017-11-18T17:25:57.774+0300: 13.869: [GC concurrent-mark-end, 0.3443450 secs]
2017-11-18T17:25:57.774+0300: 13.869: [GC remark 2017-11-18T17:25:57.774+0300: 13.869: [Finalize Marking, 0.0000830 secs] 2017-11-18T17:25:57.775+0300: 13.869: [GC ref-proc, 0.0001376 secs] 2017-11-18T17:25:57.775+0300: 13.869: [Unloading, 0.0016436 secs], 0.0023669 secs]
 [Times: user=0.00 sys=0.00, real=0.00 secs] 
2017-11-18T17:25:57.777+0300: 13.871: [GC cleanup 308M->263M(512M), 0.0004359 secs]
 [Times: user=0.00 sys=0.00, real=0.00 secs] 
2017-11-18T17:25:57.777+0300: 13.872: [GC concurrent-cleanup-start]
2017-11-18T17:25:57.777+0300: 13.872: [GC concurrent-cleanup-end, 0.0000320 secs]
2017-11-18T17:25:57.879+0300: 13.973: [GC pause (G1 Evacuation Pause) (young), 0.0253680 secs]
   [Parallel Time: 24.7 ms, GC Workers: 8]
      [GC Worker Start (ms): Min: 13973.5, Avg: 13973.5, Max: 13973.6, Diff: 0.1]
      [Ext Root Scanning (ms): Min: 0.2, Avg: 0.2, Max: 0.4, Diff: 0.3, Sum: 2.0]
      [Update RS (ms): Min: 7.1, Avg: 7.8, Max: 8.9, Diff: 1.8, Sum: 62.4]
         [Processed Buffers: Min: 8, Avg: 8.5, Max: 10, Diff: 2, Sum: 68]
      [Scan RS (ms): Min: 0.0, Avg: 0.0, Max: 0.1, Diff: 0.1, Sum: 0.1]
      [Code Root Scanning (ms): Min: 0.0, Avg: 0.0, Max: 0.0, Diff: 0.0, Sum: 0.0]
      [Object Copy (ms): Min: 15.4, Avg: 16.4, Max: 17.1, Diff: 1.7, Sum: 131.5]
      [Termination (ms): Min: 0.0, Avg: 0.0, Max: 0.1, Diff: 0.1, Sum: 0.3]
         [Termination Attempts: Min: 1, Avg: 305.6, Max: 426, Diff: 425, Sum: 2445]
      [GC Worker Other (ms): Min: 0.0, Avg: 0.0, Max: 0.0, Diff: 0.0, Sum: 0.3]
      [GC Worker Total (ms): Min: 24.5, Avg: 24.6, Max: 24.7, Diff: 0.1, Sum: 196.7]
      [GC Worker End (ms): Min: 13998.1, Avg: 13998.1, Max: 13998.1, Diff: 0.0]
   [Code Root Fixup: 0.0 ms]
   [Code Root Purge: 0.0 ms]
   [Clear CT: 0.2 ms]
   [Other: 0.5 ms]
      [Choose CSet: 0.0 ms]
      [Ref Proc: 0.1 ms]
      [Ref Enq: 0.0 ms]
      [Redirty Cards: 0.2 ms]
      [Humongous Register: 0.0 ms]
      [Humongous Reclaim: 0.0 ms]
      [Free CSet: 0.1 ms]
   [Eden: 159.0M(159.0M)->0.0B(12.0M) Survivors: 16.0M->13.0M Heap: 392.0M(512.0M)->236.7M(512.0M)]
 [Times: user=0.25 sys=0.00, real=0.03 secs] 
2017-11-18T17:25:57.914+0300: 14.008: [GC pause (G1 Evacuation Pause) (mixed), 0.0344909 secs]
   [Parallel Time: 33.8 ms, GC Workers: 8]
      [GC Worker Start (ms): Min: 14008.6, Avg: 14008.6, Max: 14008.7, Diff: 0.1]
      [Ext Root Scanning (ms): Min: 0.2, Avg: 0.2, Max: 0.4, Diff: 0.2, Sum: 2.0]
      [Update RS (ms): Min: 5.8, Avg: 6.1, Max: 6.5, Diff: 0.7, Sum: 48.6]
         [Processed Buffers: Min: 7, Avg: 7.3, Max: 8, Diff: 1, Sum: 58]
      [Scan RS (ms): Min: 4.6, Avg: 4.9, Max: 5.2, Diff: 0.7, Sum: 39.2]
      [Code Root Scanning (ms): Min: 0.0, Avg: 0.0, Max: 0.0, Diff: 0.0, Sum: 0.0]
      [Object Copy (ms): Min: 22.3, Avg: 22.4, Max: 22.5, Diff: 0.2, Sum: 179.4]
      [Termination (ms): Min: 0.0, Avg: 0.0, Max: 0.0, Diff: 0.0, Sum: 0.0]
         [Termination Attempts: Min: 1, Avg: 25.6, Max: 37, Diff: 36, Sum: 205]
      [GC Worker Other (ms): Min: 0.0, Avg: 0.0, Max: 0.1, Diff: 0.0, Sum: 0.3]
      [GC Worker Total (ms): Min: 33.7, Avg: 33.7, Max: 33.7, Diff: 0.1, Sum: 269.6]
      [GC Worker End (ms): Min: 14042.3, Avg: 14042.3, Max: 14042.3, Diff: 0.0]
   [Code Root Fixup: 0.0 ms]
   [Code Root Purge: 0.0 ms]
   [Clear CT: 0.1 ms]
   [Other: 0.5 ms]
      [Choose CSet: 0.0 ms]
      [Ref Proc: 0.1 ms]
      [Ref Enq: 0.0 ms]
      [Redirty Cards: 0.1 ms]
      [Humongous Register: 0.0 ms]
      [Humongous Reclaim: 0.0 ms]
      [Free CSet: 0.1 ms]
   [Eden: 12.0M(12.0M)->0.0B(21.0M) Survivors: 13.0M->4096.0K Heap: 248.7M(512.0M)->203.6M(512.0M)]
 [Times: user=0.38 sys=0.00, real=0.03 secs] 
2017-11-18T17:25:57.965+0300: 14.060: [GC pause (G1 Evacuation Pause) (mixed), 0.0242998 secs]
   [Parallel Time: 23.8 ms, GC Workers: 8]
      [GC Worker Start (ms): Min: 14059.7, Avg: 14059.8, Max: 14059.8, Diff: 0.1]
      [Ext Root Scanning (ms): Min: 0.2, Avg: 0.2, Max: 0.3, Diff: 0.2, Sum: 1.8]
      [Update RS (ms): Min: 10.4, Avg: 10.7, Max: 11.0, Diff: 0.6, Sum: 85.6]
         [Processed Buffers: Min: 12, Avg: 13.1, Max: 15, Diff: 3, Sum: 105]
      [Scan RS (ms): Min: 1.6, Avg: 1.9, Max: 2.2, Diff: 0.6, Sum: 15.5]
      [Code Root Scanning (ms): Min: 0.0, Avg: 0.0, Max: 0.0, Diff: 0.0, Sum: 0.0]
      [Object Copy (ms): Min: 10.8, Avg: 10.8, Max: 10.9, Diff: 0.1, Sum: 86.7]
      [Termination (ms): Min: 0.0, Avg: 0.0, Max: 0.0, Diff: 0.0, Sum: 0.0]
         [Termination Attempts: Min: 1, Avg: 2.1, Max: 5, Diff: 4, Sum: 17]
      [GC Worker Other (ms): Min: 0.0, Avg: 0.0, Max: 0.0, Diff: 0.0, Sum: 0.2]
      [GC Worker Total (ms): Min: 23.7, Avg: 23.7, Max: 23.8, Diff: 0.1, Sum: 189.9]
      [GC Worker End (ms): Min: 14083.5, Avg: 14083.5, Max: 14083.5, Diff: 0.0]
   [Code Root Fixup: 0.0 ms]
   [Code Root Purge: 0.0 ms]
   [Clear CT: 0.1 ms]
   [Other: 0.3 ms]
      [Choose CSet: 0.0 ms]
      [Ref Proc: 0.1 ms]
      [Ref Enq: 0.0 ms]
      [Redirty Cards: 0.0 ms]
      [Humongous Register: 0.0 ms]
      [Humongous Reclaim: 0.0 ms]
      [Free CSet: 0.1 ms]
   [Eden: 21.0M(21.0M)->0.0B(258.0M) Survivors: 4096.0K->4096.0K Heap: 224.6M(512.0M)->196.7M(512.0M)]
 [Times: user=0.13 sys=0.00, real=0.03 secs] 
2017-11-18T17:25:58.190+0300: 14.284: [GC pause (G1 Evacuation Pause) (young), 0.0116914 secs]
   [Parallel Time: 10.5 ms, GC Workers: 8]
      [GC Worker Start (ms): Min: 14284.4, Avg: 14284.5, Max: 14284.5, Diff: 0.1]
      [Ext Root Scanning (ms): Min: 0.2, Avg: 0.2, Max: 0.3, Diff: 0.1, Sum: 1.7]
      [Update RS (ms): Min: 4.4, Avg: 5.4, Max: 5.9, Diff: 1.5, Sum: 42.9]
         [Processed Buffers: Min: 6, Avg: 6.3, Max: 7, Diff: 1, Sum: 50]
      [Scan RS (ms): Min: 0.0, Avg: 0.0, Max: 0.1, Diff: 0.1, Sum: 0.2]
      [Code Root Scanning (ms): Min: 0.0, Avg: 0.0, Max: 0.0, Diff: 0.0, Sum: 0.0]
      [Object Copy (ms): Min: 4.2, Avg: 4.7, Max: 5.5, Diff: 1.4, Sum: 37.5]
      [Termination (ms): Min: 0.0, Avg: 0.0, Max: 0.0, Diff: 0.0, Sum: 0.1]
         [Termination Attempts: Min: 1, Avg: 97.5, Max: 139, Diff: 138, Sum: 780]
      [GC Worker Other (ms): Min: 0.0, Avg: 0.0, Max: 0.1, Diff: 0.0, Sum: 0.3]
      [GC Worker Total (ms): Min: 10.3, Avg: 10.3, Max: 10.4, Diff: 0.1, Sum: 82.7]
      [GC Worker End (ms): Min: 14294.8, Avg: 14294.8, Max: 14294.9, Diff: 0.0]
   [Code Root Fixup: 0.0 ms]
   [Code Root Purge: 0.0 ms]
   [Clear CT: 0.5 ms]
   [Other: 0.7 ms]
      [Choose CSet: 0.0 ms]
      [Ref Proc: 0.2 ms]
      [Ref Enq: 0.0 ms]
      [Redirty Cards: 0.3 ms]
      [Humongous Register: 0.0 ms]
      [Humongous Reclaim: 0.0 ms]
      [Free CSet: 0.1 ms]
   [Eden: 258.0M(258.0M)->0.0B(254.0M) Survivors: 4096.0K->6144.0K Heap: 454.7M(512.0M)->197.9M(512.0M)]
 [Times: user=0.11 sys=0.02, real=0.01 secs] 
2017-11-18T17:25:58.401+0300: 14.495: [GC pause (G1 Evacuation Pause) (young), 0.0099083 secs]
   [Parallel Time: 9.2 ms, GC Workers: 8]
      [GC Worker Start (ms): Min: 14495.2, Avg: 14495.3, Max: 14495.3, Diff: 0.1]
      [Ext Root Scanning (ms): Min: 0.2, Avg: 0.2, Max: 0.3, Diff: 0.2, Sum: 1.6]
      [Update RS (ms): Min: 1.4, Avg: 2.4, Max: 3.1, Diff: 1.8, Sum: 19.6]
         [Processed Buffers: Min: 2, Avg: 2.8, Max: 4, Diff: 2, Sum: 22]
      [Scan RS (ms): Min: 0.0, Avg: 0.0, Max: 0.1, Diff: 0.1, Sum: 0.2]
      [Code Root Scanning (ms): Min: 0.0, Avg: 0.0, Max: 0.0, Diff: 0.0, Sum: 0.0]
      [Object Copy (ms): Min: 5.7, Avg: 6.3, Max: 7.2, Diff: 1.6, Sum: 50.6]
      [Termination (ms): Min: 0.0, Avg: 0.0, Max: 0.0, Diff: 0.0, Sum: 0.0]
         [Termination Attempts: Min: 1, Avg: 41.1, Max: 56, Diff: 55, Sum: 329]
      [GC Worker Other (ms): Min: 0.0, Avg: 0.0, Max: 0.1, Diff: 0.1, Sum: 0.4]
      [GC Worker Total (ms): Min: 9.0, Avg: 9.1, Max: 9.1, Diff: 0.1, Sum: 72.5]
      [GC Worker End (ms): Min: 14504.4, Avg: 14504.4, Max: 14504.4, Diff: 0.0]
   [Code Root Fixup: 0.0 ms]
   [Code Root Purge: 0.0 ms]
   [Clear CT: 0.3 ms]
   [Other: 0.5 ms]
      [Choose CSet: 0.0 ms]
      [Ref Proc: 0.1 ms]
      [Ref Enq: 0.0 ms]
      [Redirty Cards: 0.2 ms]
      [Humongous Register: 0.0 ms]
      [Humongous Reclaim: 0.0 ms]
      [Free CSet: 0.1 ms]
   [Eden: 254.0M(254.0M)->0.0B(248.0M) Survivors: 6144.0K->9216.0K Heap: 451.9M(512.0M)->201.6M(512.0M)]
 [Times: user=0.00 sys=0.00, real=0.01 secs] 
2017-11-18T17:25:58.602+0300: 14.697: [GC pause (G1 Evacuation Pause) (young), 0.0125936 secs]
   [Parallel Time: 11.7 ms, GC Workers: 8]
      [GC Worker Start (ms): Min: 14696.7, Avg: 14696.7, Max: 14696.8, Diff: 0.1]
      [Ext Root Scanning (ms): Min: 0.2, Avg: 0.2, Max: 0.3, Diff: 0.2, Sum: 1.7]
      [Update RS (ms): Min: 2.3, Avg: 3.2, Max: 3.8, Diff: 1.5, Sum: 25.5]
         [Processed Buffers: Min: 2, Avg: 2.9, Max: 3, Diff: 1, Sum: 23]
      [Scan RS (ms): Min: 0.0, Avg: 0.0, Max: 0.1, Diff: 0.1, Sum: 0.2]
      [Code Root Scanning (ms): Min: 0.0, Avg: 0.0, Max: 0.1, Diff: 0.1, Sum: 0.1]
      [Object Copy (ms): Min: 7.6, Avg: 8.1, Max: 8.9, Diff: 1.3, Sum: 64.8]
      [Termination (ms): Min: 0.0, Avg: 0.0, Max: 0.0, Diff: 0.0, Sum: 0.0]
         [Termination Attempts: Min: 1, Avg: 9.6, Max: 14, Diff: 13, Sum: 77]
      [GC Worker Other (ms): Min: 0.0, Avg: 0.0, Max: 0.1, Diff: 0.0, Sum: 0.3]
      [GC Worker Total (ms): Min: 11.5, Avg: 11.6, Max: 11.6, Diff: 0.1, Sum: 92.6]
      [GC Worker End (ms): Min: 14708.3, Avg: 14708.3, Max: 14708.3, Diff: 0.0]
   [Code Root Fixup: 0.0 ms]
   [Code Root Purge: 0.0 ms]
   [Clear CT: 0.2 ms]
   [Other: 0.7 ms]
      [Choose CSet: 0.0 ms]
      [Ref Proc: 0.1 ms]
      [Ref Enq: 0.0 ms]
      [Redirty Cards: 0.4 ms]
      [Humongous Register: 0.0 ms]
      [Humongous Reclaim: 0.0 ms]
      [Free CSet: 0.1 ms]
   [Eden: 248.0M(248.0M)->0.0B(242.0M) Survivors: 9216.0K->12.0M Heap: 449.6M(512.0M)->204.7M(512.0M)]
 [Times: user=0.00 sys=0.00, real=0.01 secs] 
2017-11-18T17:25:58.806+0300: 14.900: [GC pause (G1 Evacuation Pause) (young), 0.0147474 secs]
   [Parallel Time: 13.6 ms, GC Workers: 8]
      [GC Worker Start (ms): Min: 14900.4, Avg: 14900.5, Max: 14900.6, Diff: 0.1]
      [Ext Root Scanning (ms): Min: 0.1, Avg: 0.2, Max: 0.3, Diff: 0.1, Sum: 1.5]
      [Update RS (ms): Min: 2.4, Avg: 3.4, Max: 4.0, Diff: 1.6, Sum: 27.1]
         [Processed Buffers: Min: 3, Avg: 4.0, Max: 5, Diff: 2, Sum: 32]
      [Scan RS (ms): Min: 0.0, Avg: 0.0, Max: 0.1, Diff: 0.1, Sum: 0.2]
      [Code Root Scanning (ms): Min: 0.0, Avg: 0.0, Max: 0.1, Diff: 0.1, Sum: 0.1]
      [Object Copy (ms): Min: 9.2, Avg: 9.8, Max: 10.7, Diff: 1.5, Sum: 78.8]
      [Termination (ms): Min: 0.0, Avg: 0.0, Max: 0.0, Diff: 0.0, Sum: 0.0]
         [Termination Attempts: Min: 1, Avg: 1.0, Max: 1, Diff: 0, Sum: 8]
      [GC Worker Other (ms): Min: 0.0, Avg: 0.0, Max: 0.0, Diff: 0.0, Sum: 0.3]
      [GC Worker Total (ms): Min: 13.5, Avg: 13.5, Max: 13.6, Diff: 0.1, Sum: 107.9]
      [GC Worker End (ms): Min: 14914.0, Avg: 14914.0, Max: 14914.0, Diff: 0.0]
   [Code Root Fixup: 0.0 ms]
   [Code Root Purge: 0.0 ms]
   [Clear CT: 0.3 ms]
   [Other: 0.8 ms]
      [Choose CSet: 0.0 ms]
      [Ref Proc: 0.1 ms]
      [Ref Enq: 0.0 ms]
      [Redirty Cards: 0.2 ms]
      [Humongous Register: 0.0 ms]
      [Humongous Reclaim: 0.0 ms]
      [Free CSet: 0.4 ms]
   [Eden: 242.0M(242.0M)->0.0B(238.0M) Survivors: 12.0M->14.0M Heap: 446.7M(512.0M)->206.7M(512.0M)]
 [Times: user=0.00 sys=0.00, real=0.02 secs] 
2017-11-18T17:25:59.003+0300: 15.098: [GC pause (G1 Evacuation Pause) (young), 0.0175429 secs]
   [Parallel Time: 16.2 ms, GC Workers: 8]
      [GC Worker Start (ms): Min: 15098.0, Avg: 15098.0, Max: 15098.1, Diff: 0.1]
      [Ext Root Scanning (ms): Min: 0.2, Avg: 0.2, Max: 0.4, Diff: 0.2, Sum: 1.7]
      [Update RS (ms): Min: 3.2, Avg: 4.2, Max: 4.9, Diff: 1.7, Sum: 33.3]
         [Processed Buffers: Min: 3, Avg: 4.3, Max: 5, Diff: 2, Sum: 34]
      [Scan RS (ms): Min: 0.0, Avg: 0.0, Max: 0.1, Diff: 0.1, Sum: 0.2]
      [Code Root Scanning (ms): Min: 0.0, Avg: 0.0, Max: 0.0, Diff: 0.0, Sum: 0.1]
      [Object Copy (ms): Min: 10.9, Avg: 11.6, Max: 12.6, Diff: 1.7, Sum: 93.2]
      [Termination (ms): Min: 0.0, Avg: 0.0, Max: 0.0, Diff: 0.0, Sum: 0.0]
         [Termination Attempts: Min: 1, Avg: 1.5, Max: 3, Diff: 2, Sum: 12]
      [GC Worker Other (ms): Min: 0.0, Avg: 0.0, Max: 0.0, Diff: 0.0, Sum: 0.3]
      [GC Worker Total (ms): Min: 16.1, Avg: 16.1, Max: 16.2, Diff: 0.1, Sum: 128.9]
      [GC Worker End (ms): Min: 15114.1, Avg: 15114.1, Max: 15114.1, Diff: 0.0]
   [Code Root Fixup: 0.0 ms]
   [Code Root Purge: 0.0 ms]
   [Clear CT: 0.4 ms]
   [Other: 0.9 ms]
      [Choose CSet: 0.0 ms]
      [Ref Proc: 0.3 ms]
      [Ref Enq: 0.0 ms]
      [Redirty Cards: 0.4 ms]
      [Humongous Register: 0.0 ms]
      [Humongous Reclaim: 0.0 ms]
      [Free CSet: 0.1 ms]
   [Eden: 238.0M(238.0M)->0.0B(234.0M) Survivors: 14.0M->16.0M Heap: 444.7M(512.0M)->208.7M(512.0M)]
 [Times: user=0.13 sys=0.00, real=0.02 secs] 
2017-11-18T17:25:59.201+0300: 15.296: [GC pause (G1 Evacuation Pause) (young), 0.0189801 secs]
   [Parallel Time: 18.3 ms, GC Workers: 8]
      [GC Worker Start (ms): Min: 15296.1, Avg: 15296.1, Max: 15296.4, Diff: 0.3]
      [Ext Root Scanning (ms): Min: 0.0, Avg: 0.2, Max: 0.5, Diff: 0.5, Sum: 1.8]
      [Update RS (ms): Min: 3.7, Avg: 4.8, Max: 5.6, Diff: 1.9, Sum: 38.0]
         [Processed Buffers: Min: 4, Avg: 4.8, Max: 5, Diff: 1, Sum: 38]
      [Scan RS (ms): Min: 0.0, Avg: 0.0, Max: 0.1, Diff: 0.1, Sum: 0.2]
      [Code Root Scanning (ms): Min: 0.0, Avg: 0.0, Max: 0.0, Diff: 0.0, Sum: 0.1]
      [Object Copy (ms): Min: 12.3, Avg: 13.1, Max: 14.0, Diff: 1.7, Sum: 104.9]
      [Termination (ms): Min: 0.0, Avg: 0.0, Max: 0.0, Diff: 0.0, Sum: 0.0]
         [Termination Attempts: Min: 1, Avg: 1.1, Max: 2, Diff: 1, Sum: 9]
      [GC Worker Other (ms): Min: 0.0, Avg: 0.0, Max: 0.1, Diff: 0.0, Sum: 0.3]
      [GC Worker Total (ms): Min: 18.0, Avg: 18.2, Max: 18.2, Diff: 0.3, Sum: 145.4]
      [GC Worker End (ms): Min: 15314.3, Avg: 15314.3, Max: 15314.3, Diff: 0.0]
   [Code Root Fixup: 0.0 ms]
   [Code Root Purge: 0.0 ms]
   [Clear CT: 0.2 ms]
   [Other: 0.5 ms]
      [Choose CSet: 0.0 ms]
      [Ref Proc: 0.1 ms]
      [Ref Enq: 0.0 ms]
      [Redirty Cards: 0.1 ms]
      [Humongous Register: 0.0 ms]
      [Humongous Reclaim: 0.0 ms]
      [Free CSet: 0.2 ms]
   [Eden: 234.0M(234.0M)->0.0B(226.0M) Survivors: 16.0M->20.0M Heap: 442.7M(512.0M)->212.7M(512.0M)]
 [Times: user=0.13 sys=0.00, real=0.02 secs] 
2017-11-18T17:25:59.395+0300: 15.490: [GC pause (G1 Evacuation Pause) (young), 0.0215567 secs]
   [Parallel Time: 20.8 ms, GC Workers: 8]
      [GC Worker Start (ms): Min: 15489.9, Avg: 15490.0, Max: 15490.0, Diff: 0.1]
      [Ext Root Scanning (ms): Min: 0.2, Avg: 0.2, Max: 0.4, Diff: 0.2, Sum: 1.7]
      [Update RS (ms): Min: 4.2, Avg: 5.3, Max: 6.2, Diff: 2.0, Sum: 42.5]
         [Processed Buffers: Min: 5, Avg: 5.8, Max: 7, Diff: 2, Sum: 46]
      [Scan RS (ms): Min: 0.0, Avg: 0.0, Max: 0.1, Diff: 0.1, Sum: 0.2]
      [Code Root Scanning (ms): Min: 0.0, Avg: 0.0, Max: 0.0, Diff: 0.0, Sum: 0.1]
      [Object Copy (ms): Min: 14.2, Avg: 15.1, Max: 16.1, Diff: 1.9, Sum: 120.6]
      [Termination (ms): Min: 0.0, Avg: 0.0, Max: 0.0, Diff: 0.0, Sum: 0.0]
         [Termination Attempts: Min: 1, Avg: 42.4, Max: 58, Diff: 57, Sum: 339]
      [GC Worker Other (ms): Min: 0.0, Avg: 0.0, Max: 0.0, Diff: 0.0, Sum: 0.2]
      [GC Worker Total (ms): Min: 20.6, Avg: 20.7, Max: 20.8, Diff: 0.1, Sum: 165.4]
      [GC Worker End (ms): Min: 15510.6, Avg: 15510.6, Max: 15510.6, Diff: 0.0]
   [Code Root Fixup: 0.0 ms]
   [Code Root Purge: 0.0 ms]
   [Clear CT: 0.2 ms]
   [Other: 0.5 ms]
      [Choose CSet: 0.0 ms]
      [Ref Proc: 0.1 ms]
      [Ref Enq: 0.0 ms]
      [Redirty Cards: 0.2 ms]
      [Humongous Register: 0.0 ms]
      [Humongous Reclaim: 0.0 ms]
      [Free CSet: 0.1 ms]
   [Eden: 226.0M(226.0M)->0.0B(226.0M) Survivors: 20.0M->19.0M Heap: 438.7M(512.0M)->213.2M(512.0M)]
 [Times: user=0.25 sys=0.00, real=0.02 secs] 
2017-11-18T17:25:59.592+0300: 15.687: [GC pause (G1 Evacuation Pause) (young), 0.0228312 secs]
   [Parallel Time: 21.4 ms, GC Workers: 8]
      [GC Worker Start (ms): Min: 15686.7, Avg: 15686.8, Max: 15686.8, Diff: 0.1]
      [Ext Root Scanning (ms): Min: 0.2, Avg: 0.2, Max: 0.3, Diff: 0.2, Sum: 1.6]
      [Update RS (ms): Min: 4.7, Avg: 5.6, Max: 6.5, Diff: 1.8, Sum: 45.2]
         [Processed Buffers: Min: 5, Avg: 5.8, Max: 6, Diff: 1, Sum: 46]
      [Scan RS (ms): Min: 0.0, Avg: 0.0, Max: 0.1, Diff: 0.1, Sum: 0.2]
      [Code Root Scanning (ms): Min: 0.0, Avg: 0.0, Max: 0.0, Diff: 0.0, Sum: 0.0]
      [Object Copy (ms): Min: 14.5, Avg: 15.3, Max: 16.2, Diff: 1.7, Sum: 122.5]
      [Termination (ms): Min: 0.0, Avg: 0.0, Max: 0.0, Diff: 0.0, Sum: 0.1]
         [Termination Attempts: Min: 1, Avg: 58.9, Max: 76, Diff: 75, Sum: 471]
      [GC Worker Other (ms): Min: 0.0, Avg: 0.0, Max: 0.1, Diff: 0.0, Sum: 0.3]
      [GC Worker Total (ms): Min: 21.2, Avg: 21.2, Max: 21.3, Diff: 0.1, Sum: 169.9]
      [GC Worker End (ms): Min: 15708.0, Avg: 15708.0, Max: 15708.0, Diff: 0.0]
   [Code Root Fixup: 0.0 ms]
   [Code Root Purge: 0.0 ms]
   [Clear CT: 0.4 ms]
   [Other: 1.1 ms]
      [Choose CSet: 0.0 ms]
      [Ref Proc: 0.2 ms]
      [Ref Enq: 0.0 ms]
      [Redirty Cards: 0.7 ms]
      [Humongous Register: 0.0 ms]
      [Humongous Reclaim: 0.0 ms]
      [Free CSet: 0.1 ms]
   [Eden: 226.0M(226.0M)->0.0B(222.0M) Survivors: 19.0M->19.0M Heap: 439.2M(512.0M)->216.9M(512.0M)]
 [Times: user=0.13 sys=0.00, real=0.02 secs] 
2017-11-18T17:25:59.796+0300: 15.891: [GC pause (G1 Evacuation Pause) (young), 0.0216639 secs]
   [Parallel Time: 20.8 ms, GC Workers: 8]
      [GC Worker Start (ms): Min: 15891.1, Avg: 15891.2, Max: 15891.2, Diff: 0.1]
      [Ext Root Scanning (ms): Min: 0.1, Avg: 0.2, Max: 0.3, Diff: 0.2, Sum: 1.5]
      [Update RS (ms): Min: 4.7, Avg: 5.8, Max: 6.8, Diff: 2.2, Sum: 46.3]
         [Processed Buffers: Min: 5, Avg: 6.4, Max: 8, Diff: 3, Sum: 51]
      [Scan RS (ms): Min: 0.0, Avg: 0.0, Max: 0.1, Diff: 0.1, Sum: 0.2]
      [Code Root Scanning (ms): Min: 0.0, Avg: 0.0, Max: 0.0, Diff: 0.0, Sum: 0.0]
      [Object Copy (ms): Min: 13.6, Avg: 14.7, Max: 15.6, Diff: 2.0, Sum: 117.2]
      [Termination (ms): Min: 0.0, Avg: 0.0, Max: 0.0, Diff: 0.0, Sum: 0.1]
         [Termination Attempts: Min: 1, Avg: 61.5, Max: 87, Diff: 86, Sum: 492]
      [GC Worker Other (ms): Min: 0.0, Avg: 0.0, Max: 0.1, Diff: 0.0, Sum: 0.3]
      [GC Worker Total (ms): Min: 20.6, Avg: 20.7, Max: 20.8, Diff: 0.2, Sum: 165.6]
      [GC Worker End (ms): Min: 15911.8, Avg: 15911.9, Max: 15911.9, Diff: 0.0]
   [Code Root Fixup: 0.0 ms]
   [Code Root Purge: 0.0 ms]
   [Clear CT: 0.2 ms]
   [Other: 0.7 ms]
      [Choose CSet: 0.0 ms]
      [Ref Proc: 0.1 ms]
      [Ref Enq: 0.0 ms]
      [Redirty Cards: 0.3 ms]
      [Humongous Register: 0.0 ms]
      [Humongous Reclaim: 0.0 ms]
      [Free CSet: 0.1 ms]
   [Eden: 222.0M(222.0M)->0.0B(217.0M) Survivors: 19.0M->19.0M Heap: 438.9M(512.0M)->221.5M(512.0M)]
 [Times: user=0.13 sys=0.00, real=0.02 secs] 
2017-11-18T17:25:59.985+0300: 16.079: [GC pause (G1 Evacuation Pause) (young), 0.0215903 secs]
   [Parallel Time: 21.0 ms, GC Workers: 8]
      [GC Worker Start (ms): Min: 16079.3, Avg: 16079.3, Max: 16079.4, Diff: 0.1]
      [Ext Root Scanning (ms): Min: 0.2, Avg: 0.2, Max: 0.3, Diff: 0.2, Sum: 1.6]
      [Update RS (ms): Min: 4.7, Avg: 5.6, Max: 6.6, Diff: 1.9, Sum: 45.0]
         [Processed Buffers: Min: 5, Avg: 5.9, Max: 7, Diff: 2, Sum: 47]
      [Scan RS (ms): Min: 0.0, Avg: 0.0, Max: 0.1, Diff: 0.1, Sum: 0.2]
      [Code Root Scanning (ms): Min: 0.0, Avg: 0.0, Max: 0.0, Diff: 0.0, Sum: 0.0]
      [Object Copy (ms): Min: 14.0, Avg: 15.0, Max: 15.8, Diff: 1.7, Sum: 119.6]
      [Termination (ms): Min: 0.0, Avg: 0.0, Max: 0.0, Diff: 0.0, Sum: 0.1]
         [Termination Attempts: Min: 1, Avg: 2.4, Max: 6, Diff: 5, Sum: 19]
      [GC Worker Other (ms): Min: 0.0, Avg: 0.0, Max: 0.0, Diff: 0.0, Sum: 0.2]
      [GC Worker Total (ms): Min: 20.8, Avg: 20.8, Max: 20.9, Diff: 0.1, Sum: 166.8]
      [GC Worker End (ms): Min: 16100.2, Avg: 16100.2, Max: 16100.2, Diff: 0.0]
   [Code Root Fixup: 0.0 ms]
   [Code Root Purge: 0.0 ms]
   [Clear CT: 0.1 ms]
   [Other: 0.5 ms]
      [Choose CSet: 0.0 ms]
      [Ref Proc: 0.1 ms]
      [Ref Enq: 0.0 ms]
      [Redirty Cards: 0.1 ms]
      [Humongous Register: 0.0 ms]
      [Humongous Reclaim: 0.0 ms]
      [Free CSet: 0.2 ms]
   [Eden: 217.0M(217.0M)->0.0B(213.0M) Survivors: 19.0M->19.0M Heap: 438.5M(512.0M)->225.5M(512.0M)]
 [Times: user=0.11 sys=0.00, real=0.02 secs] 
2017-11-18T17:26:00.176+0300: 16.271: [GC pause (G1 Evacuation Pause) (young), 0.0213089 secs]
   [Parallel Time: 20.4 ms, GC Workers: 8]
      [GC Worker Start (ms): Min: 16270.9, Avg: 16270.9, Max: 16270.9, Diff: 0.1]
      [Ext Root Scanning (ms): Min: 0.2, Avg: 0.2, Max: 0.4, Diff: 0.2, Sum: 1.8]
      [Update RS (ms): Min: 4.8, Avg: 5.7, Max: 6.4, Diff: 1.6, Sum: 45.2]
         [Processed Buffers: Min: 5, Avg: 5.9, Max: 7, Diff: 2, Sum: 47]
      [Scan RS (ms): Min: 0.0, Avg: 0.0, Max: 0.1, Diff: 0.1, Sum: 0.2]
      [Code Root Scanning (ms): Min: 0.0, Avg: 0.0, Max: 0.0, Diff: 0.0, Sum: 0.0]
      [Object Copy (ms): Min: 13.7, Avg: 14.4, Max: 15.1, Diff: 1.4, Sum: 115.1]
      [Termination (ms): Min: 0.0, Avg: 0.0, Max: 0.0, Diff: 0.0, Sum: 0.0]
         [Termination Attempts: Min: 1, Avg: 16.6, Max: 26, Diff: 25, Sum: 133]
      [GC Worker Other (ms): Min: 0.0, Avg: 0.0, Max: 0.1, Diff: 0.0, Sum: 0.3]
      [GC Worker Total (ms): Min: 20.3, Avg: 20.3, Max: 20.4, Diff: 0.1, Sum: 162.6]
      [GC Worker End (ms): Min: 16291.2, Avg: 16291.2, Max: 16291.3, Diff: 0.0]
   [Code Root Fixup: 0.0 ms]
   [Code Root Purge: 0.0 ms]
   [Clear CT: 0.2 ms]
   [Other: 0.7 ms]
      [Choose CSet: 0.0 ms]
      [Ref Proc: 0.1 ms]
      [Ref Enq: 0.0 ms]
      [Redirty Cards: 0.3 ms]
      [Humongous Register: 0.0 ms]
      [Humongous Reclaim: 0.0 ms]
      [Free CSet: 0.2 ms]
   [Eden: 213.0M(213.0M)->0.0B(211.0M) Survivors: 19.0M->18.0M Heap: 438.5M(512.0M)->228.8M(512.0M)]
 [Times: user=0.25 sys=0.00, real=0.02 secs] 
2017-11-18T17:26:00.364+0300: 16.458: [GC pause (G1 Evacuation Pause) (young), 0.0217599 secs]
   [Parallel Time: 21.1 ms, GC Workers: 8]
      [GC Worker Start (ms): Min: 16458.3, Avg: 16458.3, Max: 16458.3, Diff: 0.1]
      [Ext Root Scanning (ms): Min: 0.2, Avg: 0.2, Max: 0.4, Diff: 0.2, Sum: 1.8]
      [Update RS (ms): Min: 4.5, Avg: 5.5, Max: 6.6, Diff: 2.1, Sum: 44.0]
         [Processed Buffers: Min: 5, Avg: 5.6, Max: 6, Diff: 1, Sum: 45]
      [Scan RS (ms): Min: 0.0, Avg: 0.0, Max: 0.1, Diff: 0.1, Sum: 0.2]
      [Code Root Scanning (ms): Min: 0.0, Avg: 0.0, Max: 0.0, Diff: 0.0, Sum: 0.0]
      [Object Copy (ms): Min: 14.1, Avg: 15.1, Max: 15.9, Diff: 1.8, Sum: 121.2]
      [Termination (ms): Min: 0.0, Avg: 0.0, Max: 0.0, Diff: 0.0, Sum: 0.1]
         [Termination Attempts: Min: 1, Avg: 70.3, Max: 107, Diff: 106, Sum: 562]
      [GC Worker Other (ms): Min: 0.0, Avg: 0.0, Max: 0.0, Diff: 0.0, Sum: 0.3]
      [GC Worker Total (ms): Min: 20.9, Avg: 20.9, Max: 21.0, Diff: 0.1, Sum: 167.4]
      [GC Worker End (ms): Min: 16479.2, Avg: 16479.2, Max: 16479.3, Diff: 0.0]
   [Code Root Fixup: 0.0 ms]
   [Code Root Purge: 0.0 ms]
   [Clear CT: 0.1 ms]
   [Other: 0.6 ms]
      [Choose CSet: 0.0 ms]
      [Ref Proc: 0.1 ms]
      [Ref Enq: 0.0 ms]
      [Redirty Cards: 0.2 ms]
      [Humongous Register: 0.0 ms]
      [Humongous Reclaim: 0.0 ms]
      [Free CSet: 0.1 ms]
   [Eden: 211.0M(211.0M)->0.0B(207.0M) Survivors: 18.0M->18.0M Heap: 439.8M(512.0M)->232.4M(512.0M)]
 [Times: user=0.25 sys=0.00, real=0.02 secs] 
2017-11-18T17:26:00.546+0300: 16.641: [GC pause (G1 Evacuation Pause) (young), 0.0212437 secs]
   [Parallel Time: 20.4 ms, GC Workers: 8]
      [GC Worker Start (ms): Min: 16641.1, Avg: 16641.1, Max: 16641.2, Diff: 0.1]
      [Ext Root Scanning (ms): Min: 0.2, Avg: 0.2, Max: 0.4, Diff: 0.2, Sum: 1.7]
      [Update RS (ms): Min: 4.5, Avg: 5.3, Max: 6.1, Diff: 1.7, Sum: 42.3]
         [Processed Buffers: Min: 5, Avg: 5.8, Max: 6, Diff: 1, Sum: 46]
      [Scan RS (ms): Min: 0.0, Avg: 0.0, Max: 0.1, Diff: 0.1, Sum: 0.2]
      [Code Root Scanning (ms): Min: 0.0, Avg: 0.0, Max: 0.0, Diff: 0.0, Sum: 0.0]
      [Object Copy (ms): Min: 13.9, Avg: 14.7, Max: 15.5, Diff: 1.6, Sum: 117.7]
      [Termination (ms): Min: 0.0, Avg: 0.0, Max: 0.0, Diff: 0.0, Sum: 0.2]
         [Termination Attempts: Min: 1, Avg: 222.5, Max: 282, Diff: 281, Sum: 1780]
      [GC Worker Other (ms): Min: 0.0, Avg: 0.0, Max: 0.1, Diff: 0.0, Sum: 0.3]
      [GC Worker Total (ms): Min: 20.2, Avg: 20.3, Max: 20.3, Diff: 0.1, Sum: 162.3]
      [GC Worker End (ms): Min: 16661.4, Avg: 16661.4, Max: 16661.4, Diff: 0.0]
   [Code Root Fixup: 0.0 ms]
   [Code Root Purge: 0.0 ms]
   [Clear CT: 0.2 ms]
   [Other: 0.7 ms]
      [Choose CSet: 0.0 ms]
      [Ref Proc: 0.2 ms]
      [Ref Enq: 0.0 ms]
      [Redirty Cards: 0.3 ms]
      [Humongous Register: 0.0 ms]
      [Humongous Reclaim: 0.0 ms]
      [Free CSet: 0.1 ms]
   [Eden: 207.0M(207.0M)->0.0B(203.0M) Survivors: 18.0M->18.0M Heap: 439.4M(512.0M)->237.0M(512.0M)]
 [Times: user=0.13 sys=0.00, real=0.02 secs] 
2017-11-18T17:26:00.730+0300: 16.825: [GC pause (G1 Evacuation Pause) (young), 0.0198328 secs]
   [Parallel Time: 19.3 ms, GC Workers: 8]
      [GC Worker Start (ms): Min: 16824.7, Avg: 16824.7, Max: 16824.9, Diff: 0.2]
      [Ext Root Scanning (ms): Min: 0.0, Avg: 0.2, Max: 0.4, Diff: 0.4, Sum: 1.6]
      [Update RS (ms): Min: 4.5, Avg: 5.0, Max: 6.0, Diff: 1.6, Sum: 40.3]
         [Processed Buffers: Min: 4, Avg: 6.0, Max: 8, Diff: 4, Sum: 48]
      [Scan RS (ms): Min: 0.0, Avg: 0.0, Max: 0.1, Diff: 0.1, Sum: 0.2]
      [Code Root Scanning (ms): Min: 0.0, Avg: 0.0, Max: 0.0, Diff: 0.0, Sum: 0.0]
      [Object Copy (ms): Min: 13.0, Avg: 13.9, Max: 14.5, Diff: 1.5, Sum: 111.6]
      [Termination (ms): Min: 0.0, Avg: 0.0, Max: 0.0, Diff: 0.0, Sum: 0.0]
         [Termination Attempts: Min: 1, Avg: 6.5, Max: 11, Diff: 10, Sum: 52]
      [GC Worker Other (ms): Min: 0.0, Avg: 0.0, Max: 0.1, Diff: 0.0, Sum: 0.3]
      [GC Worker Total (ms): Min: 19.0, Avg: 19.2, Max: 19.3, Diff: 0.2, Sum: 153.9]
      [GC Worker End (ms): Min: 16844.0, Avg: 16844.0, Max: 16844.0, Diff: 0.0]
   [Code Root Fixup: 0.0 ms]
   [Code Root Purge: 0.0 ms]
   [Clear CT: 0.1 ms]
   [Other: 0.4 ms]
      [Choose CSet: 0.0 ms]
      [Ref Proc: 0.1 ms]
      [Ref Enq: 0.0 ms]
      [Redirty Cards: 0.1 ms]
      [Humongous Register: 0.0 ms]
      [Humongous Reclaim: 0.0 ms]
      [Free CSet: 0.1 ms]
   [Eden: 203.0M(203.0M)->0.0B(201.0M) Survivors: 18.0M->17.0M Heap: 440.0M(512.0M)->239.8M(512.0M)]
 [Times: user=0.13 sys=0.00, real=0.02 secs] 
2017-11-18T17:26:00.907+0300: 17.002: [GC pause (G1 Evacuation Pause) (young), 0.0196390 secs]
   [Parallel Time: 18.8 ms, GC Workers: 8]
      [GC Worker Start (ms): Min: 17002.0, Avg: 17002.1, Max: 17002.1, Diff: 0.1]
      [Ext Root Scanning (ms): Min: 0.2, Avg: 0.2, Max: 0.4, Diff: 0.2, Sum: 1.7]
      [Update RS (ms): Min: 4.3, Avg: 5.1, Max: 5.9, Diff: 1.6, Sum: 40.6]
         [Processed Buffers: Min: 5, Avg: 5.5, Max: 7, Diff: 2, Sum: 44]
      [Scan RS (ms): Min: 0.0, Avg: 0.0, Max: 0.1, Diff: 0.1, Sum: 0.1]
      [Code Root Scanning (ms): Min: 0.0, Avg: 0.0, Max: 0.0, Diff: 0.0, Sum: 0.0]
      [Object Copy (ms): Min: 12.6, Avg: 13.3, Max: 14.1, Diff: 1.5, Sum: 106.6]
      [Termination (ms): Min: 0.0, Avg: 0.0, Max: 0.0, Diff: 0.0, Sum: 0.0]
         [Termination Attempts: Min: 1, Avg: 2.5, Max: 6, Diff: 5, Sum: 20]
      [GC Worker Other (ms): Min: 0.0, Avg: 0.0, Max: 0.1, Diff: 0.0, Sum: 0.3]
      [GC Worker Total (ms): Min: 18.6, Avg: 18.7, Max: 18.7, Diff: 0.1, Sum: 149.4]
      [GC Worker End (ms): Min: 17020.7, Avg: 17020.7, Max: 17020.7, Diff: 0.0]
   [Code Root Fixup: 0.0 ms]
   [Code Root Purge: 0.0 ms]
   [Clear CT: 0.2 ms]
   [Other: 0.6 ms]
      [Choose CSet: 0.0 ms]
      [Ref Proc: 0.1 ms]
      [Ref Enq: 0.0 ms]
      [Redirty Cards: 0.1 ms]
      [Humongous Register: 0.0 ms]
      [Humongous Reclaim: 0.0 ms]
      [Free CSet: 0.3 ms]
   [Eden: 201.0M(201.0M)->0.0B(197.0M) Survivors: 17.0M->17.0M Heap: 440.8M(512.0M)->244.3M(512.0M)]
 [Times: user=0.13 sys=0.00, real=0.02 secs] 
2017-11-18T17:26:01.079+0300: 17.174: [GC pause (G1 Evacuation Pause) (young), 0.0195886 secs]
   [Parallel Time: 18.9 ms, GC Workers: 8]
      [GC Worker Start (ms): Min: 17174.0, Avg: 17174.1, Max: 17174.1, Diff: 0.1]
      [Ext Root Scanning (ms): Min: 0.1, Avg: 0.2, Max: 0.3, Diff: 0.1, Sum: 1.5]
      [Update RS (ms): Min: 3.9, Avg: 4.8, Max: 5.9, Diff: 1.9, Sum: 38.7]
         [Processed Buffers: Min: 5, Avg: 5.4, Max: 6, Diff: 1, Sum: 43]
      [Scan RS (ms): Min: 0.0, Avg: 0.0, Max: 0.1, Diff: 0.1, Sum: 0.2]
      [Code Root Scanning (ms): Min: 0.0, Avg: 0.0, Max: 0.0, Diff: 0.0, Sum: 0.0]
      [Object Copy (ms): Min: 12.6, Avg: 13.6, Max: 14.5, Diff: 1.8, Sum: 109.2]
      [Termination (ms): Min: 0.0, Avg: 0.0, Max: 0.0, Diff: 0.0, Sum: 0.1]
         [Termination Attempts: Min: 1, Avg: 83.1, Max: 111, Diff: 110, Sum: 665]
      [GC Worker Other (ms): Min: 0.0, Avg: 0.0, Max: 0.1, Diff: 0.1, Sum: 0.3]
      [GC Worker Total (ms): Min: 18.7, Avg: 18.7, Max: 18.8, Diff: 0.2, Sum: 149.9]
      [GC Worker End (ms): Min: 17192.8, Avg: 17192.8, Max: 17192.9, Diff: 0.1]
   [Code Root Fixup: 0.0 ms]
   [Code Root Purge: 0.0 ms]
   [Clear CT: 0.2 ms]
   [Other: 0.5 ms]
      [Choose CSet: 0.0 ms]
      [Ref Proc: 0.1 ms]
      [Ref Enq: 0.0 ms]
      [Redirty Cards: 0.1 ms]
      [Humongous Register: 0.0 ms]
      [Humongous Reclaim: 0.0 ms]
      [Free CSet: 0.1 ms]
   [Eden: 197.0M(197.0M)->0.0B(193.0M) Survivors: 17.0M->17.0M Heap: 441.3M(512.0M)->247.7M(512.0M)]
 [Times: user=0.11 sys=0.00, real=0.02 secs] 
2017-11-18T17:26:01.247+0300: 17.341: [GC pause (G1 Evacuation Pause) (young) (initial-mark), 0.0207764 secs]
   [Parallel Time: 19.6 ms, GC Workers: 8]
      [GC Worker Start (ms): Min: 17341.3, Avg: 17341.4, Max: 17341.5, Diff: 0.1]
      [Ext Root Scanning (ms): Min: 0.3, Avg: 0.4, Max: 0.5, Diff: 0.1, Sum: 3.3]
      [Update RS (ms): Min: 4.0, Avg: 4.9, Max: 6.0, Diff: 1.9, Sum: 39.3]
         [Processed Buffers: Min: 4, Avg: 5.5, Max: 7, Diff: 3, Sum: 44]
      [Scan RS (ms): Min: 0.0, Avg: 0.0, Max: 0.1, Diff: 0.1, Sum: 0.2]
      [Code Root Scanning (ms): Min: 0.0, Avg: 0.0, Max: 0.0, Diff: 0.0, Sum: 0.0]
      [Object Copy (ms): Min: 13.0, Avg: 14.1, Max: 14.9, Diff: 1.9, Sum: 112.5]
      [Termination (ms): Min: 0.0, Avg: 0.0, Max: 0.0, Diff: 0.0, Sum: 0.2]
         [Termination Attempts: Min: 1, Avg: 188.6, Max: 234, Diff: 233, Sum: 1509]
      [GC Worker Other (ms): Min: 0.0, Avg: 0.0, Max: 0.0, Diff: 0.0, Sum: 0.3]
      [GC Worker Total (ms): Min: 19.4, Avg: 19.5, Max: 19.5, Diff: 0.1, Sum: 155.6]
      [GC Worker End (ms): Min: 17360.9, Avg: 17360.9, Max: 17360.9, Diff: 0.0]
   [Code Root Fixup: 0.0 ms]
   [Code Root Purge: 0.0 ms]
   [Clear CT: 0.4 ms]
   [Other: 0.8 ms]
      [Choose CSet: 0.0 ms]
      [Ref Proc: 0.1 ms]
      [Ref Enq: 0.0 ms]
      [Redirty Cards: 0.4 ms]
      [Humongous Register: 0.0 ms]
      [Humongous Reclaim: 0.0 ms]
      [Free CSet: 0.1 ms]
   [Eden: 193.0M(193.0M)->0.0B(191.0M) Survivors: 17.0M->16.0M Heap: 440.7M(512.0M)->251.0M(512.0M)]
 [Times: user=0.13 sys=0.00, real=0.02 secs] 
2017-11-18T17:26:01.267+0300: 17.362: [GC concurrent-root-region-scan-start]
2017-11-18T17:26:01.272+0300: 17.367: [GC concurrent-root-region-scan-end, 0.0049867 secs]
2017-11-18T17:26:01.272+0300: 17.367: [GC concurrent-mark-start]
2017-11-18T17:26:01.693+0300: 17.787: [GC pause (G1 Evacuation Pause) (young), 0.0189728 secs]
   [Parallel Time: 18.1 ms, GC Workers: 8]
      [GC Worker Start (ms): Min: 17787.3, Avg: 17787.3, Max: 17787.4, Diff: 0.1]
      [Ext Root Scanning (ms): Min: 0.1, Avg: 0.1, Max: 0.2, Diff: 0.1, Sum: 1.0]
      [Update RS (ms): Min: 3.6, Avg: 4.5, Max: 5.5, Diff: 1.8, Sum: 36.1]
         [Processed Buffers: Min: 5, Avg: 5.4, Max: 7, Diff: 2, Sum: 43]
      [Scan RS (ms): Min: 0.0, Avg: 0.0, Max: 0.1, Diff: 0.0, Sum: 0.2]
      [Code Root Scanning (ms): Min: 0.0, Avg: 0.0, Max: 0.0, Diff: 0.0, Sum: 0.0]
      [Object Copy (ms): Min: 12.3, Avg: 13.3, Max: 14.1, Diff: 1.8, Sum: 106.3]
      [Termination (ms): Min: 0.0, Avg: 0.0, Max: 0.0, Diff: 0.0, Sum: 0.1]
         [Termination Attempts: Min: 1, Avg: 91.4, Max: 117, Diff: 116, Sum: 731]
      [GC Worker Other (ms): Min: 0.0, Avg: 0.0, Max: 0.0, Diff: 0.0, Sum: 0.2]
      [GC Worker Total (ms): Min: 18.0, Avg: 18.0, Max: 18.1, Diff: 0.1, Sum: 143.9]
      [GC Worker End (ms): Min: 17805.3, Avg: 17805.3, Max: 17805.3, Diff: 0.0]
   [Code Root Fixup: 0.0 ms]
   [Code Root Purge: 0.0 ms]
   [Clear CT: 0.2 ms]
   [Other: 0.6 ms]
      [Choose CSet: 0.0 ms]
      [Ref Proc: 0.2 ms]
      [Ref Enq: 0.0 ms]
      [Redirty Cards: 0.2 ms]
      [Humongous Register: 0.0 ms]
      [Humongous Reclaim: 0.0 ms]
      [Free CSet: 0.1 ms]
   [Eden: 191.0M(191.0M)->0.0B(187.0M) Survivors: 16.0M->16.0M Heap: 442.0M(512.0M)->254.9M(512.0M)]
 [Times: user=0.13 sys=0.02, real=0.02 secs] 
2017-11-18T17:26:01.712+0300: 17.806: [GC concurrent-mark-reset-for-overflow]
2017-11-18T17:26:01.863+0300: 17.958: [GC concurrent-mark-end, 0.5904526 secs]
2017-11-18T17:26:01.863+0300: 17.958: [GC remark 2017-11-18T17:26:01.863+0300: 17.958: [Finalize Marking, 0.0001274 secs] 2017-11-18T17:26:01.863+0300: 17.958: [GC ref-proc, 0.0001232 secs] 2017-11-18T17:26:01.863+0300: 17.958: [Unloading, 0.0011658 secs], 0.0021073 secs]
 [Times: user=0.00 sys=0.00, real=0.00 secs] 
2017-11-18T17:26:01.865+0300: 17.960: [GC cleanup 404M->381M(512M), 0.0005325 secs]
 [Times: user=0.00 sys=0.00, real=0.00 secs] 
2017-11-18T17:26:01.866+0300: 17.961: [GC concurrent-cleanup-start]
2017-11-18T17:26:01.866+0300: 17.961: [GC concurrent-cleanup-end, 0.0000190 secs]
2017-11-18T17:26:01.895+0300: 17.990: [GC pause (G1 Evacuation Pause) (young), 0.0194105 secs]
   [Parallel Time: 18.6 ms, GC Workers: 8]
      [GC Worker Start (ms): Min: 17989.7, Avg: 17989.8, Max: 17989.8, Diff: 0.1]
      [Ext Root Scanning (ms): Min: 0.2, Avg: 0.2, Max: 0.4, Diff: 0.2, Sum: 1.8]
      [Update RS (ms): Min: 3.9, Avg: 4.8, Max: 5.7, Diff: 1.8, Sum: 38.5]
         [Processed Buffers: Min: 4, Avg: 5.6, Max: 8, Diff: 4, Sum: 45]
      [Scan RS (ms): Min: 0.0, Avg: 0.0, Max: 0.1, Diff: 0.1, Sum: 0.2]
      [Code Root Scanning (ms): Min: 0.0, Avg: 0.0, Max: 0.0, Diff: 0.0, Sum: 0.0]
      [Object Copy (ms): Min: 12.6, Avg: 13.4, Max: 14.2, Diff: 1.6, Sum: 107.4]
      [Termination (ms): Min: 0.0, Avg: 0.0, Max: 0.0, Diff: 0.0, Sum: 0.1]
         [Termination Attempts: Min: 1, Avg: 110.1, Max: 133, Diff: 132, Sum: 881]
      [GC Worker Other (ms): Min: 0.0, Avg: 0.0, Max: 0.0, Diff: 0.0, Sum: 0.3]
      [GC Worker Total (ms): Min: 18.5, Avg: 18.5, Max: 18.6, Diff: 0.1, Sum: 148.2]
      [GC Worker End (ms): Min: 18008.3, Avg: 18008.3, Max: 18008.3, Diff: 0.0]
   [Code Root Fixup: 0.0 ms]
   [Code Root Purge: 0.0 ms]
   [Clear CT: 0.1 ms]
   [Other: 0.6 ms]
      [Choose CSet: 0.0 ms]
      [Ref Proc: 0.1 ms]
      [Ref Enq: 0.0 ms]
      [Redirty Cards: 0.3 ms]
      [Humongous Register: 0.0 ms]
      [Humongous Reclaim: 0.0 ms]
      [Free CSet: 0.1 ms]
   [Eden: 187.0M(187.0M)->0.0B(9216.0K) Survivors: 16.0M->16.0M Heap: 418.4M(512.0M)->234.2M(512.0M)]
 [Times: user=0.14 sys=0.00, real=0.02 secs] 
2017-11-18T17:26:01.922+0300: 18.016: [GC pause (G1 Evacuation Pause) (mixed), 0.0319407 secs]
   [Parallel Time: 31.3 ms, GC Workers: 8]
      [GC Worker Start (ms): Min: 18016.4, Avg: 18016.5, Max: 18016.5, Diff: 0.1]
      [Ext Root Scanning (ms): Min: 0.2, Avg: 0.3, Max: 0.5, Diff: 0.3, Sum: 2.1]
      [Update RS (ms): Min: 3.8, Avg: 3.9, Max: 4.1, Diff: 0.3, Sum: 31.2]
         [Processed Buffers: Min: 4, Avg: 5.0, Max: 8, Diff: 4, Sum: 40]
      [Scan RS (ms): Min: 3.1, Avg: 3.3, Max: 3.5, Diff: 0.4, Sum: 26.8]
      [Code Root Scanning (ms): Min: 0.0, Avg: 0.0, Max: 0.0, Diff: 0.0, Sum: 0.1]
      [Object Copy (ms): Min: 23.6, Avg: 23.7, Max: 23.7, Diff: 0.1, Sum: 189.3]
      [Termination (ms): Min: 0.0, Avg: 0.1, Max: 0.1, Diff: 0.1, Sum: 0.5]
         [Termination Attempts: Min: 1, Avg: 18.3, Max: 29, Diff: 28, Sum: 146]
      [GC Worker Other (ms): Min: 0.0, Avg: 0.0, Max: 0.0, Diff: 0.0, Sum: 0.1]
      [GC Worker Total (ms): Min: 31.2, Avg: 31.3, Max: 31.3, Diff: 0.1, Sum: 250.1]
      [GC Worker End (ms): Min: 18047.7, Avg: 18047.8, Max: 18047.8, Diff: 0.1]
   [Code Root Fixup: 0.0 ms]
   [Code Root Purge: 0.0 ms]
   [Clear CT: 0.1 ms]
   [Other: 0.5 ms]
      [Choose CSet: 0.0 ms]
      [Ref Proc: 0.1 ms]
      [Ref Enq: 0.0 ms]
      [Redirty Cards: 0.1 ms]
      [Humongous Register: 0.0 ms]
      [Humongous Reclaim: 0.0 ms]
      [Free CSet: 0.2 ms]
   [Eden: 9216.0K(9216.0K)->0.0B(235.0M) Survivors: 16.0M->4096.0K Heap: 243.2M(512.0M)->219.7M(512.0M)]
 [Times: user=0.25 sys=0.00, real=0.03 secs] 
2017-11-18T17:26:02.053+0300: 18.148: [GC pause (G1 Humongous Allocation) (young) (initial-mark), 0.0137666 secs]
   [Parallel Time: 12.8 ms, GC Workers: 8]
      [GC Worker Start (ms): Min: 18148.2, Avg: 18148.3, Max: 18148.3, Diff: 0.1]
      [Ext Root Scanning (ms): Min: 0.4, Avg: 0.4, Max: 0.5, Diff: 0.1, Sum: 3.5]
      [Update RS (ms): Min: 7.7, Avg: 8.3, Max: 9.4, Diff: 1.6, Sum: 66.8]
         [Processed Buffers: Min: 9, Avg: 10.0, Max: 12, Diff: 3, Sum: 80]
      [Scan RS (ms): Min: 0.0, Avg: 0.0, Max: 0.1, Diff: 0.0, Sum: 0.1]
      [Code Root Scanning (ms): Min: 0.0, Avg: 0.0, Max: 0.0, Diff: 0.0, Sum: 0.0]
      [Object Copy (ms): Min: 2.8, Avg: 3.8, Max: 4.4, Diff: 1.6, Sum: 30.7]
      [Termination (ms): Min: 0.0, Avg: 0.0, Max: 0.0, Diff: 0.0, Sum: 0.1]
         [Termination Attempts: Min: 1, Avg: 71.5, Max: 97, Diff: 96, Sum: 572]
      [GC Worker Other (ms): Min: 0.0, Avg: 0.0, Max: 0.0, Diff: 0.0, Sum: 0.2]
      [GC Worker Total (ms): Min: 12.7, Avg: 12.7, Max: 12.7, Diff: 0.1, Sum: 101.4]
      [GC Worker End (ms): Min: 18161.0, Avg: 18161.0, Max: 18161.0, Diff: 0.0]
   [Code Root Fixup: 0.0 ms]
   [Code Root Purge: 0.0 ms]
   [Clear CT: 0.3 ms]
   [Other: 0.6 ms]
      [Choose CSet: 0.0 ms]
      [Ref Proc: 0.1 ms]
      [Ref Enq: 0.0 ms]
      [Redirty Cards: 0.3 ms]
      [Humongous Register: 0.0 ms]
      [Humongous Reclaim: 0.0 ms]
      [Free CSet: 0.1 ms]
   [Eden: 130.0M(235.0M)->0.0B(235.0M) Survivors: 4096.0K->4096.0K Heap: 349.2M(512.0M)->219.7M(512.0M)]
 [Times: user=0.13 sys=0.00, real=0.01 secs] 
2017-11-18T17:26:02.067+0300: 18.162: [GC concurrent-root-region-scan-start]
2017-11-18T17:26:02.069+0300: 18.164: [GC concurrent-root-region-scan-end, 0.0015072 secs]
2017-11-18T17:26:02.069+0300: 18.164: [GC concurrent-mark-start]
2017-11-18T17:26:02.538+0300: 18.633: [GC pause (G1 Evacuation Pause) (young) (to-space exhausted), 0.2494691 secs]
   [Parallel Time: 137.5 ms, GC Workers: 8]
      [GC Worker Start (ms): Min: 18633.1, Avg: 18633.2, Max: 18633.2, Diff: 0.1]
      [Ext Root Scanning (ms): Min: 0.1, Avg: 0.1, Max: 0.2, Diff: 0.1, Sum: 1.0]
      [Update RS (ms): Min: 1.4, Avg: 2.4, Max: 3.3, Diff: 1.9, Sum: 19.6]
         [Processed Buffers: Min: 11, Avg: 11.6, Max: 12, Diff: 1, Sum: 93]
      [Scan RS (ms): Min: 0.0, Avg: 0.5, Max: 1.3, Diff: 1.3, Sum: 4.2]
      [Code Root Scanning (ms): Min: 0.0, Avg: 0.0, Max: 0.0, Diff: 0.0, Sum: 0.0]
      [Object Copy (ms): Min: 133.9, Avg: 134.2, Max: 134.5, Diff: 0.6, Sum: 1073.7]
      [Termination (ms): Min: 0.0, Avg: 0.1, Max: 0.1, Diff: 0.1, Sum: 0.5]
         [Termination Attempts: Min: 1, Avg: 575.0, Max: 751, Diff: 750, Sum: 4600]
      [GC Worker Other (ms): Min: 0.0, Avg: 0.0, Max: 0.0, Diff: 0.0, Sum: 0.1]
      [GC Worker Total (ms): Min: 137.4, Avg: 137.4, Max: 137.5, Diff: 0.1, Sum: 1099.2]
      [GC Worker End (ms): Min: 18770.6, Avg: 18770.6, Max: 18770.6, Diff: 0.0]
   [Code Root Fixup: 0.0 ms]
   [Code Root Purge: 0.0 ms]
   [Clear CT: 0.1 ms]
   [Other: 111.8 ms]
      [Evacuation Failure: 111.3 ms]
      [Choose CSet: 0.0 ms]
      [Ref Proc: 0.1 ms]
      [Ref Enq: 0.0 ms]
      [Redirty Cards: 0.3 ms]
      [Humongous Register: 0.0 ms]
      [Humongous Reclaim: 0.0 ms]
      [Free CSet: 0.1 ms]
   [Eden: 235.0M(235.0M)->0.0B(36.0M) Survivors: 4096.0K->3072.0K Heap: 507.5M(512.0M)->420.0M(512.0M)]
 [Times: user=1.16 sys=0.06, real=0.25 secs] 
2017-11-18T17:26:02.788+0300: 18.883: [GC concurrent-mark-reset-for-overflow]
2017-11-18T17:26:02.832+0300: 18.927: [GC pause (G1 Evacuation Pause) (young), 0.0075381 secs]
   [Parallel Time: 7.2 ms, GC Workers: 8]
      [GC Worker Start (ms): Min: 18926.6, Avg: 18926.7, Max: 18926.9, Diff: 0.2]
      [Ext Root Scanning (ms): Min: 0.0, Avg: 0.2, Max: 0.3, Diff: 0.3, Sum: 1.3]
      [Update RS (ms): Min: 1.8, Avg: 2.1, Max: 2.9, Diff: 1.2, Sum: 17.0]
         [Processed Buffers: Min: 3, Avg: 4.0, Max: 8, Diff: 5, Sum: 32]
      [Scan RS (ms): Min: 0.0, Avg: 0.0, Max: 0.0, Diff: 0.0, Sum: 0.0]
      [Code Root Scanning (ms): Min: 0.0, Avg: 0.0, Max: 0.0, Diff: 0.0, Sum: 0.0]
      [Object Copy (ms): Min: 4.0, Avg: 4.8, Max: 5.1, Diff: 1.1, Sum: 38.2]
      [Termination (ms): Min: 0.0, Avg: 0.0, Max: 0.0, Diff: 0.0, Sum: 0.2]
         [Termination Attempts: Min: 1, Avg: 227.3, Max: 278, Diff: 277, Sum: 1818]
      [GC Worker Other (ms): Min: 0.0, Avg: 0.0, Max: 0.0, Diff: 0.0, Sum: 0.2]
      [GC Worker Total (ms): Min: 7.0, Avg: 7.1, Max: 7.2, Diff: 0.2, Sum: 57.0]
      [GC Worker End (ms): Min: 18933.8, Avg: 18933.8, Max: 18933.8, Diff: 0.0]
   [Code Root Fixup: 0.0 ms]
   [Code Root Purge: 0.0 ms]
   [Clear CT: 0.0 ms]
   [Other: 0.2 ms]
      [Choose CSet: 0.0 ms]
      [Ref Proc: 0.1 ms]
      [Ref Enq: 0.0 ms]
      [Redirty Cards: 0.1 ms]
      [Humongous Register: 0.0 ms]
      [Humongous Reclaim: 0.0 ms]
      [Free CSet: 0.0 ms]
   [Eden: 36.0M(36.0M)->0.0B(30.0M) Survivors: 3072.0K->5120.0K Heap: 456.0M(512.0M)->423.8M(512.0M)]
 [Times: user=0.11 sys=0.00, real=0.01 secs] 
2017-11-18T17:26:02.867+0300: 18.962: [GC pause (G1 Evacuation Pause) (young), 0.0050631 secs]
   [Parallel Time: 4.8 ms, GC Workers: 8]
      [GC Worker Start (ms): Min: 18961.6, Avg: 18961.6, Max: 18961.7, Diff: 0.0]
      [Ext Root Scanning (ms): Min: 0.1, Avg: 0.2, Max: 0.3, Diff: 0.1, Sum: 1.4]
      [Update RS (ms): Min: 0.9, Avg: 1.2, Max: 1.9, Diff: 1.0, Sum: 9.5]
         [Processed Buffers: Min: 1, Avg: 2.3, Max: 3, Diff: 2, Sum: 18]
      [Scan RS (ms): Min: 0.0, Avg: 0.0, Max: 0.0, Diff: 0.0, Sum: 0.0]
      [Code Root Scanning (ms): Min: 0.0, Avg: 0.0, Max: 0.0, Diff: 0.0, Sum: 0.0]
      [Object Copy (ms): Min: 2.6, Avg: 3.3, Max: 3.5, Diff: 0.8, Sum: 26.5]
      [Termination (ms): Min: 0.0, Avg: 0.0, Max: 0.0, Diff: 0.0, Sum: 0.2]
         [Termination Attempts: Min: 1, Avg: 165.5, Max: 224, Diff: 223, Sum: 1324]
      [GC Worker Other (ms): Min: 0.0, Avg: 0.0, Max: 0.0, Diff: 0.0, Sum: 0.1]
      [GC Worker Total (ms): Min: 4.7, Avg: 4.7, Max: 4.7, Diff: 0.1, Sum: 37.7]
      [GC Worker End (ms): Min: 18966.3, Avg: 18966.3, Max: 18966.4, Diff: 0.0]
   [Code Root Fixup: 0.0 ms]
   [Code Root Purge: 0.0 ms]
   [Clear CT: 0.0 ms]
   [Other: 0.2 ms]
      [Choose CSet: 0.0 ms]
      [Ref Proc: 0.1 ms]
      [Ref Enq: 0.0 ms]
      [Redirty Cards: 0.0 ms]
      [Humongous Register: 0.0 ms]
      [Humongous Reclaim: 0.0 ms]
      [Free CSet: 0.0 ms]
   [Eden: 30.0M(30.0M)->0.0B(32.0M) Survivors: 5120.0K->4096.0K Heap: 453.8M(512.0M)->422.3M(512.0M)]
 [Times: user=0.13 sys=0.00, real=0.00 secs] 
2017-11-18T17:26:02.911+0300: 19.006: [GC pause (G1 Evacuation Pause) (young), 0.0048811 secs]
   [Parallel Time: 4.6 ms, GC Workers: 8]
      [GC Worker Start (ms): Min: 19005.6, Avg: 19005.6, Max: 19005.6, Diff: 0.0]
      [Ext Root Scanning (ms): Min: 0.1, Avg: 0.2, Max: 0.3, Diff: 0.1, Sum: 1.4]
      [Update RS (ms): Min: 0.6, Avg: 0.8, Max: 1.6, Diff: 0.9, Sum: 6.6]
         [Processed Buffers: Min: 1, Avg: 1.3, Max: 2, Diff: 1, Sum: 10]
      [Scan RS (ms): Min: 0.0, Avg: 0.0, Max: 0.0, Diff: 0.0, Sum: 0.0]
      [Code Root Scanning (ms): Min: 0.0, Avg: 0.0, Max: 0.0, Diff: 0.0, Sum: 0.0]
      [Object Copy (ms): Min: 2.8, Avg: 3.5, Max: 3.7, Diff: 0.9, Sum: 28.0]
      [Termination (ms): Min: 0.0, Avg: 0.0, Max: 0.0, Diff: 0.0, Sum: 0.2]
         [Termination Attempts: Min: 1, Avg: 251.6, Max: 306, Diff: 305, Sum: 2013]
      [GC Worker Other (ms): Min: 0.0, Avg: 0.0, Max: 0.0, Diff: 0.0, Sum: 0.1]
      [GC Worker Total (ms): Min: 4.5, Avg: 4.5, Max: 4.6, Diff: 0.0, Sum: 36.4]
      [GC Worker End (ms): Min: 19010.1, Avg: 19010.1, Max: 19010.1, Diff: 0.0]
   [Code Root Fixup: 0.0 ms]
   [Code Root Purge: 0.0 ms]
   [Clear CT: 0.0 ms]
   [Other: 0.2 ms]
      [Choose CSet: 0.0 ms]
      [Ref Proc: 0.1 ms]
      [Ref Enq: 0.0 ms]
      [Redirty Cards: 0.0 ms]
      [Humongous Register: 0.0 ms]
      [Humongous Reclaim: 0.0 ms]
      [Free CSet: 0.0 ms]
   [Eden: 32.0M(32.0M)->0.0B(30.0M) Survivors: 4096.0K->5120.0K Heap: 454.3M(512.0M)->423.6M(512.0M)]
 [Times: user=0.13 sys=0.00, real=0.00 secs] 
2017-11-18T17:26:02.982+0300: 19.077: [GC pause (G1 Evacuation Pause) (young), 0.0051778 secs]
   [Parallel Time: 4.6 ms, GC Workers: 8]
      [GC Worker Start (ms): Min: 19077.3, Avg: 19077.3, Max: 19077.3, Diff: 0.0]
      [Ext Root Scanning (ms): Min: 0.1, Avg: 0.1, Max: 0.2, Diff: 0.1, Sum: 1.0]
      [Update RS (ms): Min: 0.7, Avg: 0.9, Max: 1.6, Diff: 0.9, Sum: 6.8]
         [Processed Buffers: Min: 1, Avg: 1.4, Max: 3, Diff: 2, Sum: 11]
      [Scan RS (ms): Min: 0.0, Avg: 0.0, Max: 0.0, Diff: 0.0, Sum: 0.0]
      [Code Root Scanning (ms): Min: 0.0, Avg: 0.0, Max: 0.0, Diff: 0.0, Sum: 0.0]
      [Object Copy (ms): Min: 2.8, Avg: 3.5, Max: 3.7, Diff: 0.8, Sum: 28.2]
      [Termination (ms): Min: 0.0, Avg: 0.0, Max: 0.0, Diff: 0.0, Sum: 0.2]
         [Termination Attempts: Min: 1, Avg: 281.8, Max: 358, Diff: 357, Sum: 2254]
      [GC Worker Other (ms): Min: 0.0, Avg: 0.0, Max: 0.0, Diff: 0.0, Sum: 0.2]
      [GC Worker Total (ms): Min: 4.5, Avg: 4.6, Max: 4.6, Diff: 0.1, Sum: 36.5]
      [GC Worker End (ms): Min: 19081.9, Avg: 19081.9, Max: 19081.9, Diff: 0.0]
   [Code Root Fixup: 0.0 ms]
   [Code Root Purge: 0.0 ms]
   [Clear CT: 0.1 ms]
   [Other: 0.4 ms]
      [Choose CSet: 0.0 ms]
      [Ref Proc: 0.1 ms]
      [Ref Enq: 0.0 ms]
      [Redirty Cards: 0.2 ms]
      [Humongous Register: 0.0 ms]
      [Humongous Reclaim: 0.0 ms]
      [Free CSet: 0.1 ms]
   [Eden: 30.0M(30.0M)->0.0B(31.0M) Survivors: 5120.0K->4096.0K Heap: 453.6M(512.0M)->423.1M(512.0M)]
 [Times: user=0.00 sys=0.00, real=0.01 secs] 
2017-11-18T17:26:02.989+0300: 19.084: [GC concurrent-mark-end, 0.9205289 secs]
2017-11-18T17:26:02.989+0300: 19.084: [GC remark 2017-11-18T17:26:02.989+0300: 19.084: [Finalize Marking, 0.0001509 secs] 2017-11-18T17:26:02.990+0300: 19.084: [GC ref-proc, 0.0001117 secs] 2017-11-18T17:26:02.990+0300: 19.085: [Unloading, 0.0012367 secs], 0.0022054 secs]
 [Times: user=0.00 sys=0.00, real=0.00 secs] 
2017-11-18T17:26:02.992+0300: 19.087: [GC cleanup 425M->425M(512M), 0.0004745 secs]
 [Times: user=0.00 sys=0.00, real=0.00 secs] 
2017-11-18T17:26:03.015+0300: 19.110: [GC pause (G1 Evacuation Pause) (young), 0.0056194 secs]
   [Parallel Time: 4.7 ms, GC Workers: 8]
      [GC Worker Start (ms): Min: 19110.0, Avg: 19110.1, Max: 19110.1, Diff: 0.1]
      [Ext Root Scanning (ms): Min: 0.2, Avg: 0.2, Max: 0.3, Diff: 0.1, Sum: 1.6]
      [Update RS (ms): Min: 0.8, Avg: 1.0, Max: 1.8, Diff: 0.9, Sum: 7.9]
         [Processed Buffers: Min: 1, Avg: 1.4, Max: 2, Diff: 1, Sum: 11]
      [Scan RS (ms): Min: 0.0, Avg: 0.0, Max: 0.0, Diff: 0.0, Sum: 0.0]
      [Code Root Scanning (ms): Min: 0.0, Avg: 0.0, Max: 0.0, Diff: 0.0, Sum: 0.0]
      [Object Copy (ms): Min: 2.6, Avg: 3.3, Max: 3.5, Diff: 0.9, Sum: 26.4]
      [Termination (ms): Min: 0.0, Avg: 0.0, Max: 0.1, Diff: 0.0, Sum: 0.3]
         [Termination Attempts: Min: 1, Avg: 201.5, Max: 261, Diff: 260, Sum: 1612]
      [GC Worker Other (ms): Min: 0.0, Avg: 0.0, Max: 0.0, Diff: 0.0, Sum: 0.1]
      [GC Worker Total (ms): Min: 4.5, Avg: 4.5, Max: 4.6, Diff: 0.1, Sum: 36.4]
      [GC Worker End (ms): Min: 19114.6, Avg: 19114.6, Max: 19114.6, Diff: 0.0]
   [Code Root Fixup: 0.0 ms]
   [Code Root Purge: 0.0 ms]
   [Clear CT: 0.3 ms]
   [Other: 0.6 ms]
      [Choose CSet: 0.0 ms]
      [Ref Proc: 0.2 ms]
      [Ref Enq: 0.0 ms]
      [Redirty Cards: 0.3 ms]
      [Humongous Register: 0.0 ms]
      [Humongous Reclaim: 0.0 ms]
      [Free CSet: 0.0 ms]
   [Eden: 31.0M(31.0M)->0.0B(20.0M) Survivors: 4096.0K->5120.0K Heap: 454.1M(512.0M)->424.1M(512.0M)]
 [Times: user=0.00 sys=0.00, real=0.01 secs] 
2017-11-18T17:26:03.036+0300: 19.131: [GC pause (G1 Evacuation Pause) (mixed), 0.0296119 secs]
   [Parallel Time: 28.6 ms, GC Workers: 8]
      [GC Worker Start (ms): Min: 19131.2, Avg: 19131.2, Max: 19131.3, Diff: 0.1]
      [Ext Root Scanning (ms): Min: 0.2, Avg: 0.2, Max: 0.4, Diff: 0.3, Sum: 1.9]
      [Update RS (ms): Min: 0.8, Avg: 1.0, Max: 1.9, Diff: 1.0, Sum: 8.1]
         [Processed Buffers: Min: 1, Avg: 1.3, Max: 2, Diff: 1, Sum: 10]
      [Scan RS (ms): Min: 4.6, Avg: 5.5, Max: 6.0, Diff: 1.3, Sum: 44.3]
      [Code Root Scanning (ms): Min: 0.0, Avg: 0.0, Max: 0.1, Diff: 0.1, Sum: 0.1]
      [Object Copy (ms): Min: 21.4, Avg: 21.5, Max: 21.6, Diff: 0.3, Sum: 172.2]
      [Termination (ms): Min: 0.0, Avg: 0.1, Max: 0.1, Diff: 0.1, Sum: 0.7]
         [Termination Attempts: Min: 1, Avg: 756.6, Max: 1014, Diff: 1013, Sum: 6053]
      [GC Worker Other (ms): Min: 0.0, Avg: 0.0, Max: 0.0, Diff: 0.0, Sum: 0.2]
      [GC Worker Total (ms): Min: 28.4, Avg: 28.4, Max: 28.5, Diff: 0.1, Sum: 227.4]
      [GC Worker End (ms): Min: 19159.6, Avg: 19159.6, Max: 19159.7, Diff: 0.0]
   [Code Root Fixup: 0.0 ms]
   [Code Root Purge: 0.0 ms]
   [Clear CT: 0.3 ms]
   [Other: 0.7 ms]
      [Choose CSet: 0.0 ms]
      [Ref Proc: 0.2 ms]
      [Ref Enq: 0.0 ms]
      [Redirty Cards: 0.2 ms]
      [Humongous Register: 0.0 ms]
      [Humongous Reclaim: 0.0 ms]
      [Free CSet: 0.2 ms]
   [Eden: 20.0M(20.0M)->0.0B(43.0M) Survivors: 5120.0K->4096.0K Heap: 444.1M(512.0M)->411.3M(512.0M)]
 [Times: user=0.25 sys=0.00, real=0.03 secs] 
2017-11-18T17:26:03.100+0300: 19.194: [GC pause (G1 Evacuation Pause) (young), 0.0144814 secs]
   [Parallel Time: 13.7 ms, GC Workers: 8]
      [GC Worker Start (ms): Min: 19194.0, Avg: 19194.1, Max: 19194.1, Diff: 0.1]
      [Ext Root Scanning (ms): Min: 0.2, Avg: 0.2, Max: 0.3, Diff: 0.1, Sum: 1.6]
      [Update RS (ms): Min: 8.7, Avg: 9.1, Max: 10.0, Diff: 1.3, Sum: 72.7]
         [Processed Buffers: Min: 10, Avg: 11.1, Max: 13, Diff: 3, Sum: 89]
      [Scan RS (ms): Min: 0.0, Avg: 0.0, Max: 0.0, Diff: 0.0, Sum: 0.0]
      [Code Root Scanning (ms): Min: 0.0, Avg: 0.0, Max: 0.0, Diff: 0.0, Sum: 0.0]
      [Object Copy (ms): Min: 3.3, Avg: 4.2, Max: 4.5, Diff: 1.2, Sum: 33.5]
      [Termination (ms): Min: 0.0, Avg: 0.0, Max: 0.0, Diff: 0.0, Sum: 0.3]
         [Termination Attempts: Min: 1, Avg: 330.3, Max: 413, Diff: 412, Sum: 2642]
      [GC Worker Other (ms): Min: 0.0, Avg: 0.0, Max: 0.0, Diff: 0.0, Sum: 0.2]
      [GC Worker Total (ms): Min: 13.5, Avg: 13.5, Max: 13.6, Diff: 0.1, Sum: 108.3]
      [GC Worker End (ms): Min: 19207.6, Avg: 19207.6, Max: 19207.6, Diff: 0.0]
   [Code Root Fixup: 0.0 ms]
   [Code Root Purge: 0.0 ms]
   [Clear CT: 0.1 ms]
   [Other: 0.7 ms]
      [Choose CSet: 0.0 ms]
      [Ref Proc: 0.1 ms]
      [Ref Enq: 0.0 ms]
      [Redirty Cards: 0.5 ms]
      [Humongous Register: 0.0 ms]
      [Humongous Reclaim: 0.0 ms]
      [Free CSet: 0.0 ms]
   [Eden: 43.0M(43.0M)->0.0B(45.0M) Survivors: 4096.0K->3072.0K Heap: 454.3M(512.0M)->410.6M(512.0M)]
 [Times: user=0.13 sys=0.00, real=0.01 secs] 
2017-11-18T17:26:03.149+0300: 19.243: [GC pause (G1 Evacuation Pause) (young) (initial-mark), 0.0067088 secs]
   [Parallel Time: 5.8 ms, GC Workers: 8]
      [GC Worker Start (ms): Min: 19243.5, Avg: 19243.6, Max: 19243.6, Diff: 0.1]
      [Ext Root Scanning (ms): Min: 0.3, Avg: 0.4, Max: 0.4, Diff: 0.1, Sum: 3.1]
      [Update RS (ms): Min: 0.6, Avg: 0.9, Max: 2.1, Diff: 1.5, Sum: 7.1]
         [Processed Buffers: Min: 1, Avg: 1.3, Max: 2, Diff: 1, Sum: 10]
      [Scan RS (ms): Min: 0.0, Avg: 0.0, Max: 0.0, Diff: 0.0, Sum: 0.1]
      [Code Root Scanning (ms): Min: 0.0, Avg: 0.0, Max: 0.0, Diff: 0.0, Sum: 0.0]
      [Object Copy (ms): Min: 3.1, Avg: 4.3, Max: 4.5, Diff: 1.4, Sum: 34.2]
      [Termination (ms): Min: 0.0, Avg: 0.0, Max: 0.1, Diff: 0.1, Sum: 0.4]
         [Termination Attempts: Min: 1, Avg: 455.6, Max: 574, Diff: 573, Sum: 3645]
      [GC Worker Other (ms): Min: 0.0, Avg: 0.0, Max: 0.0, Diff: 0.0, Sum: 0.1]
      [GC Worker Total (ms): Min: 5.6, Avg: 5.6, Max: 5.7, Diff: 0.1, Sum: 45.0]
      [GC Worker End (ms): Min: 19249.2, Avg: 19249.2, Max: 19249.2, Diff: 0.0]
   [Code Root Fixup: 0.0 ms]
   [Code Root Purge: 0.0 ms]
   [Clear CT: 0.4 ms]
   [Other: 0.5 ms]
      [Choose CSet: 0.0 ms]
      [Ref Proc: 0.1 ms]
      [Ref Enq: 0.0 ms]
      [Redirty Cards: 0.3 ms]
      [Humongous Register: 0.0 ms]
      [Humongous Reclaim: 0.0 ms]
      [Free CSet: 0.1 ms]
   [Eden: 45.0M(45.0M)->0.0B(43.0M) Survivors: 3072.0K->4096.0K Heap: 455.6M(512.0M)->411.6M(512.0M)]
 [Times: user=0.00 sys=0.00, real=0.01 secs] 
2017-11-18T17:26:03.155+0300: 19.250: [GC concurrent-root-region-scan-start]
2017-11-18T17:26:03.156+0300: 19.251: [GC concurrent-root-region-scan-end, 0.0011018 secs]
2017-11-18T17:26:03.156+0300: 19.251: [GC concurrent-mark-start]
2017-11-18T17:26:03.595+0300: 19.689: [GC pause (G1 Evacuation Pause) (young), 0.0060725 secs]
   [Parallel Time: 5.2 ms, GC Workers: 8]
      [GC Worker Start (ms): Min: 19689.5, Avg: 19689.6, Max: 19689.6, Diff: 0.1]
      [Ext Root Scanning (ms): Min: 0.1, Avg: 0.1, Max: 0.2, Diff: 0.1, Sum: 1.1]
      [Update RS (ms): Min: 0.5, Avg: 0.8, Max: 1.8, Diff: 1.2, Sum: 6.1]
         [Processed Buffers: Min: 1, Avg: 1.3, Max: 2, Diff: 1, Sum: 10]
      [Scan RS (ms): Min: 0.0, Avg: 0.0, Max: 0.0, Diff: 0.0, Sum: 0.0]
      [Code Root Scanning (ms): Min: 0.0, Avg: 0.0, Max: 0.0, Diff: 0.0, Sum: 0.0]
      [Object Copy (ms): Min: 3.1, Avg: 4.0, Max: 4.2, Diff: 1.1, Sum: 32.3]
      [Termination (ms): Min: 0.0, Avg: 0.0, Max: 0.1, Diff: 0.1, Sum: 0.3]
         [Termination Attempts: Min: 1, Avg: 361.8, Max: 455, Diff: 454, Sum: 2894]
      [GC Worker Other (ms): Min: 0.0, Avg: 0.0, Max: 0.0, Diff: 0.0, Sum: 0.1]
      [GC Worker Total (ms): Min: 5.0, Avg: 5.0, Max: 5.0, Diff: 0.1, Sum: 39.9]
      [GC Worker End (ms): Min: 19694.6, Avg: 19694.6, Max: 19694.6, Diff: 0.0]
   [Code Root Fixup: 0.0 ms]
   [Code Root Purge: 0.0 ms]
   [Clear CT: 0.3 ms]
   [Other: 0.6 ms]
      [Choose CSet: 0.0 ms]
      [Ref Proc: 0.2 ms]
      [Ref Enq: 0.0 ms]
      [Redirty Cards: 0.3 ms]
      [Humongous Register: 0.0 ms]
      [Humongous Reclaim: 0.0 ms]
      [Free CSet: 0.0 ms]
   [Eden: 43.0M(43.0M)->0.0B(39.0M) Survivors: 4096.0K->6144.0K Heap: 454.6M(512.0M)->413.0M(512.0M)]
 [Times: user=0.00 sys=0.00, real=0.01 secs] 
2017-11-18T17:26:03.601+0300: 19.696: [GC concurrent-mark-reset-for-overflow]
2017-11-18T17:26:03.637+0300: 19.731: [GC pause (G1 Evacuation Pause) (young), 0.0062162 secs]
   [Parallel Time: 5.4 ms, GC Workers: 8]
      [GC Worker Start (ms): Min: 19731.5, Avg: 19731.6, Max: 19731.6, Diff: 0.1]
      [Ext Root Scanning (ms): Min: 0.1, Avg: 0.2, Max: 0.2, Diff: 0.1, Sum: 1.3]
      [Update RS (ms): Min: 0.8, Avg: 0.9, Max: 1.9, Diff: 1.1, Sum: 7.4]
         [Processed Buffers: Min: 1, Avg: 1.3, Max: 2, Diff: 1, Sum: 10]
      [Scan RS (ms): Min: 0.0, Avg: 0.0, Max: 0.0, Diff: 0.0, Sum: 0.0]
      [Code Root Scanning (ms): Min: 0.0, Avg: 0.0, Max: 0.0, Diff: 0.0, Sum: 0.0]
      [Object Copy (ms): Min: 3.3, Avg: 4.2, Max: 4.4, Diff: 1.1, Sum: 33.7]
      [Termination (ms): Min: 0.0, Avg: 0.0, Max: 0.0, Diff: 0.0, Sum: 0.3]
         [Termination Attempts: Min: 1, Avg: 383.4, Max: 473, Diff: 472, Sum: 3067]
      [GC Worker Other (ms): Min: 0.0, Avg: 0.0, Max: 0.0, Diff: 0.0, Sum: 0.2]
      [GC Worker Total (ms): Min: 5.3, Avg: 5.4, Max: 5.4, Diff: 0.1, Sum: 42.9]
      [GC Worker End (ms): Min: 19736.9, Avg: 19736.9, Max: 19736.9, Diff: 0.0]
   [Code Root Fixup: 0.0 ms]
   [Code Root Purge: 0.0 ms]
   [Clear CT: 0.1 ms]
   [Other: 0.6 ms]
      [Choose CSet: 0.0 ms]
      [Ref Proc: 0.1 ms]
      [Ref Enq: 0.0 ms]
      [Redirty Cards: 0.5 ms]
      [Humongous Register: 0.0 ms]
      [Humongous Reclaim: 0.0 ms]
      [Free CSet: 0.0 ms]
   [Eden: 39.0M(39.0M)->0.0B(38.0M) Survivors: 6144.0K->6144.0K Heap: 452.0M(512.0M)->414.2M(512.0M)]
 [Times: user=0.00 sys=0.00, real=0.01 secs] 
2017-11-18T17:26:03.678+0300: 19.772: [GC pause (G1 Evacuation Pause) (young), 0.0062059 secs]
   [Parallel Time: 5.5 ms, GC Workers: 8]
      [GC Worker Start (ms): Min: 19772.3, Avg: 19772.3, Max: 19772.4, Diff: 0.1]
      [Ext Root Scanning (ms): Min: 0.1, Avg: 0.2, Max: 0.3, Diff: 0.1, Sum: 1.4]
      [Update RS (ms): Min: 0.8, Avg: 1.0, Max: 1.9, Diff: 1.0, Sum: 8.3]
         [Processed Buffers: Min: 1, Avg: 1.4, Max: 2, Diff: 1, Sum: 11]
      [Scan RS (ms): Min: 0.0, Avg: 0.0, Max: 0.0, Diff: 0.0, Sum: 0.0]
      [Code Root Scanning (ms): Min: 0.0, Avg: 0.0, Max: 0.0, Diff: 0.0, Sum: 0.0]
      [Object Copy (ms): Min: 3.3, Avg: 4.1, Max: 4.3, Diff: 1.0, Sum: 32.9]
      [Termination (ms): Min: 0.0, Avg: 0.0, Max: 0.0, Diff: 0.0, Sum: 0.3]
         [Termination Attempts: Min: 1, Avg: 350.5, Max: 426, Diff: 425, Sum: 2804]
      [GC Worker Other (ms): Min: 0.0, Avg: 0.0, Max: 0.0, Diff: 0.0, Sum: 0.2]
      [GC Worker Total (ms): Min: 5.3, Avg: 5.4, Max: 5.4, Diff: 0.1, Sum: 43.0]
      [GC Worker End (ms): Min: 19777.7, Avg: 19777.7, Max: 19777.7, Diff: 0.0]
   [Code Root Fixup: 0.0 ms]
   [Code Root Purge: 0.0 ms]
   [Clear CT: 0.3 ms]
   [Other: 0.4 ms]
      [Choose CSet: 0.0 ms]
      [Ref Proc: 0.2 ms]
      [Ref Enq: 0.0 ms]
      [Redirty Cards: 0.2 ms]
      [Humongous Register: 0.0 ms]
      [Humongous Reclaim: 0.0 ms]
      [Free CSet: 0.0 ms]
   [Eden: 38.0M(38.0M)->0.0B(38.0M) Survivors: 6144.0K->6144.0K Heap: 452.2M(512.0M)->414.7M(512.0M)]
 [Times: user=0.13 sys=0.00, real=0.01 secs] 
2017-11-18T17:26:03.719+0300: 19.813: [GC pause (G1 Evacuation Pause) (young), 0.0065781 secs]
   [Parallel Time: 6.2 ms, GC Workers: 8]
      [GC Worker Start (ms): Min: 19813.2, Avg: 19814.1, Max: 19819.3, Diff: 6.1]
      [Ext Root Scanning (ms): Min: 0.0, Avg: 0.2, Max: 0.3, Diff: 0.3, Sum: 1.3]
      [Update RS (ms): Min: 0.0, Avg: 1.0, Max: 2.0, Diff: 2.0, Sum: 7.9]
         [Processed Buffers: Min: 0, Avg: 1.5, Max: 3, Diff: 3, Sum: 12]
      [Scan RS (ms): Min: 0.0, Avg: 0.0, Max: 0.0, Diff: 0.0, Sum: 0.0]
      [Code Root Scanning (ms): Min: 0.0, Avg: 0.0, Max: 0.0, Diff: 0.0, Sum: 0.0]
      [Object Copy (ms): Min: 0.0, Avg: 4.1, Max: 5.0, Diff: 5.0, Sum: 32.7]
      [Termination (ms): Min: 0.0, Avg: 0.1, Max: 0.1, Diff: 0.1, Sum: 0.5]
         [Termination Attempts: Min: 1, Avg: 28.8, Max: 48, Diff: 47, Sum: 230]
      [GC Worker Other (ms): Min: 0.0, Avg: 0.0, Max: 0.0, Diff: 0.0, Sum: 0.1]
      [GC Worker Total (ms): Min: 0.0, Avg: 5.3, Max: 6.1, Diff: 6.1, Sum: 42.6]
      [GC Worker End (ms): Min: 19819.4, Avg: 19819.4, Max: 19819.4, Diff: 0.0]
   [Code Root Fixup: 0.0 ms]
   [Code Root Purge: 0.0 ms]
   [Clear CT: 0.1 ms]
   [Other: 0.3 ms]
      [Choose CSet: 0.0 ms]
      [Ref Proc: 0.1 ms]
      [Ref Enq: 0.0 ms]
      [Redirty Cards: 0.1 ms]
      [Humongous Register: 0.0 ms]
      [Humongous Reclaim: 0.0 ms]
      [Free CSet: 0.0 ms]
   [Eden: 38.0M(38.0M)->0.0B(37.0M) Survivors: 6144.0K->6144.0K Heap: 452.7M(512.0M)->415.2M(512.0M)]
 [Times: user=0.00 sys=0.00, real=0.01 secs] 
2017-11-18T17:26:03.815+0300: 19.910: [GC pause (G1 Evacuation Pause) (young), 0.0047196 secs]
   [Parallel Time: 4.1 ms, GC Workers: 8]
      [GC Worker Start (ms): Min: 19910.2, Avg: 19910.2, Max: 19910.2, Diff: 0.1]
      [Ext Root Scanning (ms): Min: 0.1, Avg: 0.1, Max: 0.2, Diff: 0.1, Sum: 1.1]
      [Update RS (ms): Min: 0.8, Avg: 0.9, Max: 1.4, Diff: 0.7, Sum: 7.4]
         [Processed Buffers: Min: 1, Avg: 1.8, Max: 4, Diff: 3, Sum: 14]
      [Scan RS (ms): Min: 0.0, Avg: 0.0, Max: 0.0, Diff: 0.0, Sum: 0.0]
      [Code Root Scanning (ms): Min: 0.0, Avg: 0.0, Max: 0.0, Diff: 0.0, Sum: 0.0]
      [Object Copy (ms): Min: 2.4, Avg: 2.9, Max: 3.0, Diff: 0.6, Sum: 23.3]
      [Termination (ms): Min: 0.0, Avg: 0.0, Max: 0.0, Diff: 0.0, Sum: 0.3]
         [Termination Attempts: Min: 1, Avg: 54.8, Max: 70, Diff: 69, Sum: 438]
      [GC Worker Other (ms): Min: 0.0, Avg: 0.0, Max: 0.0, Diff: 0.0, Sum: 0.1]
      [GC Worker Total (ms): Min: 4.0, Avg: 4.0, Max: 4.1, Diff: 0.1, Sum: 32.3]
      [GC Worker End (ms): Min: 19914.2, Avg: 19914.2, Max: 19914.2, Diff: 0.0]
   [Code Root Fixup: 0.0 ms]
   [Code Root Purge: 0.0 ms]
   [Clear CT: 0.2 ms]
   [Other: 0.4 ms]
      [Choose CSet: 0.0 ms]
      [Ref Proc: 0.1 ms]
      [Ref Enq: 0.0 ms]
      [Redirty Cards: 0.2 ms]
      [Humongous Register: 0.0 ms]
      [Humongous Reclaim: 0.0 ms]
      [Free CSet: 0.0 ms]
   [Eden: 37.0M(37.0M)->0.0B(37.0M) Survivors: 6144.0K->6144.0K Heap: 452.2M(512.0M)->415.6M(512.0M)]
 [Times: user=0.00 sys=0.00, real=0.00 secs] 
2017-11-18T17:26:03.820+0300: 19.915: [GC concurrent-mark-end, 0.6636350 secs]
2017-11-18T17:26:03.820+0300: 19.915: [GC remark 2017-11-18T17:26:03.820+0300: 19.915: [Finalize Marking, 0.0000866 secs] 2017-11-18T17:26:03.821+0300: 19.915: [GC ref-proc, 0.0000854 secs] 2017-11-18T17:26:03.821+0300: 19.915: [Unloading, 0.0013544 secs], 0.0023135 secs]
 [Times: user=0.00 sys=0.02, real=0.00 secs] 
2017-11-18T17:26:03.823+0300: 19.918: [GC cleanup 416M->380M(512M), 0.0005500 secs]
 [Times: user=0.00 sys=0.00, real=0.00 secs] 
2017-11-18T17:26:03.823+0300: 19.918: [GC concurrent-cleanup-start]
2017-11-18T17:26:03.823+0300: 19.918: [GC concurrent-cleanup-end, 0.0000229 secs]
2017-11-18T17:26:03.852+0300: 19.947: [GC pause (G1 Evacuation Pause) (young), 0.0063493 secs]
   [Parallel Time: 5.7 ms, GC Workers: 8]
      [GC Worker Start (ms): Min: 19947.0, Avg: 19947.0, Max: 19947.0, Diff: 0.1]
      [Ext Root Scanning (ms): Min: 0.2, Avg: 0.2, Max: 0.4, Diff: 0.2, Sum: 1.9]
      [Update RS (ms): Min: 1.0, Avg: 1.3, Max: 2.0, Diff: 1.0, Sum: 10.7]
         [Processed Buffers: Min: 1, Avg: 1.3, Max: 2, Diff: 1, Sum: 10]
      [Scan RS (ms): Min: 0.0, Avg: 0.0, Max: 0.0, Diff: 0.0, Sum: 0.0]
      [Code Root Scanning (ms): Min: 0.0, Avg: 0.0, Max: 0.0, Diff: 0.0, Sum: 0.0]
      [Object Copy (ms): Min: 3.4, Avg: 4.0, Max: 4.3, Diff: 0.9, Sum: 32.0]
      [Termination (ms): Min: 0.0, Avg: 0.0, Max: 0.0, Diff: 0.0, Sum: 0.2]
         [Termination Attempts: Min: 1, Avg: 253.4, Max: 318, Diff: 317, Sum: 2027]
      [GC Worker Other (ms): Min: 0.0, Avg: 0.0, Max: 0.0, Diff: 0.0, Sum: 0.1]
      [GC Worker Total (ms): Min: 5.6, Avg: 5.6, Max: 5.7, Diff: 0.1, Sum: 45.0]
      [GC Worker End (ms): Min: 19952.6, Avg: 19952.6, Max: 19952.6, Diff: 0.0]
   [Code Root Fixup: 0.0 ms]
   [Code Root Purge: 0.0 ms]
   [Clear CT: 0.2 ms]
   [Other: 0.5 ms]
      [Choose CSet: 0.0 ms]
      [Ref Proc: 0.1 ms]
      [Ref Enq: 0.0 ms]
      [Redirty Cards: 0.3 ms]
      [Humongous Register: 0.0 ms]
      [Humongous Reclaim: 0.0 ms]
      [Free CSet: 0.1 ms]
   [Eden: 37.0M(37.0M)->0.0B(19.0M) Survivors: 6144.0K->6144.0K Heap: 417.4M(512.0M)->380.9M(512.0M)]
 [Times: user=0.13 sys=0.00, real=0.01 secs] 
2017-11-18T17:26:03.873+0300: 19.968: [GC pause (G1 Evacuation Pause) (mixed), 0.0059874 secs]
   [Parallel Time: 4.8 ms, GC Workers: 8]
      [GC Worker Start (ms): Min: 19968.3, Avg: 19968.3, Max: 19968.4, Diff: 0.1]
      [Ext Root Scanning (ms): Min: 0.2, Avg: 0.2, Max: 0.4, Diff: 0.2, Sum: 1.9]
      [Update RS (ms): Min: 0.9, Avg: 1.1, Max: 1.6, Diff: 0.6, Sum: 9.2]
         [Processed Buffers: Min: 1, Avg: 1.4, Max: 2, Diff: 1, Sum: 11]
      [Scan RS (ms): Min: 0.0, Avg: 0.1, Max: 0.2, Diff: 0.2, Sum: 0.6]
      [Code Root Scanning (ms): Min: 0.0, Avg: 0.0, Max: 0.0, Diff: 0.0, Sum: 0.0]
      [Object Copy (ms): Min: 2.8, Avg: 3.2, Max: 3.2, Diff: 0.4, Sum: 25.3]
      [Termination (ms): Min: 0.0, Avg: 0.0, Max: 0.0, Diff: 0.0, Sum: 0.1]
         [Termination Attempts: Min: 1, Avg: 49.8, Max: 74, Diff: 73, Sum: 398]
      [GC Worker Other (ms): Min: 0.0, Avg: 0.0, Max: 0.0, Diff: 0.0, Sum: 0.2]
      [GC Worker Total (ms): Min: 4.6, Avg: 4.6, Max: 4.7, Diff: 0.1, Sum: 37.1]
      [GC Worker End (ms): Min: 19973.0, Avg: 19973.0, Max: 19973.0, Diff: 0.0]
   [Code Root Fixup: 0.0 ms]
   [Code Root Purge: 0.0 ms]
   [Clear CT: 0.1 ms]
   [Other: 1.1 ms]
      [Choose CSet: 0.0 ms]
      [Ref Proc: 0.3 ms]
      [Ref Enq: 0.0 ms]
      [Redirty Cards: 0.6 ms]
      [Humongous Register: 0.0 ms]
      [Humongous Reclaim: 0.0 ms]
      [Free CSet: 0.1 ms]
   [Eden: 19.0M(19.0M)->0.0B(21.0M) Survivors: 6144.0K->4096.0K Heap: 399.9M(512.0M)->329.2M(512.0M)]
 [Times: user=0.00 sys=0.00, real=0.01 secs] 
2017-11-18T17:26:03.896+0300: 19.991: [GC pause (G1 Evacuation Pause) (mixed), 0.0053798 secs]
   [Parallel Time: 4.5 ms, GC Workers: 8]
      [GC Worker Start (ms): Min: 19991.1, Avg: 19991.2, Max: 19991.2, Diff: 0.1]
      [Ext Root Scanning (ms): Min: 0.2, Avg: 0.2, Max: 0.4, Diff: 0.2, Sum: 1.9]
      [Update RS (ms): Min: 1.0, Avg: 1.1, Max: 1.7, Diff: 0.7, Sum: 8.6]
         [Processed Buffers: Min: 1, Avg: 2.1, Max: 3, Diff: 2, Sum: 17]
      [Scan RS (ms): Min: 0.0, Avg: 0.1, Max: 0.1, Diff: 0.1, Sum: 0.6]
      [Code Root Scanning (ms): Min: 0.0, Avg: 0.0, Max: 0.0, Diff: 0.0, Sum: 0.0]
      [Object Copy (ms): Min: 2.5, Avg: 3.0, Max: 3.1, Diff: 0.6, Sum: 24.2]
      [Termination (ms): Min: 0.0, Avg: 0.0, Max: 0.0, Diff: 0.0, Sum: 0.1]
         [Termination Attempts: Min: 1, Avg: 53.0, Max: 79, Diff: 78, Sum: 424]
      [GC Worker Other (ms): Min: 0.0, Avg: 0.0, Max: 0.0, Diff: 0.0, Sum: 0.1]
      [GC Worker Total (ms): Min: 4.4, Avg: 4.4, Max: 4.5, Diff: 0.1, Sum: 35.5]
      [GC Worker End (ms): Min: 19995.6, Avg: 19995.6, Max: 19995.6, Diff: 0.0]
   [Code Root Fixup: 0.0 ms]
   [Code Root Purge: 0.0 ms]
   [Clear CT: 0.2 ms]
   [Other: 0.6 ms]
      [Choose CSet: 0.0 ms]
      [Ref Proc: 0.1 ms]
      [Ref Enq: 0.0 ms]
      [Redirty Cards: 0.3 ms]
      [Humongous Register: 0.0 ms]
      [Humongous Reclaim: 0.0 ms]
      [Free CSet: 0.1 ms]
   [Eden: 21.0M(21.0M)->0.0B(22.0M) Survivors: 4096.0K->3072.0K Heap: 350.2M(512.0M)->277.4M(512.0M)]
 [Times: user=0.13 sys=0.00, real=0.01 secs] 
2017-11-18T17:26:03.919+0300: 20.014: [GC pause (G1 Evacuation Pause) (mixed), 0.0068109 secs]
   [Parallel Time: 5.9 ms, GC Workers: 8]
      [GC Worker Start (ms): Min: 20014.1, Avg: 20014.1, Max: 20014.1, Diff: 0.1]
      [Ext Root Scanning (ms): Min: 0.2, Avg: 0.2, Max: 0.4, Diff: 0.2, Sum: 2.0]
      [Update RS (ms): Min: 0.8, Avg: 0.9, Max: 1.6, Diff: 0.8, Sum: 7.1]
         [Processed Buffers: Min: 1, Avg: 1.3, Max: 2, Diff: 1, Sum: 10]
      [Scan RS (ms): Min: 0.0, Avg: 0.4, Max: 0.5, Diff: 0.5, Sum: 3.2]
      [Code Root Scanning (ms): Min: 0.0, Avg: 0.0, Max: 0.0, Diff: 0.0, Sum: 0.0]
      [Object Copy (ms): Min: 3.9, Avg: 4.1, Max: 4.2, Diff: 0.3, Sum: 33.0]
      [Termination (ms): Min: 0.0, Avg: 0.0, Max: 0.0, Diff: 0.0, Sum: 0.1]
         [Termination Attempts: Min: 1, Avg: 71.5, Max: 91, Diff: 90, Sum: 572]
      [GC Worker Other (ms): Min: 0.0, Avg: 0.0, Max: 0.0, Diff: 0.0, Sum: 0.1]
      [GC Worker Total (ms): Min: 5.7, Avg: 5.7, Max: 5.7, Diff: 0.1, Sum: 45.6]
      [GC Worker End (ms): Min: 20019.8, Avg: 20019.8, Max: 20019.8, Diff: 0.0]
   [Code Root Fixup: 0.0 ms]
   [Code Root Purge: 0.0 ms]
   [Clear CT: 0.3 ms]
   [Other: 0.6 ms]
      [Choose CSet: 0.0 ms]
      [Ref Proc: 0.1 ms]
      [Ref Enq: 0.0 ms]
      [Redirty Cards: 0.3 ms]
      [Humongous Register: 0.0 ms]
      [Humongous Reclaim: 0.0 ms]
      [Free CSet: 0.1 ms]
   [Eden: 22.0M(22.0M)->0.0B(222.0M) Survivors: 3072.0K->3072.0K Heap: 299.4M(512.0M)->234.5M(512.0M)]
 [Times: user=0.00 sys=0.00, real=0.01 secs] 
2017-11-18T17:26:04.097+0300: 20.192: [GC pause (G1 Evacuation Pause) (young), 0.0099264 secs]
   [Parallel Time: 8.3 ms, GC Workers: 8]
      [GC Worker Start (ms): Min: 20191.6, Avg: 20191.6, Max: 20191.7, Diff: 0.1]
      [Ext Root Scanning (ms): Min: 0.2, Avg: 0.2, Max: 0.4, Diff: 0.2, Sum: 1.7]
      [Update RS (ms): Min: 1.2, Avg: 2.2, Max: 3.0, Diff: 1.8, Sum: 17.4]
         [Processed Buffers: Min: 2, Avg: 2.6, Max: 3, Diff: 1, Sum: 21]
      [Scan RS (ms): Min: 0.0, Avg: 0.0, Max: 0.1, Diff: 0.1, Sum: 0.2]
      [Code Root Scanning (ms): Min: 0.0, Avg: 0.0, Max: 0.0, Diff: 0.0, Sum: 0.0]
      [Object Copy (ms): Min: 5.0, Avg: 5.7, Max: 6.6, Diff: 1.6, Sum: 45.6]
      [Termination (ms): Min: 0.0, Avg: 0.0, Max: 0.0, Diff: 0.0, Sum: 0.3]
         [Termination Attempts: Min: 1, Avg: 333.1, Max: 443, Diff: 442, Sum: 2665]
      [GC Worker Other (ms): Min: 0.0, Avg: 0.0, Max: 0.1, Diff: 0.1, Sum: 0.3]
      [GC Worker Total (ms): Min: 8.2, Avg: 8.2, Max: 8.3, Diff: 0.1, Sum: 65.6]
      [GC Worker End (ms): Min: 20199.8, Avg: 20199.8, Max: 20199.9, Diff: 0.1]
   [Code Root Fixup: 0.0 ms]
   [Code Root Purge: 0.0 ms]
   [Clear CT: 0.4 ms]
   [Other: 1.2 ms]
      [Choose CSet: 0.0 ms]
      [Ref Proc: 0.4 ms]
      [Ref Enq: 0.0 ms]
      [Redirty Cards: 0.7 ms]
      [Humongous Register: 0.0 ms]
      [Humongous Reclaim: 0.0 ms]
      [Free CSet: 0.1 ms]
   [Eden: 222.0M(222.0M)->0.0B(216.0M) Survivors: 3072.0K->6144.0K Heap: 456.5M(512.0M)->237.5M(512.0M)]
 [Times: user=0.13 sys=0.00, real=0.01 secs] 
2017-11-18T17:26:04.277+0300: 20.372: [GC pause (G1 Evacuation Pause) (young) (initial-mark), 0.0097368 secs]
   [Parallel Time: 8.7 ms, GC Workers: 8]
      [GC Worker Start (ms): Min: 20372.1, Avg: 20372.2, Max: 20372.2, Diff: 0.1]
      [Ext Root Scanning (ms): Min: 0.4, Avg: 0.4, Max: 0.5, Diff: 0.1, Sum: 3.3]
      [Update RS (ms): Min: 1.3, Avg: 2.2, Max: 3.1, Diff: 1.9, Sum: 17.2]
         [Processed Buffers: Min: 2, Avg: 2.5, Max: 5, Diff: 3, Sum: 20]
      [Scan RS (ms): Min: 0.0, Avg: 0.0, Max: 0.1, Diff: 0.1, Sum: 0.2]
      [Code Root Scanning (ms): Min: 0.0, Avg: 0.0, Max: 0.0, Diff: 0.0, Sum: 0.0]
      [Object Copy (ms): Min: 5.0, Avg: 6.0, Max: 6.8, Diff: 1.8, Sum: 47.9]
      [Termination (ms): Min: 0.0, Avg: 0.0, Max: 0.0, Diff: 0.0, Sum: 0.0]
         [Termination Attempts: Min: 1, Avg: 1.0, Max: 1, Diff: 0, Sum: 8]
      [GC Worker Other (ms): Min: 0.0, Avg: 0.0, Max: 0.1, Diff: 0.0, Sum: 0.3]
      [GC Worker Total (ms): Min: 8.6, Avg: 8.6, Max: 8.7, Diff: 0.1, Sum: 68.9]
      [GC Worker End (ms): Min: 20380.8, Avg: 20380.8, Max: 20380.8, Diff: 0.0]
   [Code Root Fixup: 0.0 ms]
   [Code Root Purge: 0.0 ms]
   [Clear CT: 0.3 ms]
   [Other: 0.7 ms]
      [Choose CSet: 0.0 ms]
      [Ref Proc: 0.2 ms]
      [Ref Enq: 0.0 ms]
      [Redirty Cards: 0.3 ms]
      [Humongous Register: 0.0 ms]
      [Humongous Reclaim: 0.0 ms]
      [Free CSet: 0.1 ms]
   [Eden: 216.0M(216.0M)->0.0B(212.0M) Survivors: 6144.0K->8192.0K Heap: 453.5M(512.0M)->239.7M(512.0M)]
 [Times: user=0.00 sys=0.00, real=0.01 secs] 
2017-11-18T17:26:04.287+0300: 20.382: [GC concurrent-root-region-scan-start]
2017-11-18T17:26:04.289+0300: 20.384: [GC concurrent-root-region-scan-end, 0.0023886 secs]
2017-11-18T17:26:04.290+0300: 20.384: [GC concurrent-mark-start]
2017-11-18T17:26:04.802+0300: 20.897: [GC pause (G1 Evacuation Pause) (young), 0.0111184 secs]
   [Parallel Time: 10.2 ms, GC Workers: 8]
      [GC Worker Start (ms): Min: 20896.9, Avg: 20896.9, Max: 20897.0, Diff: 0.1]
      [Ext Root Scanning (ms): Min: 0.1, Avg: 0.1, Max: 0.2, Diff: 0.1, Sum: 1.0]
      [Update RS (ms): Min: 1.5, Avg: 2.3, Max: 3.0, Diff: 1.5, Sum: 18.3]
         [Processed Buffers: Min: 2, Avg: 2.8, Max: 3, Diff: 1, Sum: 22]
      [Scan RS (ms): Min: 0.0, Avg: 0.0, Max: 0.1, Diff: 0.1, Sum: 0.2]
      [Code Root Scanning (ms): Min: 0.0, Avg: 0.0, Max: 0.0, Diff: 0.0, Sum: 0.0]
      [Object Copy (ms): Min: 6.9, Avg: 7.6, Max: 8.3, Diff: 1.4, Sum: 60.6]
      [Termination (ms): Min: 0.0, Avg: 0.0, Max: 0.0, Diff: 0.0, Sum: 0.0]
         [Termination Attempts: Min: 1, Avg: 2.6, Max: 4, Diff: 3, Sum: 21]
      [GC Worker Other (ms): Min: 0.0, Avg: 0.0, Max: 0.0, Diff: 0.0, Sum: 0.2]
      [GC Worker Total (ms): Min: 10.0, Avg: 10.0, Max: 10.1, Diff: 0.1, Sum: 80.3]
      [GC Worker End (ms): Min: 20906.9, Avg: 20907.0, Max: 20907.0, Diff: 0.0]
   [Code Root Fixup: 0.0 ms]
   [Code Root Purge: 0.0 ms]
   [Clear CT: 0.2 ms]
   [Other: 0.8 ms]
      [Choose CSet: 0.0 ms]
      [Ref Proc: 0.1 ms]
      [Ref Enq: 0.0 ms]
      [Redirty Cards: 0.5 ms]
      [Humongous Register: 0.0 ms]
      [Humongous Reclaim: 0.0 ms]
      [Free CSet: 0.1 ms]
   [Eden: 212.0M(212.0M)->0.0B(204.0M) Survivors: 8192.0K->12.0M Heap: 451.7M(512.0M)->243.3M(512.0M)]
 [Times: user=0.13 sys=0.00, real=0.01 secs] 
2017-11-18T17:26:04.813+0300: 20.908: [GC concurrent-mark-reset-for-overflow]
2017-11-18T17:26:05.005+0300: 21.100: [GC pause (G1 Evacuation Pause) (young), 0.0127617 secs]
   [Parallel Time: 12.2 ms, GC Workers: 8]
      [GC Worker Start (ms): Min: 21099.8, Avg: 21099.9, Max: 21099.9, Diff: 0.1]
      [Ext Root Scanning (ms): Min: 0.1, Avg: 0.1, Max: 0.2, Diff: 0.1, Sum: 1.1]
      [Update RS (ms): Min: 2.0, Avg: 2.8, Max: 3.6, Diff: 1.6, Sum: 22.5]
         [Processed Buffers: Min: 3, Avg: 4.0, Max: 7, Diff: 4, Sum: 32]
      [Scan RS (ms): Min: 0.0, Avg: 0.0, Max: 0.1, Diff: 0.1, Sum: 0.2]
      [Code Root Scanning (ms): Min: 0.0, Avg: 0.0, Max: 0.0, Diff: 0.0, Sum: 0.0]
      [Object Copy (ms): Min: 8.3, Avg: 9.1, Max: 9.8, Diff: 1.5, Sum: 72.4]
      [Termination (ms): Min: 0.0, Avg: 0.0, Max: 0.0, Diff: 0.0, Sum: 0.0]
         [Termination Attempts: Min: 1, Avg: 1.0, Max: 1, Diff: 0, Sum: 8]
      [GC Worker Other (ms): Min: 0.0, Avg: 0.0, Max: 0.0, Diff: 0.0, Sum: 0.2]
      [GC Worker Total (ms): Min: 12.0, Avg: 12.1, Max: 12.1, Diff: 0.1, Sum: 96.5]
      [GC Worker End (ms): Min: 21111.9, Avg: 21111.9, Max: 21112.0, Diff: 0.0]
   [Code Root Fixup: 0.0 ms]
   [Code Root Purge: 0.0 ms]
   [Clear CT: 0.1 ms]
   [Other: 0.4 ms]
      [Choose CSet: 0.0 ms]
      [Ref Proc: 0.1 ms]
      [Ref Enq: 0.0 ms]
      [Redirty Cards: 0.1 ms]
      [Humongous Register: 0.0 ms]
      [Humongous Reclaim: 0.0 ms]
      [Free CSet: 0.2 ms]
   [Eden: 204.0M(204.0M)->0.0B(204.0M) Survivors: 12.0M->12.0M Heap: 447.3M(512.0M)->243.8M(512.0M)]
 [Times: user=0.13 sys=0.00, real=0.01 secs] 
2017-11-18T17:26:05.018+0300: 21.113: [GC concurrent-mark-end, 0.7284166 secs]
2017-11-18T17:26:05.019+0300: 21.113: [GC remark 2017-11-18T17:26:05.019+0300: 21.113: [Finalize Marking, 0.0000939 secs] 2017-11-18T17:26:05.019+0300: 21.113: [GC ref-proc, 0.0001509 secs] 2017-11-18T17:26:05.019+0300: 21.113: [Unloading, 0.0013297 secs], 0.0024224 secs]
 [Times: user=0.00 sys=0.00, real=0.00 secs] 
2017-11-18T17:26:05.021+0300: 21.115: [GC cleanup 244M->244M(512M), 0.0005485 secs]
 [Times: user=0.00 sys=0.00, real=0.00 secs] 
2017-11-18T17:26:05.179+0300: 21.273: [GC pause (G1 Evacuation Pause) (young), 0.0153934 secs]
   [Parallel Time: 14.6 ms, GC Workers: 8]
      [GC Worker Start (ms): Min: 21273.5, Avg: 21273.5, Max: 21273.6, Diff: 0.1]
      [Ext Root Scanning (ms): Min: 0.2, Avg: 0.2, Max: 0.3, Diff: 0.2, Sum: 1.7]
      [Update RS (ms): Min: 2.9, Avg: 3.7, Max: 4.5, Diff: 1.6, Sum: 29.4]
         [Processed Buffers: Min: 3, Avg: 3.8, Max: 4, Diff: 1, Sum: 30]
      [Scan RS (ms): Min: 0.0, Avg: 0.0, Max: 0.1, Diff: 0.1, Sum: 0.2]
      [Code Root Scanning (ms): Min: 0.0, Avg: 0.0, Max: 0.0, Diff: 0.0, Sum: 0.0]
      [Object Copy (ms): Min: 9.7, Avg: 10.5, Max: 11.2, Diff: 1.5, Sum: 83.9]
      [Termination (ms): Min: 0.0, Avg: 0.0, Max: 0.0, Diff: 0.0, Sum: 0.0]
         [Termination Attempts: Min: 1, Avg: 1.0, Max: 1, Diff: 0, Sum: 8]
      [GC Worker Other (ms): Min: 0.0, Avg: 0.0, Max: 0.0, Diff: 0.0, Sum: 0.3]
      [GC Worker Total (ms): Min: 14.4, Avg: 14.4, Max: 14.5, Diff: 0.1, Sum: 115.5]
      [GC Worker End (ms): Min: 21288.0, Avg: 21288.0, Max: 21288.0, Diff: 0.0]
   [Code Root Fixup: 0.0 ms]
   [Code Root Purge: 0.0 ms]
   [Clear CT: 0.2 ms]
   [Other: 0.6 ms]
      [Choose CSet: 0.0 ms]
      [Ref Proc: 0.1 ms]
      [Ref Enq: 0.0 ms]
      [Redirty Cards: 0.3 ms]
      [Humongous Register: 0.0 ms]
      [Humongous Reclaim: 0.0 ms]
      [Free CSet: 0.1 ms]
   [Eden: 204.0M(204.0M)->0.0B(9216.0K) Survivors: 12.0M->16.0M Heap: 447.8M(512.0M)->247.3M(512.0M)]
 [Times: user=0.13 sys=0.00, real=0.02 secs] 
2017-11-18T17:26:05.201+0300: 21.296: [GC pause (G1 Evacuation Pause) (mixed), 0.0162313 secs]
   [Parallel Time: 15.2 ms, GC Workers: 8]
      [GC Worker Start (ms): Min: 21296.1, Avg: 21296.2, Max: 21296.3, Diff: 0.1]
      [Ext Root Scanning (ms): Min: 0.2, Avg: 0.2, Max: 0.3, Diff: 0.2, Sum: 1.8]
      [Update RS (ms): Min: 3.1, Avg: 3.4, Max: 3.8, Diff: 0.7, Sum: 26.9]
         [Processed Buffers: Min: 3, Avg: 4.1, Max: 5, Diff: 2, Sum: 33]
      [Scan RS (ms): Min: 0.0, Avg: 0.3, Max: 0.5, Diff: 0.5, Sum: 2.1]
      [Code Root Scanning (ms): Min: 0.0, Avg: 0.0, Max: 0.0, Diff: 0.0, Sum: 0.0]
      [Object Copy (ms): Min: 11.0, Avg: 11.2, Max: 11.2, Diff: 0.2, Sum: 89.4]
      [Termination (ms): Min: 0.0, Avg: 0.0, Max: 0.0, Diff: 0.0, Sum: 0.0]
         [Termination Attempts: Min: 1, Avg: 28.8, Max: 40, Diff: 39, Sum: 230]
      [GC Worker Other (ms): Min: 0.0, Avg: 0.0, Max: 0.0, Diff: 0.0, Sum: 0.2]
      [GC Worker Total (ms): Min: 15.0, Avg: 15.0, Max: 15.1, Diff: 0.1, Sum: 120.4]
      [GC Worker End (ms): Min: 21311.3, Avg: 21311.3, Max: 21311.3, Diff: 0.0]
   [Code Root Fixup: 0.0 ms]
   [Code Root Purge: 0.0 ms]
   [Clear CT: 0.4 ms]
   [Other: 0.6 ms]
      [Choose CSet: 0.0 ms]
      [Ref Proc: 0.1 ms]
      [Ref Enq: 0.0 ms]
      [Redirty Cards: 0.4 ms]
      [Humongous Register: 0.0 ms]
      [Humongous Reclaim: 0.0 ms]
      [Free CSet: 0.0 ms]
   [Eden: 9216.0K(9216.0K)->0.0B(212.0M) Survivors: 16.0M->1024.0K Heap: 256.3M(512.0M)->243.9M(512.0M)]
 [Times: user=0.13 sys=0.00, real=0.02 secs] 
2017-11-18T17:26:05.381+0300: 21.476: [GC pause (G1 Evacuation Pause) (young), 0.0085620 secs]
   [Parallel Time: 7.5 ms, GC Workers: 8]
      [GC Worker Start (ms): Min: 21476.4, Avg: 21476.5, Max: 21476.5, Diff: 0.1]
      [Ext Root Scanning (ms): Min: 0.2, Avg: 0.2, Max: 0.3, Diff: 0.2, Sum: 1.7]
      [Update RS (ms): Min: 3.4, Avg: 4.3, Max: 5.2, Diff: 1.8, Sum: 34.1]
         [Processed Buffers: Min: 4, Avg: 5.0, Max: 6, Diff: 2, Sum: 40]
      [Scan RS (ms): Min: 0.0, Avg: 0.0, Max: 0.1, Diff: 0.1, Sum: 0.2]
      [Code Root Scanning (ms): Min: 0.0, Avg: 0.0, Max: 0.0, Diff: 0.0, Sum: 0.0]
      [Object Copy (ms): Min: 1.9, Avg: 2.9, Max: 3.7, Diff: 1.7, Sum: 22.9]
      [Termination (ms): Min: 0.0, Avg: 0.0, Max: 0.0, Diff: 0.0, Sum: 0.0]
         [Termination Attempts: Min: 1, Avg: 1.9, Max: 4, Diff: 3, Sum: 15]
      [GC Worker Other (ms): Min: 0.0, Avg: 0.0, Max: 0.0, Diff: 0.0, Sum: 0.3]
      [GC Worker Total (ms): Min: 7.4, Avg: 7.4, Max: 7.5, Diff: 0.1, Sum: 59.2]
      [GC Worker End (ms): Min: 21483.8, Avg: 21483.9, Max: 21483.9, Diff: 0.0]
   [Code Root Fixup: 0.0 ms]
   [Code Root Purge: 0.0 ms]
   [Clear CT: 0.3 ms]
   [Other: 0.8 ms]
      [Choose CSet: 0.0 ms]
      [Ref Proc: 0.1 ms]
      [Ref Enq: 0.0 ms]
      [Redirty Cards: 0.5 ms]
      [Humongous Register: 0.0 ms]
      [Humongous Reclaim: 0.0 ms]
      [Free CSet: 0.1 ms]
   [Eden: 212.0M(212.0M)->0.0B(208.0M) Survivors: 1024.0K->4096.0K Heap: 455.9M(512.0M)->246.7M(512.0M)]
 [Times: user=0.13 sys=0.00, real=0.01 secs] 
2017-11-18T17:26:05.550+0300: 21.645: [GC pause (G1 Evacuation Pause) (young) (initial-mark), 0.0084847 secs]
   [Parallel Time: 7.3 ms, GC Workers: 8]
      [GC Worker Start (ms): Min: 21645.5, Avg: 21645.6, Max: 21645.6, Diff: 0.1]
      [Ext Root Scanning (ms): Min: 0.4, Avg: 0.4, Max: 0.4, Diff: 0.0, Sum: 3.1]
      [Update RS (ms): Min: 0.6, Avg: 1.6, Max: 2.7, Diff: 2.1, Sum: 12.8]
         [Processed Buffers: Min: 1, Avg: 1.8, Max: 2, Diff: 1, Sum: 14]
      [Scan RS (ms): Min: 0.0, Avg: 0.0, Max: 0.1, Diff: 0.1, Sum: 0.2]
      [Code Root Scanning (ms): Min: 0.0, Avg: 0.0, Max: 0.0, Diff: 0.0, Sum: 0.0]
      [Object Copy (ms): Min: 4.0, Avg: 5.1, Max: 6.1, Diff: 2.0, Sum: 41.1]
      [Termination (ms): Min: 0.0, Avg: 0.0, Max: 0.0, Diff: 0.0, Sum: 0.0]
         [Termination Attempts: Min: 1, Avg: 10.8, Max: 15, Diff: 14, Sum: 86]
      [GC Worker Other (ms): Min: 0.0, Avg: 0.0, Max: 0.0, Diff: 0.0, Sum: 0.2]
      [GC Worker Total (ms): Min: 7.1, Avg: 7.2, Max: 7.2, Diff: 0.1, Sum: 57.3]
      [GC Worker End (ms): Min: 21652.7, Avg: 21652.7, Max: 21652.7, Diff: 0.0]
   [Code Root Fixup: 0.0 ms]
   [Code Root Purge: 0.0 ms]
   [Clear CT: 0.5 ms]
   [Other: 0.7 ms]
      [Choose CSet: 0.0 ms]
      [Ref Proc: 0.1 ms]
      [Ref Enq: 0.0 ms]
      [Redirty Cards: 0.4 ms]
      [Humongous Register: 0.0 ms]
      [Humongous Reclaim: 0.0 ms]
      [Free CSet: 0.1 ms]
   [Eden: 208.0M(208.0M)->0.0B(204.0M) Survivors: 4096.0K->6144.0K Heap: 454.7M(512.0M)->248.9M(512.0M)]
 [Times: user=0.11 sys=0.00, real=0.01 secs] 
2017-11-18T17:26:05.559+0300: 21.654: [GC concurrent-root-region-scan-start]
2017-11-18T17:26:05.560+0300: 21.656: [GC concurrent-root-region-scan-end, 0.0015630 secs]
2017-11-18T17:26:05.560+0300: 21.656: [GC concurrent-mark-start]
2017-11-18T17:26:06.080+0300: 22.175: [GC pause (G1 Evacuation Pause) (young), 0.0094995 secs]
   [Parallel Time: 8.1 ms, GC Workers: 8]
      [GC Worker Start (ms): Min: 22174.7, Avg: 22174.8, Max: 22174.8, Diff: 0.1]
      [Ext Root Scanning (ms): Min: 0.1, Avg: 0.2, Max: 0.6, Diff: 0.5, Sum: 1.6]
      [Update RS (ms): Min: 0.9, Avg: 1.8, Max: 2.6, Diff: 1.6, Sum: 14.4]
         [Processed Buffers: Min: 2, Avg: 2.9, Max: 8, Diff: 6, Sum: 23]
      [Scan RS (ms): Min: 0.0, Avg: 0.0, Max: 0.1, Diff: 0.1, Sum: 0.1]
      [Code Root Scanning (ms): Min: 0.0, Avg: 0.0, Max: 0.0, Diff: 0.0, Sum: 0.0]
      [Object Copy (ms): Min: 5.2, Avg: 5.9, Max: 6.7, Diff: 1.5, Sum: 47.2]
      [Termination (ms): Min: 0.0, Avg: 0.0, Max: 0.0, Diff: 0.0, Sum: 0.0]
         [Termination Attempts: Min: 1, Avg: 1.0, Max: 1, Diff: 0, Sum: 8]
      [GC Worker Other (ms): Min: 0.0, Avg: 0.0, Max: 0.0, Diff: 0.0, Sum: 0.2]
      [GC Worker Total (ms): Min: 7.9, Avg: 8.0, Max: 8.0, Diff: 0.1, Sum: 63.6]
      [GC Worker End (ms): Min: 22182.7, Avg: 22182.7, Max: 22182.7, Diff: 0.0]
   [Code Root Fixup: 0.0 ms]
   [Code Root Purge: 0.0 ms]
   [Clear CT: 0.3 ms]
   [Other: 1.1 ms]
      [Choose CSet: 0.0 ms]
      [Ref Proc: 0.2 ms]
      [Ref Enq: 0.0 ms]
      [Redirty Cards: 0.7 ms]
      [Humongous Register: 0.0 ms]
      [Humongous Reclaim: 0.0 ms]
      [Free CSet: 0.1 ms]
   [Eden: 204.0M(204.0M)->0.0B(198.0M) Survivors: 6144.0K->9216.0K Heap: 452.9M(512.0M)->251.4M(512.0M)]
 [Times: user=0.13 sys=0.00, real=0.01 secs] 
2017-11-18T17:26:06.090+0300: 22.184: [GC concurrent-mark-reset-for-overflow]
2017-11-18T17:26:06.304+0300: 22.399: [GC pause (G1 Evacuation Pause) (young), 0.0107218 secs]
   [Parallel Time: 9.8 ms, GC Workers: 8]
      [GC Worker Start (ms): Min: 22398.7, Avg: 22398.8, Max: 22398.8, Diff: 0.1]
      [Ext Root Scanning (ms): Min: 0.1, Avg: 0.2, Max: 0.2, Diff: 0.1, Sum: 1.3]
      [Update RS (ms): Min: 1.4, Avg: 2.2, Max: 2.9, Diff: 1.4, Sum: 17.6]
         [Processed Buffers: Min: 2, Avg: 2.6, Max: 3, Diff: 1, Sum: 21]
      [Scan RS (ms): Min: 0.0, Avg: 0.0, Max: 0.1, Diff: 0.1, Sum: 0.2]
      [Code Root Scanning (ms): Min: 0.0, Avg: 0.0, Max: 0.0, Diff: 0.0, Sum: 0.0]
      [Object Copy (ms): Min: 6.6, Avg: 7.2, Max: 7.9, Diff: 1.4, Sum: 57.8]
      [Termination (ms): Min: 0.0, Avg: 0.0, Max: 0.0, Diff: 0.0, Sum: 0.0]
         [Termination Attempts: Min: 1, Avg: 1.0, Max: 1, Diff: 0, Sum: 8]
      [GC Worker Other (ms): Min: 0.0, Avg: 0.0, Max: 0.1, Diff: 0.0, Sum: 0.3]
      [GC Worker Total (ms): Min: 9.6, Avg: 9.6, Max: 9.7, Diff: 0.1, Sum: 77.2]
      [GC Worker End (ms): Min: 22408.4, Avg: 22408.4, Max: 22408.5, Diff: 0.0]
   [Code Root Fixup: 0.0 ms]
   [Code Root Purge: 0.0 ms]
   [Clear CT: 0.2 ms]
   [Other: 0.8 ms]
      [Choose CSet: 0.0 ms]
      [Ref Proc: 0.2 ms]
      [Ref Enq: 0.0 ms]
      [Redirty Cards: 0.4 ms]
      [Humongous Register: 0.0 ms]
      [Humongous Reclaim: 0.0 ms]
      [Free CSet: 0.1 ms]
   [Eden: 198.0M(198.0M)->0.0B(192.0M) Survivors: 9216.0K->12.0M Heap: 449.4M(512.0M)->254.4M(512.0M)]
 [Times: user=0.13 sys=0.00, real=0.01 secs] 
2017-11-18T17:26:06.315+0300: 22.410: [GC concurrent-mark-end, 0.7539519 secs]
2017-11-18T17:26:06.315+0300: 22.410: [GC remark 2017-11-18T17:26:06.315+0300: 22.410: [Finalize Marking, 0.0000906 secs] 2017-11-18T17:26:06.315+0300: 22.410: [GC ref-proc, 0.0000788 secs] 2017-11-18T17:26:06.315+0300: 22.410: [Unloading, 0.0013258 secs], 0.0022492 secs]
 [Times: user=0.00 sys=0.00, real=0.00 secs] 
2017-11-18T17:26:06.317+0300: 22.412: [GC cleanup 254M->254M(512M), 0.0003311 secs]
 [Times: user=0.00 sys=0.00, real=0.00 secs] 
2017-11-18T17:26:06.466+0300: 22.561: [GC pause (G1 Evacuation Pause) (young), 0.0132299 secs]
   [Parallel Time: 12.3 ms, GC Workers: 8]
      [GC Worker Start (ms): Min: 22561.1, Avg: 22561.2, Max: 22561.2, Diff: 0.1]
      [Ext Root Scanning (ms): Min: 0.2, Avg: 0.2, Max: 0.3, Diff: 0.1, Sum: 1.7]
      [Update RS (ms): Min: 2.2, Avg: 3.0, Max: 3.8, Diff: 1.6, Sum: 24.1]
         [Processed Buffers: Min: 2, Avg: 3.5, Max: 5, Diff: 3, Sum: 28]
      [Scan RS (ms): Min: 0.0, Avg: 0.0, Max: 0.0, Diff: 0.0, Sum: 0.2]
      [Code Root Scanning (ms): Min: 0.0, Avg: 0.0, Max: 0.1, Diff: 0.1, Sum: 0.1]
      [Object Copy (ms): Min: 8.1, Avg: 8.9, Max: 9.6, Diff: 1.5, Sum: 70.8]
      [Termination (ms): Min: 0.0, Avg: 0.0, Max: 0.0, Diff: 0.0, Sum: 0.0]
         [Termination Attempts: Min: 1, Avg: 1.0, Max: 1, Diff: 0, Sum: 8]
      [GC Worker Other (ms): Min: 0.0, Avg: 0.0, Max: 0.0, Diff: 0.0, Sum: 0.2]
      [GC Worker Total (ms): Min: 12.1, Avg: 12.1, Max: 12.2, Diff: 0.1, Sum: 97.1]
      [GC Worker End (ms): Min: 22573.3, Avg: 22573.3, Max: 22573.3, Diff: 0.0]
   [Code Root Fixup: 0.0 ms]
   [Code Root Purge: 0.0 ms]
   [Clear CT: 0.3 ms]
   [Other: 0.6 ms]
      [Choose CSet: 0.0 ms]
      [Ref Proc: 0.1 ms]
      [Ref Enq: 0.0 ms]
      [Redirty Cards: 0.4 ms]
      [Humongous Register: 0.0 ms]
      [Humongous Reclaim: 0.0 ms]
      [Free CSet: 0.1 ms]
   [Eden: 192.0M(192.0M)->0.0B(13.0M) Survivors: 12.0M->12.0M Heap: 446.4M(512.0M)->254.9M(512.0M)]
 [Times: user=0.13 sys=0.00, real=0.01 secs] 
2017-11-18T17:26:06.490+0300: 22.584: [GC pause (G1 Evacuation Pause) (mixed), 0.0121773 secs]
   [Parallel Time: 11.6 ms, GC Workers: 8]
      [GC Worker Start (ms): Min: 22584.5, Avg: 22584.6, Max: 22584.7, Diff: 0.1]
      [Ext Root Scanning (ms): Min: 0.2, Avg: 0.2, Max: 0.4, Diff: 0.2, Sum: 1.9]
      [Update RS (ms): Min: 2.6, Avg: 2.8, Max: 3.0, Diff: 0.4, Sum: 22.0]
         [Processed Buffers: Min: 3, Avg: 3.3, Max: 4, Diff: 1, Sum: 26]
      [Scan RS (ms): Min: 0.0, Avg: 0.1, Max: 0.2, Diff: 0.2, Sum: 0.6]
      [Code Root Scanning (ms): Min: 0.0, Avg: 0.0, Max: 0.0, Diff: 0.0, Sum: 0.0]
      [Object Copy (ms): Min: 8.3, Avg: 8.4, Max: 8.5, Diff: 0.2, Sum: 67.4]
      [Termination (ms): Min: 0.0, Avg: 0.0, Max: 0.0, Diff: 0.0, Sum: 0.1]
         [Termination Attempts: Min: 1, Avg: 70.3, Max: 90, Diff: 89, Sum: 562]
      [GC Worker Other (ms): Min: 0.0, Avg: 0.0, Max: 0.0, Diff: 0.0, Sum: 0.1]
      [GC Worker Total (ms): Min: 11.5, Avg: 11.5, Max: 11.6, Diff: 0.1, Sum: 92.2]
      [GC Worker End (ms): Min: 22596.1, Avg: 22596.1, Max: 22596.1, Diff: 0.0]
   [Code Root Fixup: 0.0 ms]
   [Code Root Purge: 0.0 ms]
   [Clear CT: 0.1 ms]
   [Other: 0.5 ms]
      [Choose CSet: 0.0 ms]
      [Ref Proc: 0.1 ms]
      [Ref Enq: 0.0 ms]
      [Redirty Cards: 0.3 ms]
      [Humongous Register: 0.0 ms]
      [Humongous Reclaim: 0.0 ms]
      [Free CSet: 0.0 ms]
   [Eden: 13.0M(13.0M)->0.0B(200.0M) Survivors: 12.0M->4096.0K Heap: 267.9M(512.0M)->255.0M(512.0M)]
 [Times: user=0.13 sys=0.00, real=0.01 secs] 
2017-11-18T17:26:06.658+0300: 22.753: [GC pause (G1 Evacuation Pause) (young), 0.0097030 secs]
   [Parallel Time: 8.6 ms, GC Workers: 8]
      [GC Worker Start (ms): Min: 22752.9, Avg: 22752.9, Max: 22753.0, Diff: 0.1]
      [Ext Root Scanning (ms): Min: 0.2, Avg: 0.2, Max: 0.3, Diff: 0.1, Sum: 1.6]
      [Update RS (ms): Min: 2.4, Avg: 3.3, Max: 4.1, Diff: 1.7, Sum: 26.0]
         [Processed Buffers: Min: 3, Avg: 3.8, Max: 4, Diff: 1, Sum: 30]
      [Scan RS (ms): Min: 0.0, Avg: 0.0, Max: 0.1, Diff: 0.1, Sum: 0.2]
      [Code Root Scanning (ms): Min: 0.0, Avg: 0.0, Max: 0.0, Diff: 0.0, Sum: 0.0]
      [Object Copy (ms): Min: 4.1, Avg: 5.0, Max: 5.8, Diff: 1.7, Sum: 39.6]
      [Termination (ms): Min: 0.0, Avg: 0.0, Max: 0.0, Diff: 0.0, Sum: 0.0]
         [Termination Attempts: Min: 1, Avg: 12.6, Max: 18, Diff: 17, Sum: 101]
      [GC Worker Other (ms): Min: 0.0, Avg: 0.0, Max: 0.0, Diff: 0.0, Sum: 0.2]
      [GC Worker Total (ms): Min: 8.4, Avg: 8.5, Max: 8.5, Diff: 0.1, Sum: 67.6]
      [GC Worker End (ms): Min: 22761.4, Avg: 22761.4, Max: 22761.4, Diff: 0.0]
   [Code Root Fixup: 0.0 ms]
   [Code Root Purge: 0.0 ms]
   [Clear CT: 0.3 ms]
   [Other: 0.8 ms]
      [Choose CSet: 0.0 ms]
      [Ref Proc: 0.1 ms]
      [Ref Enq: 0.0 ms]
      [Redirty Cards: 0.5 ms]
      [Humongous Register: 0.0 ms]
      [Humongous Reclaim: 0.0 ms]
      [Free CSet: 0.1 ms]
   [Eden: 200.0M(200.0M)->0.0B(192.0M) Survivors: 4096.0K->8192.0K Heap: 455.0M(512.0M)->258.4M(512.0M)]
 [Times: user=0.13 sys=0.00, real=0.01 secs] 
2017-11-18T17:26:06.839+0300: 22.934: [GC pause (G1 Evacuation Pause) (young) (initial-mark), 0.0094223 secs]
   [Parallel Time: 8.3 ms, GC Workers: 8]
      [GC Worker Start (ms): Min: 22934.4, Avg: 22934.5, Max: 22934.5, Diff: 0.1]
      [Ext Root Scanning (ms): Min: 0.3, Avg: 0.4, Max: 0.4, Diff: 0.1, Sum: 3.1]
      [Update RS (ms): Min: 1.1, Avg: 1.9, Max: 2.6, Diff: 1.6, Sum: 15.0]
         [Processed Buffers: Min: 1, Avg: 2.4, Max: 3, Diff: 2, Sum: 19]
      [Scan RS (ms): Min: 0.0, Avg: 0.0, Max: 0.1, Diff: 0.1, Sum: 0.2]
      [Code Root Scanning (ms): Min: 0.0, Avg: 0.0, Max: 0.0, Diff: 0.0, Sum: 0.0]
      [Object Copy (ms): Min: 5.1, Avg: 5.8, Max: 6.5, Diff: 1.5, Sum: 46.6]
      [Termination (ms): Min: 0.0, Avg: 0.0, Max: 0.0, Diff: 0.0, Sum: 0.0]
         [Termination Attempts: Min: 1, Avg: 1.0, Max: 1, Diff: 0, Sum: 8]
      [GC Worker Other (ms): Min: 0.0, Avg: 0.0, Max: 0.0, Diff: 0.0, Sum: 0.3]
      [GC Worker Total (ms): Min: 8.1, Avg: 8.1, Max: 8.2, Diff: 0.1, Sum: 65.2]
      [GC Worker End (ms): Min: 22942.6, Avg: 22942.6, Max: 22942.7, Diff: 0.0]
   [Code Root Fixup: 0.0 ms]
   [Code Root Purge: 0.0 ms]
   [Clear CT: 0.2 ms]
   [Other: 0.9 ms]
      [Choose CSet: 0.0 ms]
      [Ref Proc: 0.1 ms]
      [Ref Enq: 0.0 ms]
      [Redirty Cards: 0.6 ms]
      [Humongous Register: 0.0 ms]
      [Humongous Reclaim: 0.0 ms]
      [Free CSet: 0.1 ms]
   [Eden: 192.0M(192.0M)->0.0B(192.0M) Survivors: 8192.0K->8192.0K Heap: 450.4M(512.0M)->259.0M(512.0M)]
 [Times: user=0.00 sys=0.00, real=0.01 secs] 
2017-11-18T17:26:06.849+0300: 22.944: [GC concurrent-root-region-scan-start]
2017-11-18T17:26:06.851+0300: 22.946: [GC concurrent-root-region-scan-end, 0.0021538 secs]
2017-11-18T17:26:06.851+0300: 22.946: [GC concurrent-mark-start]
2017-11-18T17:26:07.394+0300: 23.489: [GC pause (G1 Evacuation Pause) (young), 0.0104323 secs]
   [Parallel Time: 9.9 ms, GC Workers: 8]
      [GC Worker Start (ms): Min: 23488.6, Avg: 23488.7, Max: 23488.7, Diff: 0.1]
      [Ext Root Scanning (ms): Min: 0.1, Avg: 0.1, Max: 0.2, Diff: 0.1, Sum: 1.0]
      [Update RS (ms): Min: 1.4, Avg: 2.2, Max: 3.1, Diff: 1.7, Sum: 17.5]
         [Processed Buffers: Min: 2, Avg: 2.6, Max: 3, Diff: 1, Sum: 21]
      [Scan RS (ms): Min: 0.0, Avg: 0.0, Max: 0.1, Diff: 0.1, Sum: 0.2]
      [Code Root Scanning (ms): Min: 0.0, Avg: 0.0, Max: 0.0, Diff: 0.0, Sum: 0.0]
      [Object Copy (ms): Min: 6.6, Avg: 7.5, Max: 8.3, Diff: 1.7, Sum: 59.9]
      [Termination (ms): Min: 0.0, Avg: 0.0, Max: 0.0, Diff: 0.0, Sum: 0.0]
         [Termination Attempts: Min: 1, Avg: 21.0, Max: 34, Diff: 33, Sum: 168]
      [GC Worker Other (ms): Min: 0.0, Avg: 0.0, Max: 0.0, Diff: 0.0, Sum: 0.2]
      [GC Worker Total (ms): Min: 9.8, Avg: 9.9, Max: 9.9, Diff: 0.1, Sum: 78.8]
      [GC Worker End (ms): Min: 23498.5, Avg: 23498.6, Max: 23498.6, Diff: 0.0]
   [Code Root Fixup: 0.0 ms]
   [Code Root Purge: 0.0 ms]
   [Clear CT: 0.1 ms]
   [Other: 0.4 ms]
      [Choose CSet: 0.0 ms]
      [Ref Proc: 0.1 ms]
      [Ref Enq: 0.0 ms]
      [Redirty Cards: 0.1 ms]
      [Humongous Register: 0.0 ms]
      [Humongous Reclaim: 0.0 ms]
      [Free CSet: 0.1 ms]
   [Eden: 192.0M(192.0M)->0.0B(188.0M) Survivors: 8192.0K->10.0M Heap: 451.0M(512.0M)->261.0M(512.0M)]
 [Times: user=0.13 sys=0.00, real=0.01 secs] 
2017-11-18T17:26:07.405+0300: 23.499: [GC concurrent-mark-reset-for-overflow]
2017-11-18T17:26:07.613+0300: 23.708: [GC pause (G1 Evacuation Pause) (young), 0.0122435 secs]
   [Parallel Time: 11.5 ms, GC Workers: 8]
      [GC Worker Start (ms): Min: 23707.6, Avg: 23707.6, Max: 23707.7, Diff: 0.1]
      [Ext Root Scanning (ms): Min: 0.1, Avg: 0.1, Max: 0.2, Diff: 0.1, Sum: 1.0]
      [Update RS (ms): Min: 1.8, Avg: 2.6, Max: 3.5, Diff: 1.7, Sum: 20.8]
         [Processed Buffers: Min: 2, Avg: 3.1, Max: 5, Diff: 3, Sum: 25]
      [Scan RS (ms): Min: 0.0, Avg: 0.0, Max: 0.1, Diff: 0.0, Sum: 0.2]
      [Code Root Scanning (ms): Min: 0.0, Avg: 0.0, Max: 0.0, Diff: 0.0, Sum: 0.0]
      [Object Copy (ms): Min: 7.7, Avg: 8.6, Max: 9.3, Diff: 1.7, Sum: 68.5]
      [Termination (ms): Min: 0.0, Avg: 0.0, Max: 0.0, Diff: 0.0, Sum: 0.0]
         [Termination Attempts: Min: 1, Avg: 1.0, Max: 1, Diff: 0, Sum: 8]
      [GC Worker Other (ms): Min: 0.0, Avg: 0.0, Max: 0.0, Diff: 0.0, Sum: 0.3]
      [GC Worker Total (ms): Min: 11.3, Avg: 11.4, Max: 11.4, Diff: 0.1, Sum: 90.9]
      [GC Worker End (ms): Min: 23719.0, Avg: 23719.0, Max: 23719.0, Diff: 0.0]
   [Code Root Fixup: 0.0 ms]
   [Code Root Purge: 0.0 ms]
   [Clear CT: 0.2 ms]
   [Other: 0.6 ms]
      [Choose CSet: 0.0 ms]
      [Ref Proc: 0.1 ms]
      [Ref Enq: 0.0 ms]
      [Redirty Cards: 0.3 ms]
      [Humongous Register: 0.0 ms]
      [Humongous Reclaim: 0.0 ms]
      [Free CSet: 0.1 ms]
   [Eden: 188.0M(188.0M)->0.0B(184.0M) Survivors: 10.0M->12.0M Heap: 449.0M(512.0M)->263.0M(512.0M)]
 [Times: user=0.13 sys=0.00, real=0.01 secs] 
2017-11-18T17:26:07.626+0300: 23.720: [GC concurrent-mark-end, 0.7738973 secs]
2017-11-18T17:26:07.626+0300: 23.720: [GC remark 2017-11-18T17:26:07.626+0300: 23.720: [Finalize Marking, 0.0002883 secs] 2017-11-18T17:26:07.626+0300: 23.721: [GC ref-proc, 0.0000791 secs] 2017-11-18T17:26:07.626+0300: 23.721: [Unloading, 0.0013723 secs], 0.0025030 secs]
 [Times: user=0.00 sys=0.00, real=0.00 secs] 
2017-11-18T17:26:07.628+0300: 23.723: [GC cleanup 263M->263M(512M), 0.0008319 secs]
 [Times: user=0.00 sys=0.00, real=0.00 secs] 
2017-11-18T17:26:07.773+0300: 23.868: [GC pause (G1 Evacuation Pause) (young), 0.0143758 secs]
   [Parallel Time: 13.5 ms, GC Workers: 8]
      [GC Worker Start (ms): Min: 23867.6, Avg: 23867.7, Max: 23867.7, Diff: 0.1]
      [Ext Root Scanning (ms): Min: 0.1, Avg: 0.2, Max: 0.3, Diff: 0.1, Sum: 1.5]
      [Update RS (ms): Min: 2.6, Avg: 3.3, Max: 4.1, Diff: 1.6, Sum: 26.3]
         [Processed Buffers: Min: 3, Avg: 3.8, Max: 5, Diff: 2, Sum: 30]
      [Scan RS (ms): Min: 0.0, Avg: 0.0, Max: 0.0, Diff: 0.0, Sum: 0.2]
      [Code Root Scanning (ms): Min: 0.0, Avg: 0.0, Max: 0.0, Diff: 0.0, Sum: 0.0]
      [Object Copy (ms): Min: 9.1, Avg: 9.9, Max: 10.6, Diff: 1.5, Sum: 79.0]
      [Termination (ms): Min: 0.0, Avg: 0.0, Max: 0.0, Diff: 0.0, Sum: 0.0]
         [Termination Attempts: Min: 1, Avg: 31.6, Max: 44, Diff: 43, Sum: 253]
      [GC Worker Other (ms): Min: 0.0, Avg: 0.0, Max: 0.0, Diff: 0.0, Sum: 0.3]
      [GC Worker Total (ms): Min: 13.4, Avg: 13.4, Max: 13.5, Diff: 0.1, Sum: 107.4]
      [GC Worker End (ms): Min: 23881.1, Avg: 23881.1, Max: 23881.1, Diff: 0.0]
   [Code Root Fixup: 0.0 ms]
   [Code Root Purge: 0.0 ms]
   [Clear CT: 0.1 ms]
   [Other: 0.7 ms]
      [Choose CSet: 0.0 ms]
      [Ref Proc: 0.1 ms]
      [Ref Enq: 0.0 ms]
      [Redirty Cards: 0.1 ms]
      [Humongous Register: 0.0 ms]
      [Humongous Reclaim: 0.0 ms]
      [Free CSet: 0.4 ms]
   [Eden: 184.0M(184.0M)->0.0B(182.0M) Survivors: 12.0M->13.0M Heap: 447.0M(512.0M)->263.5M(512.0M)]
 [Times: user=0.13 sys=0.00, real=0.01 secs] 
2017-11-18T17:26:07.928+0300: 24.023: [GC pause (G1 Evacuation Pause) (young), 0.0160442 secs]
   [Parallel Time: 15.2 ms, GC Workers: 8]
      [GC Worker Start (ms): Min: 24022.9, Avg: 24022.9, Max: 24023.0, Diff: 0.1]
      [Ext Root Scanning (ms): Min: 0.2, Avg: 0.2, Max: 0.4, Diff: 0.2, Sum: 1.7]
      [Update RS (ms): Min: 3.0, Avg: 3.8, Max: 4.6, Diff: 1.6, Sum: 30.2]
         [Processed Buffers: Min: 3, Avg: 4.0, Max: 6, Diff: 3, Sum: 32]
      [Scan RS (ms): Min: 0.0, Avg: 0.0, Max: 0.1, Diff: 0.1, Sum: 0.2]
      [Code Root Scanning (ms): Min: 0.0, Avg: 0.0, Max: 0.0, Diff: 0.0, Sum: 0.0]
      [Object Copy (ms): Min: 10.2, Avg: 11.1, Max: 11.7, Diff: 1.5, Sum: 88.5]
      [Termination (ms): Min: 0.0, Avg: 0.0, Max: 0.0, Diff: 0.0, Sum: 0.0]
         [Termination Attempts: Min: 1, Avg: 1.0, Max: 1, Diff: 0, Sum: 8]
      [GC Worker Other (ms): Min: 0.0, Avg: 0.0, Max: 0.0, Diff: 0.0, Sum: 0.3]
      [GC Worker Total (ms): Min: 15.1, Avg: 15.1, Max: 15.2, Diff: 0.1, Sum: 120.9]
      [GC Worker End (ms): Min: 24038.0, Avg: 24038.1, Max: 24038.1, Diff: 0.0]
   [Code Root Fixup: 0.0 ms]
   [Code Root Purge: 0.0 ms]
   [Clear CT: 0.1 ms]
   [Other: 0.7 ms]
      [Choose CSet: 0.0 ms]
      [Ref Proc: 0.1 ms]
      [Ref Enq: 0.0 ms]
      [Redirty Cards: 0.3 ms]
      [Humongous Register: 0.0 ms]
      [Humongous Reclaim: 0.0 ms]
      [Free CSet: 0.2 ms]
   [Eden: 182.0M(182.0M)->0.0B(176.0M) Survivors: 13.0M->16.0M Heap: 445.5M(512.0M)->267.0M(512.0M)]
 [Times: user=0.13 sys=0.00, real=0.02 secs] 
2017-11-18T17:26:08.079+0300: 24.174: [GC pause (G1 Evacuation Pause) (young) (initial-mark), 0.0180386 secs]
   [Parallel Time: 17.2 ms, GC Workers: 8]
      [GC Worker Start (ms): Min: 24173.7, Avg: 24173.7, Max: 24173.8, Diff: 0.1]
      [Ext Root Scanning (ms): Min: 0.4, Avg: 0.4, Max: 0.5, Diff: 0.1, Sum: 3.4]
      [Update RS (ms): Min: 3.4, Avg: 4.1, Max: 5.0, Diff: 1.6, Sum: 32.8]
         [Processed Buffers: Min: 4, Avg: 4.6, Max: 5, Diff: 1, Sum: 37]
      [Scan RS (ms): Min: 0.0, Avg: 0.0, Max: 0.1, Diff: 0.1, Sum: 0.2]
      [Code Root Scanning (ms): Min: 0.0, Avg: 0.0, Max: 0.0, Diff: 0.0, Sum: 0.0]
      [Object Copy (ms): Min: 11.5, Avg: 12.4, Max: 13.1, Diff: 1.6, Sum: 99.4]
      [Termination (ms): Min: 0.0, Avg: 0.0, Max: 0.0, Diff: 0.0, Sum: 0.0]
         [Termination Attempts: Min: 1, Avg: 1.0, Max: 1, Diff: 0, Sum: 8]
      [GC Worker Other (ms): Min: 0.0, Avg: 0.0, Max: 0.1, Diff: 0.0, Sum: 0.4]
      [GC Worker Total (ms): Min: 17.0, Avg: 17.0, Max: 17.1, Diff: 0.1, Sum: 136.0]
      [GC Worker End (ms): Min: 24190.7, Avg: 24190.7, Max: 24190.8, Diff: 0.0]
   [Code Root Fixup: 0.0 ms]
   [Code Root Purge: 0.0 ms]
   [Clear CT: 0.2 ms]
   [Other: 0.6 ms]
      [Choose CSet: 0.0 ms]
      [Ref Proc: 0.1 ms]
      [Ref Enq: 0.0 ms]
      [Redirty Cards: 0.3 ms]
      [Humongous Register: 0.0 ms]
      [Humongous Reclaim: 0.0 ms]
      [Free CSet: 0.1 ms]
   [Eden: 176.0M(176.0M)->0.0B(176.0M) Survivors: 16.0M->15.0M Heap: 443.0M(512.0M)->267.4M(512.0M)]
 [Times: user=0.13 sys=0.00, real=0.02 secs] 
2017-11-18T17:26:08.097+0300: 24.192: [GC concurrent-root-region-scan-start]
2017-11-18T17:26:08.101+0300: 24.196: [GC concurrent-root-region-scan-end, 0.0046496 secs]
2017-11-18T17:26:08.101+0300: 24.196: [GC concurrent-mark-start]
2017-11-18T17:26:08.641+0300: 24.736: [GC pause (G1 Evacuation Pause) (young), 0.0172555 secs]
   [Parallel Time: 16.7 ms, GC Workers: 8]
      [GC Worker Start (ms): Min: 24735.9, Avg: 24736.0, Max: 24736.0, Diff: 0.1]
      [Ext Root Scanning (ms): Min: 0.1, Avg: 0.1, Max: 0.2, Diff: 0.1, Sum: 1.1]
      [Update RS (ms): Min: 3.4, Avg: 4.1, Max: 4.9, Diff: 1.5, Sum: 32.8]
         [Processed Buffers: Min: 4, Avg: 4.6, Max: 5, Diff: 1, Sum: 37]
      [Scan RS (ms): Min: 0.0, Avg: 0.0, Max: 0.1, Diff: 0.1, Sum: 0.2]
      [Code Root Scanning (ms): Min: 0.0, Avg: 0.0, Max: 0.0, Diff: 0.0, Sum: 0.0]
      [Object Copy (ms): Min: 11.5, Avg: 12.2, Max: 12.9, Diff: 1.4, Sum: 98.0]
      [Termination (ms): Min: 0.0, Avg: 0.0, Max: 0.0, Diff: 0.0, Sum: 0.0]
         [Termination Attempts: Min: 1, Avg: 47.5, Max: 69, Diff: 68, Sum: 380]
      [GC Worker Other (ms): Min: 0.0, Avg: 0.0, Max: 0.0, Diff: 0.0, Sum: 0.3]
      [GC Worker Total (ms): Min: 16.5, Avg: 16.5, Max: 16.6, Diff: 0.1, Sum: 132.3]
      [GC Worker End (ms): Min: 24752.5, Avg: 24752.5, Max: 24752.5, Diff: 0.0]
   [Code Root Fixup: 0.0 ms]
   [Code Root Purge: 0.0 ms]
   [Clear CT: 0.1 ms]
   [Other: 0.5 ms]
      [Choose CSet: 0.0 ms]
      [Ref Proc: 0.1 ms]
      [Ref Enq: 0.0 ms]
      [Redirty Cards: 0.2 ms]
      [Humongous Register: 0.0 ms]
      [Humongous Reclaim: 0.0 ms]
      [Free CSet: 0.1 ms]
   [Eden: 176.0M(176.0M)->0.0B(173.0M) Survivors: 15.0M->15.0M Heap: 443.4M(512.0M)->271.0M(512.0M)]
 [Times: user=0.13 sys=0.00, real=0.02 secs] 
2017-11-18T17:26:08.659+0300: 24.753: [GC concurrent-mark-reset-for-overflow]
2017-11-18T17:26:08.885+0300: 24.980: [GC pause (G1 Evacuation Pause) (young), 0.0175870 secs]
   [Parallel Time: 16.3 ms, GC Workers: 8]
      [GC Worker Start (ms): Min: 24979.8, Avg: 24979.9, Max: 24979.9, Diff: 0.1]
      [Ext Root Scanning (ms): Min: 0.1, Avg: 0.1, Max: 0.2, Diff: 0.1, Sum: 1.1]
      [Update RS (ms): Min: 3.4, Avg: 4.1, Max: 5.0, Diff: 1.5, Sum: 32.5]
         [Processed Buffers: Min: 4, Avg: 4.8, Max: 6, Diff: 2, Sum: 38]
      [Scan RS (ms): Min: 0.0, Avg: 0.0, Max: 0.1, Diff: 0.1, Sum: 0.2]
      [Code Root Scanning (ms): Min: 0.0, Avg: 0.0, Max: 0.0, Diff: 0.0, Sum: 0.0]
      [Object Copy (ms): Min: 11.1, Avg: 12.0, Max: 12.6, Diff: 1.5, Sum: 95.9]
      [Termination (ms): Min: 0.0, Avg: 0.0, Max: 0.0, Diff: 0.0, Sum: 0.1]
         [Termination Attempts: Min: 1, Avg: 141.8, Max: 181, Diff: 180, Sum: 1134]
      [GC Worker Other (ms): Min: 0.0, Avg: 0.0, Max: 0.1, Diff: 0.0, Sum: 0.3]
      [GC Worker Total (ms): Min: 16.2, Avg: 16.3, Max: 16.3, Diff: 0.1, Sum: 130.0]
      [GC Worker End (ms): Min: 24996.1, Avg: 24996.1, Max: 24996.1, Diff: 0.0]
   [Code Root Fixup: 0.0 ms]
   [Code Root Purge: 0.0 ms]
   [Clear CT: 0.5 ms]
   [Other: 0.7 ms]
      [Choose CSet: 0.0 ms]
      [Ref Proc: 0.1 ms]
      [Ref Enq: 0.0 ms]
      [Redirty Cards: 0.5 ms]
      [Humongous Register: 0.0 ms]
      [Humongous Reclaim: 0.0 ms]
      [Free CSet: 0.1 ms]
   [Eden: 173.0M(173.0M)->0.0B(168.0M) Survivors: 15.0M->16.0M Heap: 444.0M(512.0M)->274.6M(512.0M)]
 [Times: user=0.13 sys=0.00, real=0.02 secs] 
2017-11-18T17:26:08.903+0300: 24.998: [GC concurrent-mark-end, 0.8010937 secs]
2017-11-18T17:26:08.903+0300: 24.998: [GC remark 2017-11-18T17:26:08.903+0300: 24.998: [Finalize Marking, 0.0001968 secs] 2017-11-18T17:26:08.904+0300: 24.998: [GC ref-proc, 0.0000734 secs] 2017-11-18T17:26:08.904+0300: 24.998: [Unloading, 0.0013481 secs], 0.0023847 secs]
 [Times: user=0.00 sys=0.00, real=0.00 secs] 
2017-11-18T17:26:08.906+0300: 25.000: [GC cleanup 275M->275M(512M), 0.0008570 secs]
 [Times: user=0.00 sys=0.00, real=0.00 secs] 
2017-11-18T17:26:09.036+0300: 25.130: [GC pause (G1 Evacuation Pause) (young), 0.0178384 secs]
   [Parallel Time: 16.5 ms, GC Workers: 8]
      [GC Worker Start (ms): Min: 25130.2, Avg: 25130.2, Max: 25130.3, Diff: 0.1]
      [Ext Root Scanning (ms): Min: 0.1, Avg: 0.2, Max: 0.3, Diff: 0.2, Sum: 1.6]
      [Update RS (ms): Min: 3.7, Avg: 4.3, Max: 5.1, Diff: 1.5, Sum: 34.4]
         [Processed Buffers: Min: 4, Avg: 4.6, Max: 5, Diff: 1, Sum: 37]
      [Scan RS (ms): Min: 0.0, Avg: 0.0, Max: 0.1, Diff: 0.1, Sum: 0.1]
      [Code Root Scanning (ms): Min: 0.0, Avg: 0.0, Max: 0.0, Diff: 0.0, Sum: 0.0]
      [Object Copy (ms): Min: 11.0, Avg: 11.8, Max: 12.4, Diff: 1.4, Sum: 94.6]
      [Termination (ms): Min: 0.0, Avg: 0.0, Max: 0.0, Diff: 0.0, Sum: 0.0]
         [Termination Attempts: Min: 1, Avg: 7.8, Max: 10, Diff: 9, Sum: 62]
      [GC Worker Other (ms): Min: 0.0, Avg: 0.0, Max: 0.0, Diff: 0.0, Sum: 0.3]
      [GC Worker Total (ms): Min: 16.3, Avg: 16.4, Max: 16.5, Diff: 0.1, Sum: 131.0]
      [GC Worker End (ms): Min: 25146.6, Avg: 25146.6, Max: 25146.6, Diff: 0.0]
   [Code Root Fixup: 0.0 ms]
   [Code Root Purge: 0.0 ms]
   [Clear CT: 0.3 ms]
   [Other: 1.0 ms]
      [Choose CSet: 0.0 ms]
      [Ref Proc: 0.2 ms]
      [Ref Enq: 0.0 ms]
      [Redirty Cards: 0.5 ms]
      [Humongous Register: 0.0 ms]
      [Humongous Reclaim: 0.0 ms]
      [Free CSet: 0.1 ms]
   [Eden: 168.0M(168.0M)->0.0B(168.0M) Survivors: 16.0M->15.0M Heap: 442.6M(512.0M)->276.8M(512.0M)]
 [Times: user=0.13 sys=0.00, real=0.02 secs] 
2017-11-18T17:26:09.182+0300: 25.277: [GC pause (G1 Evacuation Pause) (young), 0.0182345 secs]
   [Parallel Time: 16.4 ms, GC Workers: 8]
      [GC Worker Start (ms): Min: 25276.8, Avg: 25276.8, Max: 25276.9, Diff: 0.1]
      [Ext Root Scanning (ms): Min: 0.2, Avg: 0.2, Max: 0.3, Diff: 0.2, Sum: 1.7]
      [Update RS (ms): Min: 3.6, Avg: 4.2, Max: 5.2, Diff: 1.6, Sum: 33.7]
         [Processed Buffers: Min: 4, Avg: 4.6, Max: 5, Diff: 1, Sum: 37]
      [Scan RS (ms): Min: 0.0, Avg: 0.0, Max: 0.0, Diff: 0.0, Sum: 0.2]
      [Code Root Scanning (ms): Min: 0.0, Avg: 0.0, Max: 0.0, Diff: 0.0, Sum: 0.0]
      [Object Copy (ms): Min: 10.8, Avg: 11.8, Max: 12.4, Diff: 1.6, Sum: 94.2]
      [Termination (ms): Min: 0.0, Avg: 0.0, Max: 0.0, Diff: 0.0, Sum: 0.0]
         [Termination Attempts: Min: 1, Avg: 20.6, Max: 28, Diff: 27, Sum: 165]
      [GC Worker Other (ms): Min: 0.0, Avg: 0.0, Max: 0.1, Diff: 0.0, Sum: 0.3]
      [GC Worker Total (ms): Min: 16.2, Avg: 16.3, Max: 16.3, Diff: 0.1, Sum: 130.1]
      [GC Worker End (ms): Min: 25293.1, Avg: 25293.1, Max: 25293.1, Diff: 0.0]
   [Code Root Fixup: 0.0 ms]
   [Code Root Purge: 0.0 ms]
   [Clear CT: 0.3 ms]
   [Other: 1.5 ms]
      [Choose CSet: 0.0 ms]
      [Ref Proc: 0.9 ms]
      [Ref Enq: 0.0 ms]
      [Redirty Cards: 0.5 ms]
      [Humongous Register: 0.0 ms]
      [Humongous Reclaim: 0.0 ms]
      [Free CSet: 0.1 ms]
   [Eden: 168.0M(168.0M)->0.0B(165.0M) Survivors: 15.0M->15.0M Heap: 444.8M(512.0M)->279.3M(512.0M)]
 [Times: user=0.13 sys=0.00, real=0.02 secs] 
2017-11-18T17:26:09.328+0300: 25.423: [GC pause (G1 Evacuation Pause) (young) (initial-mark), 0.0172483 secs]
   [Parallel Time: 16.3 ms, GC Workers: 8]
      [GC Worker Start (ms): Min: 25422.6, Avg: 25422.7, Max: 25422.7, Diff: 0.1]
      [Ext Root Scanning (ms): Min: 0.4, Avg: 0.5, Max: 0.5, Diff: 0.1, Sum: 3.7]
      [Update RS (ms): Min: 3.3, Avg: 4.0, Max: 4.8, Diff: 1.4, Sum: 31.9]
         [Processed Buffers: Min: 4, Avg: 4.6, Max: 5, Diff: 1, Sum: 37]
      [Scan RS (ms): Min: 0.0, Avg: 0.0, Max: 0.1, Diff: 0.1, Sum: 0.1]
      [Code Root Scanning (ms): Min: 0.0, Avg: 0.0, Max: 0.0, Diff: 0.0, Sum: 0.0]
      [Object Copy (ms): Min: 10.9, Avg: 11.6, Max: 12.2, Diff: 1.3, Sum: 92.9]
      [Termination (ms): Min: 0.0, Avg: 0.0, Max: 0.0, Diff: 0.0, Sum: 0.1]
         [Termination Attempts: Min: 1, Avg: 90.9, Max: 124, Diff: 123, Sum: 727]
      [GC Worker Other (ms): Min: 0.0, Avg: 0.0, Max: 0.1, Diff: 0.0, Sum: 0.3]
      [GC Worker Total (ms): Min: 16.1, Avg: 16.1, Max: 16.2, Diff: 0.1, Sum: 129.0]
      [GC Worker End (ms): Min: 25438.8, Avg: 25438.8, Max: 25438.8, Diff: 0.0]
   [Code Root Fixup: 0.0 ms]
   [Code Root Purge: 0.0 ms]
   [Clear CT: 0.3 ms]
   [Other: 0.6 ms]
      [Choose CSet: 0.0 ms]
      [Ref Proc: 0.1 ms]
      [Ref Enq: 0.0 ms]
      [Redirty Cards: 0.3 ms]
      [Humongous Register: 0.0 ms]
      [Humongous Reclaim: 0.0 ms]
      [Free CSet: 0.1 ms]
   [Eden: 165.0M(165.0M)->0.0B(162.0M) Survivors: 15.0M->15.0M Heap: 444.3M(512.0M)->282.0M(512.0M)]
 [Times: user=0.11 sys=0.00, real=0.02 secs] 
2017-11-18T17:26:09.346+0300: 25.440: [GC concurrent-root-region-scan-start]
2017-11-18T17:26:09.350+0300: 25.444: [GC concurrent-root-region-scan-end, 0.0040576 secs]
2017-11-18T17:26:09.350+0300: 25.444: [GC concurrent-mark-start]
2017-11-18T17:26:09.937+0300: 26.032: [GC pause (G1 Evacuation Pause) (young), 0.0168601 secs]
   [Parallel Time: 16.0 ms, GC Workers: 8]
      [GC Worker Start (ms): Min: 26031.7, Avg: 26031.8, Max: 26031.8, Diff: 0.1]
      [Ext Root Scanning (ms): Min: 0.1, Avg: 0.1, Max: 0.2, Diff: 0.1, Sum: 1.0]
      [Update RS (ms): Min: 3.2, Avg: 3.9, Max: 4.8, Diff: 1.7, Sum: 31.1]
         [Processed Buffers: Min: 4, Avg: 4.6, Max: 5, Diff: 1, Sum: 37]
      [Scan RS (ms): Min: 0.0, Avg: 0.0, Max: 0.1, Diff: 0.1, Sum: 0.2]
      [Code Root Scanning (ms): Min: 0.0, Avg: 0.0, Max: 0.0, Diff: 0.0, Sum: 0.0]
      [Object Copy (ms): Min: 10.9, Avg: 11.8, Max: 12.5, Diff: 1.6, Sum: 94.7]
      [Termination (ms): Min: 0.0, Avg: 0.0, Max: 0.0, Diff: 0.0, Sum: 0.0]
         [Termination Attempts: Min: 1, Avg: 1.0, Max: 1, Diff: 0, Sum: 8]
      [GC Worker Other (ms): Min: 0.0, Avg: 0.0, Max: 0.1, Diff: 0.0, Sum: 0.3]
      [GC Worker Total (ms): Min: 15.9, Avg: 15.9, Max: 16.0, Diff: 0.1, Sum: 127.2]
      [GC Worker End (ms): Min: 26047.7, Avg: 26047.7, Max: 26047.7, Diff: 0.0]
   [Code Root Fixup: 0.0 ms]
   [Code Root Purge: 0.0 ms]
   [Clear CT: 0.3 ms]
   [Other: 0.6 ms]
      [Choose CSet: 0.0 ms]
      [Ref Proc: 0.1 ms]
      [Ref Enq: 0.0 ms]
      [Redirty Cards: 0.3 ms]
      [Humongous Register: 0.0 ms]
      [Humongous Reclaim: 0.0 ms]
      [Free CSet: 0.1 ms]
   [Eden: 162.0M(162.0M)->0.0B(163.0M) Survivors: 15.0M->13.0M Heap: 444.0M(512.0M)->283.3M(512.0M)]
 [Times: user=0.13 sys=0.00, real=0.02 secs] 
2017-11-18T17:26:09.954+0300: 26.049: [GC concurrent-mark-reset-for-overflow]
2017-11-18T17:26:10.102+0300: 26.198: [GC pause (G1 Evacuation Pause) (young), 0.0165380 secs]
   [Parallel Time: 15.8 ms, GC Workers: 8]
      [GC Worker Start (ms): Min: 26197.8, Avg: 26197.8, Max: 26197.8, Diff: 0.0]
      [Ext Root Scanning (ms): Min: 0.2, Avg: 0.2, Max: 0.3, Diff: 0.2, Sum: 1.4]
      [Update RS (ms): Min: 3.0, Avg: 3.8, Max: 4.7, Diff: 1.7, Sum: 30.4]
         [Processed Buffers: Min: 4, Avg: 5.0, Max: 7, Diff: 3, Sum: 40]
      [Scan RS (ms): Min: 0.0, Avg: 0.0, Max: 0.1, Diff: 0.1, Sum: 0.1]
      [Code Root Scanning (ms): Min: 0.0, Avg: 0.0, Max: 0.0, Diff: 0.0, Sum: 0.0]
      [Object Copy (ms): Min: 10.7, Avg: 11.6, Max: 12.2, Diff: 1.5, Sum: 92.9]
      [Termination (ms): Min: 0.0, Avg: 0.0, Max: 0.0, Diff: 0.0, Sum: 0.0]
         [Termination Attempts: Min: 1, Avg: 3.9, Max: 9, Diff: 8, Sum: 31]
      [GC Worker Other (ms): Min: 0.0, Avg: 0.0, Max: 0.1, Diff: 0.1, Sum: 0.4]
      [GC Worker Total (ms): Min: 15.6, Avg: 15.7, Max: 15.7, Diff: 0.1, Sum: 125.3]
      [GC Worker End (ms): Min: 26213.5, Avg: 26213.5, Max: 26213.5, Diff: 0.0]
   [Code Root Fixup: 0.0 ms]
   [Code Root Purge: 0.0 ms]
   [Clear CT: 0.1 ms]
   [Other: 0.6 ms]
      [Choose CSet: 0.0 ms]
      [Ref Proc: 0.1 ms]
      [Ref Enq: 0.0 ms]
      [Redirty Cards: 0.3 ms]
      [Humongous Register: 0.0 ms]
      [Humongous Reclaim: 0.0 ms]
      [Free CSet: 0.1 ms]
   [Eden: 163.0M(163.0M)->0.0B(158.0M) Survivors: 13.0M->14.0M Heap: 446.3M(512.0M)->287.3M(512.0M)]
 [Times: user=0.11 sys=0.00, real=0.02 secs] 
2017-11-18T17:26:10.198+0300: 26.293: [GC concurrent-mark-end, 0.8485166 secs]
2017-11-18T17:26:10.198+0300: 26.293: [GC remark 2017-11-18T17:26:10.198+0300: 26.293: [Finalize Marking, 0.0000981 secs] 2017-11-18T17:26:10.198+0300: 26.293: [GC ref-proc, 0.0001017 secs] 2017-11-18T17:26:10.198+0300: 26.293: [Unloading, 0.0011727 secs], 0.0022317 secs]
 [Times: user=0.00 sys=0.00, real=0.00 secs] 
2017-11-18T17:26:10.201+0300: 26.295: [GC cleanup 372M->372M(512M), 0.0005316 secs]
 [Times: user=0.00 sys=0.00, real=0.00 secs] 
2017-11-18T17:26:10.257+0300: 26.352: [GC pause (G1 Evacuation Pause) (young), 0.0162404 secs]
   [Parallel Time: 15.8 ms, GC Workers: 8]
      [GC Worker Start (ms): Min: 26352.3, Avg: 26352.4, Max: 26352.4, Diff: 0.1]
      [Ext Root Scanning (ms): Min: 0.2, Avg: 0.2, Max: 0.3, Diff: 0.2, Sum: 1.6]
      [Update RS (ms): Min: 3.2, Avg: 3.9, Max: 4.8, Diff: 1.6, Sum: 31.1]
         [Processed Buffers: Min: 4, Avg: 4.6, Max: 5, Diff: 1, Sum: 37]
      [Scan RS (ms): Min: 0.0, Avg: 0.0, Max: 0.1, Diff: 0.1, Sum: 0.1]
      [Code Root Scanning (ms): Min: 0.0, Avg: 0.0, Max: 0.0, Diff: 0.0, Sum: 0.0]
      [Object Copy (ms): Min: 10.6, Avg: 11.5, Max: 12.1, Diff: 1.5, Sum: 91.8]
      [Termination (ms): Min: 0.0, Avg: 0.0, Max: 0.0, Diff: 0.0, Sum: 0.1]
         [Termination Attempts: Min: 1, Avg: 65.8, Max: 91, Diff: 90, Sum: 526]
      [GC Worker Other (ms): Min: 0.0, Avg: 0.0, Max: 0.0, Diff: 0.0, Sum: 0.2]
      [GC Worker Total (ms): Min: 15.6, Avg: 15.6, Max: 15.7, Diff: 0.1, Sum: 125.0]
      [GC Worker End (ms): Min: 26368.0, Avg: 26368.0, Max: 26368.0, Diff: 0.0]
   [Code Root Fixup: 0.0 ms]
   [Code Root Purge: 0.0 ms]
   [Clear CT: 0.1 ms]
   [Other: 0.4 ms]
      [Choose CSet: 0.0 ms]
      [Ref Proc: 0.1 ms]
      [Ref Enq: 0.0 ms]
      [Redirty Cards: 0.0 ms]
      [Humongous Register: 0.0 ms]
      [Humongous Reclaim: 0.0 ms]
      [Free CSet: 0.2 ms]
   [Eden: 158.0M(158.0M)->0.0B(11.0M) Survivors: 14.0M->14.0M Heap: 445.3M(512.0M)->289.8M(512.0M)]
 [Times: user=0.14 sys=0.00, real=0.02 secs] 
2017-11-18T17:26:10.283+0300: 26.378: [GC pause (G1 Evacuation Pause) (mixed), 0.0194208 secs]
   [Parallel Time: 18.3 ms, GC Workers: 8]
      [GC Worker Start (ms): Min: 26377.6, Avg: 26377.7, Max: 26377.7, Diff: 0.1]
      [Ext Root Scanning (ms): Min: 0.2, Avg: 0.2, Max: 0.4, Diff: 0.2, Sum: 1.9]
      [Update RS (ms): Min: 3.1, Avg: 3.3, Max: 3.5, Diff: 0.3, Sum: 26.7]
         [Processed Buffers: Min: 4, Avg: 4.3, Max: 5, Diff: 1, Sum: 34]
      [Scan RS (ms): Min: 0.7, Avg: 0.9, Max: 1.2, Diff: 0.5, Sum: 7.5]
      [Code Root Scanning (ms): Min: 0.0, Avg: 0.0, Max: 0.0, Diff: 0.0, Sum: 0.0]
      [Object Copy (ms): Min: 13.6, Avg: 13.7, Max: 13.7, Diff: 0.1, Sum: 109.3]
      [Termination (ms): Min: 0.0, Avg: 0.0, Max: 0.0, Diff: 0.0, Sum: 0.1]
         [Termination Attempts: Min: 1, Avg: 60.9, Max: 81, Diff: 80, Sum: 487]
      [GC Worker Other (ms): Min: 0.0, Avg: 0.0, Max: 0.0, Diff: 0.0, Sum: 0.2]
      [GC Worker Total (ms): Min: 18.2, Avg: 18.2, Max: 18.3, Diff: 0.1, Sum: 145.6]
      [GC Worker End (ms): Min: 26395.9, Avg: 26395.9, Max: 26395.9, Diff: 0.0]
   [Code Root Fixup: 0.0 ms]
   [Code Root Purge: 0.0 ms]
   [Clear CT: 0.5 ms]
   [Other: 0.6 ms]
      [Choose CSet: 0.0 ms]
      [Ref Proc: 0.1 ms]
      [Ref Enq: 0.0 ms]
      [Redirty Cards: 0.3 ms]
      [Humongous Register: 0.0 ms]
      [Humongous Reclaim: 0.0 ms]
      [Free CSet: 0.1 ms]
   [Eden: 11.0M(11.0M)->0.0B(167.0M) Survivors: 14.0M->4096.0K Heap: 300.8M(512.0M)->288.5M(512.0M)]
 [Times: user=0.13 sys=0.00, real=0.02 secs] 
2017-11-18T17:26:10.432+0300: 26.527: [GC pause (G1 Evacuation Pause) (young), 0.0112866 secs]
   [Parallel Time: 10.2 ms, GC Workers: 8]
      [GC Worker Start (ms): Min: 26527.3, Avg: 26527.4, Max: 26527.6, Diff: 0.3]
      [Ext Root Scanning (ms): Min: 0.0, Avg: 0.2, Max: 0.4, Diff: 0.4, Sum: 1.8]
      [Update RS (ms): Min: 4.3, Avg: 5.1, Max: 5.9, Diff: 1.7, Sum: 40.5]
         [Processed Buffers: Min: 5, Avg: 6.0, Max: 7, Diff: 2, Sum: 48]
      [Scan RS (ms): Min: 0.0, Avg: 0.0, Max: 0.1, Diff: 0.1, Sum: 0.1]
      [Code Root Scanning (ms): Min: 0.0, Avg: 0.0, Max: 0.0, Diff: 0.0, Sum: 0.0]
      [Object Copy (ms): Min: 3.8, Avg: 4.6, Max: 5.4, Diff: 1.6, Sum: 37.1]
      [Termination (ms): Min: 0.0, Avg: 0.0, Max: 0.0, Diff: 0.0, Sum: 0.2]
         [Termination Attempts: Min: 1, Avg: 224.8, Max: 290, Diff: 289, Sum: 1798]
      [GC Worker Other (ms): Min: 0.0, Avg: 0.0, Max: 0.0, Diff: 0.0, Sum: 0.2]
      [GC Worker Total (ms): Min: 9.8, Avg: 10.0, Max: 10.1, Diff: 0.3, Sum: 79.9]
      [GC Worker End (ms): Min: 26537.4, Avg: 26537.4, Max: 26537.4, Diff: 0.0]
   [Code Root Fixup: 0.0 ms]
   [Code Root Purge: 0.0 ms]
   [Clear CT: 0.3 ms]
   [Other: 0.8 ms]
      [Choose CSet: 0.0 ms]
      [Ref Proc: 0.1 ms]
      [Ref Enq: 0.0 ms]
      [Redirty Cards: 0.5 ms]
      [Humongous Register: 0.0 ms]
      [Humongous Reclaim: 0.0 ms]
      [Free CSet: 0.1 ms]
   [Eden: 167.0M(167.0M)->0.0B(165.0M) Survivors: 4096.0K->5120.0K Heap: 455.5M(512.0M)->289.4M(512.0M)]
 [Times: user=0.00 sys=0.00, real=0.01 secs] 
2017-11-18T17:26:10.573+0300: 26.668: [GC pause (G1 Evacuation Pause) (young) (initial-mark), 0.0084826 secs]
   [Parallel Time: 7.5 ms, GC Workers: 8]
      [GC Worker Start (ms): Min: 26667.8, Avg: 26667.8, Max: 26667.9, Diff: 0.1]
      [Ext Root Scanning (ms): Min: 0.4, Avg: 0.4, Max: 0.5, Diff: 0.1, Sum: 3.2]
      [Update RS (ms): Min: 1.0, Avg: 1.6, Max: 2.5, Diff: 1.5, Sum: 13.0]
         [Processed Buffers: Min: 1, Avg: 1.9, Max: 3, Diff: 2, Sum: 15]
      [Scan RS (ms): Min: 0.0, Avg: 0.0, Max: 0.1, Diff: 0.1, Sum: 0.1]
      [Code Root Scanning (ms): Min: 0.0, Avg: 0.0, Max: 0.0, Diff: 0.0, Sum: 0.0]
      [Object Copy (ms): Min: 4.5, Avg: 5.3, Max: 5.9, Diff: 1.4, Sum: 42.7]
      [Termination (ms): Min: 0.0, Avg: 0.0, Max: 0.0, Diff: 0.0, Sum: 0.0]
         [Termination Attempts: Min: 1, Avg: 1.1, Max: 2, Diff: 1, Sum: 9]
      [GC Worker Other (ms): Min: 0.0, Avg: 0.0, Max: 0.0, Diff: 0.0, Sum: 0.3]
      [GC Worker Total (ms): Min: 7.4, Avg: 7.4, Max: 7.5, Diff: 0.1, Sum: 59.3]
      [GC Worker End (ms): Min: 26675.2, Avg: 26675.3, Max: 26675.3, Diff: 0.0]
   [Code Root Fixup: 0.0 ms]
   [Code Root Purge: 0.0 ms]
   [Clear CT: 0.2 ms]
   [Other: 0.8 ms]
      [Choose CSet: 0.0 ms]
      [Ref Proc: 0.1 ms]
      [Ref Enq: 0.0 ms]
      [Redirty Cards: 0.5 ms]
      [Humongous Register: 0.0 ms]
      [Humongous Reclaim: 0.0 ms]
      [Free CSet: 0.1 ms]
   [Eden: 165.0M(165.0M)->0.0B(159.0M) Survivors: 5120.0K->8192.0K Heap: 454.4M(512.0M)->292.3M(512.0M)]
 [Times: user=0.00 sys=0.00, real=0.01 secs] 
2017-11-18T17:26:10.581+0300: 26.676: [GC concurrent-root-region-scan-start]
2017-11-18T17:26:10.583+0300: 26.678: [GC concurrent-root-region-scan-end, 0.0018851 secs]
2017-11-18T17:26:10.583+0300: 26.678: [GC concurrent-mark-start]
2017-11-18T17:26:11.191+0300: 27.285: [GC pause (G1 Evacuation Pause) (young), 0.0094986 secs]
   [Parallel Time: 8.4 ms, GC Workers: 8]
      [GC Worker Start (ms): Min: 27285.5, Avg: 27285.6, Max: 27285.6, Diff: 0.1]
      [Ext Root Scanning (ms): Min: 0.1, Avg: 0.1, Max: 0.2, Diff: 0.1, Sum: 1.1]
      [Update RS (ms): Min: 1.2, Avg: 1.8, Max: 2.7, Diff: 1.5, Sum: 14.2]
         [Processed Buffers: Min: 2, Avg: 2.9, Max: 5, Diff: 3, Sum: 23]
      [Scan RS (ms): Min: 0.0, Avg: 0.0, Max: 0.0, Diff: 0.0, Sum: 0.1]
      [Code Root Scanning (ms): Min: 0.0, Avg: 0.0, Max: 0.0, Diff: 0.0, Sum: 0.0]
      [Object Copy (ms): Min: 5.5, Avg: 6.4, Max: 6.9, Diff: 1.4, Sum: 51.0]
      [Termination (ms): Min: 0.0, Avg: 0.0, Max: 0.0, Diff: 0.0, Sum: 0.0]
         [Termination Attempts: Min: 1, Avg: 13.3, Max: 20, Diff: 19, Sum: 106]
      [GC Worker Other (ms): Min: 0.0, Avg: 0.0, Max: 0.0, Diff: 0.0, Sum: 0.2]
      [GC Worker Total (ms): Min: 8.3, Avg: 8.3, Max: 8.4, Diff: 0.1, Sum: 66.6]
      [GC Worker End (ms): Min: 27293.9, Avg: 27293.9, Max: 27293.9, Diff: 0.0]
   [Code Root Fixup: 0.0 ms]
   [Code Root Purge: 0.0 ms]
   [Clear CT: 0.4 ms]
   [Other: 0.7 ms]
      [Choose CSet: 0.0 ms]
      [Ref Proc: 0.1 ms]
      [Ref Enq: 0.0 ms]
      [Redirty Cards: 0.4 ms]
      [Humongous Register: 0.0 ms]
      [Humongous Reclaim: 0.0 ms]
      [Free CSet: 0.1 ms]
   [Eden: 159.0M(159.0M)->0.0B(159.0M) Survivors: 8192.0K->8192.0K Heap: 451.3M(512.0M)->292.5M(512.0M)]
 [Times: user=0.13 sys=0.00, real=0.01 secs] 
2017-11-18T17:26:11.201+0300: 27.295: [GC concurrent-mark-reset-for-overflow]
2017-11-18T17:26:11.348+0300: 27.442: [GC pause (G1 Evacuation Pause) (young), 0.0112633 secs]
   [Parallel Time: 10.2 ms, GC Workers: 8]
      [GC Worker Start (ms): Min: 27442.3, Avg: 27442.3, Max: 27442.3, Diff: 0.1]
      [Ext Root Scanning (ms): Min: 0.1, Avg: 0.2, Max: 0.3, Diff: 0.1, Sum: 1.3]
      [Update RS (ms): Min: 1.6, Avg: 2.3, Max: 3.3, Diff: 1.7, Sum: 18.2]
         [Processed Buffers: Min: 2, Avg: 2.6, Max: 3, Diff: 1, Sum: 21]
      [Scan RS (ms): Min: 0.0, Avg: 0.0, Max: 0.1, Diff: 0.1, Sum: 0.1]
      [Code Root Scanning (ms): Min: 0.0, Avg: 0.0, Max: 0.0, Diff: 0.0, Sum: 0.0]
      [Object Copy (ms): Min: 6.6, Avg: 7.6, Max: 8.2, Diff: 1.6, Sum: 60.9]
      [Termination (ms): Min: 0.0, Avg: 0.0, Max: 0.0, Diff: 0.0, Sum: 0.0]
         [Termination Attempts: Min: 1, Avg: 1.0, Max: 1, Diff: 0, Sum: 8]
      [GC Worker Other (ms): Min: 0.0, Avg: 0.0, Max: 0.0, Diff: 0.0, Sum: 0.2]
      [GC Worker Total (ms): Min: 10.1, Avg: 10.1, Max: 10.1, Diff: 0.1, Sum: 80.8]
      [GC Worker End (ms): Min: 27452.4, Avg: 27452.4, Max: 27452.4, Diff: 0.0]
   [Code Root Fixup: 0.0 ms]
   [Code Root Purge: 0.0 ms]
   [Clear CT: 0.5 ms]
   [Other: 0.6 ms]
      [Choose CSet: 0.0 ms]
      [Ref Proc: 0.1 ms]
      [Ref Enq: 0.0 ms]
      [Redirty Cards: 0.3 ms]
      [Humongous Register: 0.0 ms]
      [Humongous Reclaim: 0.0 ms]
      [Free CSet: 0.1 ms]
   [Eden: 159.0M(159.0M)->0.0B(153.0M) Survivors: 8192.0K->11.0M Heap: 451.5M(512.0M)->295.0M(512.0M)]
 [Times: user=0.13 sys=0.00, real=0.01 secs] 
2017-11-18T17:26:11.442+0300: 27.536: [GC concurrent-mark-end, 0.8581000 secs]
2017-11-18T17:26:11.442+0300: 27.536: [GC remark 2017-11-18T17:26:11.442+0300: 27.536: [Finalize Marking, 0.0004006 secs] 2017-11-18T17:26:11.443+0300: 27.537: [GC ref-proc, 0.0001585 secs] 2017-11-18T17:26:11.443+0300: 27.537: [Unloading, 0.0012385 secs], 0.0027690 secs]
 [Times: user=0.00 sys=0.00, real=0.00 secs] 
2017-11-18T17:26:11.445+0300: 27.539: [GC cleanup 383M->383M(512M), 0.0006623 secs]
 [Times: user=0.00 sys=0.00, real=0.00 secs] 
2017-11-18T17:26:11.495+0300: 27.590: [GC pause (G1 Evacuation Pause) (young), 0.0130026 secs]
   [Parallel Time: 12.0 ms, GC Workers: 8]
      [GC Worker Start (ms): Min: 27590.1, Avg: 27590.1, Max: 27590.2, Diff: 0.1]
      [Ext Root Scanning (ms): Min: 0.2, Avg: 0.2, Max: 0.3, Diff: 0.1, Sum: 1.6]
      [Update RS (ms): Min: 2.2, Avg: 2.9, Max: 3.8, Diff: 1.6, Sum: 23.2]
         [Processed Buffers: Min: 3, Avg: 3.3, Max: 5, Diff: 2, Sum: 26]
      [Scan RS (ms): Min: 0.0, Avg: 0.0, Max: 0.1, Diff: 0.1, Sum: 0.1]
      [Code Root Scanning (ms): Min: 0.0, Avg: 0.0, Max: 0.0, Diff: 0.0, Sum: 0.0]
      [Object Copy (ms): Min: 7.8, Avg: 8.7, Max: 9.4, Diff: 1.6, Sum: 69.5]
      [Termination (ms): Min: 0.0, Avg: 0.0, Max: 0.0, Diff: 0.0, Sum: 0.0]
         [Termination Attempts: Min: 1, Avg: 1.0, Max: 1, Diff: 0, Sum: 8]
      [GC Worker Other (ms): Min: 0.0, Avg: 0.0, Max: 0.0, Diff: 0.0, Sum: 0.3]
      [GC Worker Total (ms): Min: 11.8, Avg: 11.8, Max: 11.9, Diff: 0.1, Sum: 94.8]
      [GC Worker End (ms): Min: 27602.0, Avg: 27602.0, Max: 27602.0, Diff: 0.0]
   [Code Root Fixup: 0.0 ms]
   [Code Root Purge: 0.0 ms]
   [Clear CT: 0.3 ms]
   [Other: 0.7 ms]
      [Choose CSet: 0.0 ms]
      [Ref Proc: 0.2 ms]
      [Ref Enq: 0.0 ms]
      [Redirty Cards: 0.3 ms]
      [Humongous Register: 0.0 ms]
      [Humongous Reclaim: 0.0 ms]
      [Free CSet: 0.1 ms]
   [Eden: 153.0M(153.0M)->0.0B(13.0M) Survivors: 11.0M->12.0M Heap: 448.0M(512.0M)->296.5M(512.0M)]
 [Times: user=0.00 sys=0.00, real=0.01 secs] 
2017-11-18T17:26:11.519+0300: 27.613: [GC pause (G1 Evacuation Pause) (mixed), 0.0154073 secs]
   [Parallel Time: 14.9 ms, GC Workers: 8]
      [GC Worker Start (ms): Min: 27613.4, Avg: 27613.5, Max: 27613.5, Diff: 0.1]
      [Ext Root Scanning (ms): Min: 0.2, Avg: 0.2, Max: 0.4, Diff: 0.2, Sum: 1.9]
      [Update RS (ms): Min: 2.4, Avg: 2.6, Max: 2.9, Diff: 0.5, Sum: 20.4]
         [Processed Buffers: Min: 3, Avg: 3.3, Max: 4, Diff: 1, Sum: 26]
      [Scan RS (ms): Min: 0.3, Avg: 0.6, Max: 0.8, Diff: 0.5, Sum: 5.0]
      [Code Root Scanning (ms): Min: 0.0, Avg: 0.0, Max: 0.0, Diff: 0.0, Sum: 0.0]
      [Object Copy (ms): Min: 11.3, Avg: 11.4, Max: 11.4, Diff: 0.1, Sum: 90.9]
      [Termination (ms): Min: 0.0, Avg: 0.0, Max: 0.0, Diff: 0.0, Sum: 0.0]
         [Termination Attempts: Min: 1, Avg: 14.6, Max: 20, Diff: 19, Sum: 117]
      [GC Worker Other (ms): Min: 0.0, Avg: 0.0, Max: 0.0, Diff: 0.0, Sum: 0.2]
      [GC Worker Total (ms): Min: 14.8, Avg: 14.8, Max: 14.9, Diff: 0.1, Sum: 118.5]
      [GC Worker End (ms): Min: 27628.3, Avg: 27628.3, Max: 27628.3, Diff: 0.0]
   [Code Root Fixup: 0.0 ms]
   [Code Root Purge: 0.0 ms]
   [Clear CT: 0.1 ms]
   [Other: 0.4 ms]
      [Choose CSet: 0.0 ms]
      [Ref Proc: 0.1 ms]
      [Ref Enq: 0.0 ms]
      [Redirty Cards: 0.1 ms]
      [Humongous Register: 0.0 ms]
      [Humongous Reclaim: 0.0 ms]
      [Free CSet: 0.1 ms]
   [Eden: 13.0M(13.0M)->0.0B(163.0M) Survivors: 12.0M->4096.0K Heap: 309.5M(512.0M)->292.8M(512.0M)]
 [Times: user=0.13 sys=0.00, real=0.01 secs] 
2017-11-18T17:26:11.660+0300: 27.755: [GC pause (G1 Evacuation Pause) (young), 0.0100637 secs]
   [Parallel Time: 9.1 ms, GC Workers: 8]
      [GC Worker Start (ms): Min: 27755.1, Avg: 27755.2, Max: 27755.4, Diff: 0.3]
      [Ext Root Scanning (ms): Min: 0.0, Avg: 0.2, Max: 0.3, Diff: 0.3, Sum: 1.5]
      [Update RS (ms): Min: 3.4, Avg: 4.0, Max: 4.9, Diff: 1.5, Sum: 31.9]
         [Processed Buffers: Min: 4, Avg: 5.0, Max: 7, Diff: 3, Sum: 40]
      [Scan RS (ms): Min: 0.0, Avg: 0.0, Max: 0.0, Diff: 0.0, Sum: 0.1]
      [Code Root Scanning (ms): Min: 0.0, Avg: 0.0, Max: 0.0, Diff: 0.0, Sum: 0.0]
      [Object Copy (ms): Min: 3.8, Avg: 4.7, Max: 5.3, Diff: 1.5, Sum: 37.9]
      [Termination (ms): Min: 0.0, Avg: 0.1, Max: 0.1, Diff: 0.1, Sum: 0.6]
         [Termination Attempts: Min: 1, Avg: 168.1, Max: 207, Diff: 206, Sum: 1345]
      [GC Worker Other (ms): Min: 0.0, Avg: 0.0, Max: 0.0, Diff: 0.0, Sum: 0.1]
      [GC Worker Total (ms): Min: 8.8, Avg: 9.0, Max: 9.1, Diff: 0.3, Sum: 72.0]
      [GC Worker End (ms): Min: 27764.2, Avg: 27764.2, Max: 27764.2, Diff: 0.0]
   [Code Root Fixup: 0.0 ms]
   [Code Root Purge: 0.0 ms]
   [Clear CT: 0.2 ms]
   [Other: 0.7 ms]
      [Choose CSet: 0.0 ms]
      [Ref Proc: 0.1 ms]
      [Ref Enq: 0.0 ms]
      [Redirty Cards: 0.4 ms]
      [Humongous Register: 0.0 ms]
      [Humongous Reclaim: 0.0 ms]
      [Free CSet: 0.2 ms]
   [Eden: 163.0M(163.0M)->0.0B(157.0M) Survivors: 4096.0K->7168.0K Heap: 455.8M(512.0M)->295.2M(512.0M)]
 [Times: user=0.13 sys=0.00, real=0.01 secs] 
2017-11-18T17:26:11.807+0300: 27.902: [GC pause (G1 Evacuation Pause) (young) (initial-mark), 0.0081179 secs]
   [Parallel Time: 7.2 ms, GC Workers: 8]
      [GC Worker Start (ms): Min: 27901.8, Avg: 27901.9, Max: 27901.9, Diff: 0.1]
      [Ext Root Scanning (ms): Min: 0.3, Avg: 0.4, Max: 0.4, Diff: 0.1, Sum: 2.8]
      [Update RS (ms): Min: 0.8, Avg: 1.5, Max: 2.5, Diff: 1.7, Sum: 12.3]
         [Processed Buffers: Min: 1, Avg: 2.1, Max: 3, Diff: 2, Sum: 17]
      [Scan RS (ms): Min: 0.0, Avg: 0.0, Max: 0.1, Diff: 0.1, Sum: 0.1]
      [Code Root Scanning (ms): Min: 0.0, Avg: 0.0, Max: 0.0, Diff: 0.0, Sum: 0.0]
      [Object Copy (ms): Min: 4.2, Avg: 5.2, Max: 5.8, Diff: 1.6, Sum: 41.2]
      [Termination (ms): Min: 0.0, Avg: 0.0, Max: 0.0, Diff: 0.0, Sum: 0.0]
         [Termination Attempts: Min: 1, Avg: 1.0, Max: 1, Diff: 0, Sum: 8]
      [GC Worker Other (ms): Min: 0.0, Avg: 0.0, Max: 0.0, Diff: 0.0, Sum: 0.2]
      [GC Worker Total (ms): Min: 7.0, Avg: 7.1, Max: 7.1, Diff: 0.1, Sum: 56.7]
      [GC Worker End (ms): Min: 27908.9, Avg: 27908.9, Max: 27909.0, Diff: 0.0]
   [Code Root Fixup: 0.0 ms]
   [Code Root Purge: 0.0 ms]
   [Clear CT: 0.1 ms]
   [Other: 0.8 ms]
      [Choose CSet: 0.0 ms]
      [Ref Proc: 0.1 ms]
      [Ref Enq: 0.0 ms]
      [Redirty Cards: 0.5 ms]
      [Humongous Register: 0.0 ms]
      [Humongous Reclaim: 0.0 ms]
      [Free CSet: 0.1 ms]
   [Eden: 157.0M(157.0M)->0.0B(155.0M) Survivors: 7168.0K->8192.0K Heap: 452.2M(512.0M)->296.6M(512.0M)]
 [Times: user=0.00 sys=0.00, real=0.01 secs] 
2017-11-18T17:26:11.815+0300: 27.910: [GC concurrent-root-region-scan-start]
2017-11-18T17:26:11.817+0300: 27.912: [GC concurrent-root-region-scan-end, 0.0018558 secs]
2017-11-18T17:26:11.817+0300: 27.912: [GC concurrent-mark-start]
2017-11-18T17:26:12.444+0300: 28.538: [GC pause (G1 Evacuation Pause) (young), 0.0093338 secs]
   [Parallel Time: 8.3 ms, GC Workers: 8]
      [GC Worker Start (ms): Min: 28538.2, Avg: 28538.3, Max: 28538.3, Diff: 0.1]
      [Ext Root Scanning (ms): Min: 0.1, Avg: 0.1, Max: 0.2, Diff: 0.1, Sum: 1.1]
      [Update RS (ms): Min: 1.1, Avg: 1.8, Max: 2.7, Diff: 1.6, Sum: 14.3]
         [Processed Buffers: Min: 2, Avg: 2.6, Max: 4, Diff: 2, Sum: 21]
      [Scan RS (ms): Min: 0.0, Avg: 0.0, Max: 0.1, Diff: 0.1, Sum: 0.1]
      [Code Root Scanning (ms): Min: 0.0, Avg: 0.0, Max: 0.0, Diff: 0.0, Sum: 0.0]
      [Object Copy (ms): Min: 5.2, Avg: 6.2, Max: 6.8, Diff: 1.6, Sum: 49.5]
      [Termination (ms): Min: 0.0, Avg: 0.0, Max: 0.0, Diff: 0.0, Sum: 0.0]
         [Termination Attempts: Min: 1, Avg: 4.4, Max: 8, Diff: 7, Sum: 35]
      [GC Worker Other (ms): Min: 0.0, Avg: 0.0, Max: 0.0, Diff: 0.0, Sum: 0.3]
      [GC Worker Total (ms): Min: 8.1, Avg: 8.2, Max: 8.2, Diff: 0.1, Sum: 65.3]
      [GC Worker End (ms): Min: 28546.4, Avg: 28546.4, Max: 28546.4, Diff: 0.0]
   [Code Root Fixup: 0.0 ms]
   [Code Root Purge: 0.0 ms]
   [Clear CT: 0.2 ms]
   [Other: 0.8 ms]
      [Choose CSet: 0.0 ms]
      [Ref Proc: 0.2 ms]
      [Ref Enq: 0.0 ms]
      [Redirty Cards: 0.4 ms]
      [Humongous Register: 0.0 ms]
      [Humongous Reclaim: 0.0 ms]
      [Free CSet: 0.1 ms]
   [Eden: 155.0M(155.0M)->0.0B(153.0M) Survivors: 8192.0K->9216.0K Heap: 451.6M(512.0M)->297.3M(512.0M)]
 [Times: user=0.13 sys=0.00, real=0.01 secs] 
2017-11-18T17:26:12.453+0300: 28.548: [GC concurrent-mark-reset-for-overflow]
2017-11-18T17:26:12.590+0300: 28.685: [GC pause (G1 Evacuation Pause) (young), 0.0106653 secs]
   [Parallel Time: 9.7 ms, GC Workers: 8]
      [GC Worker Start (ms): Min: 28684.8, Avg: 28684.8, Max: 28684.9, Diff: 0.1]
      [Ext Root Scanning (ms): Min: 0.1, Avg: 0.2, Max: 0.3, Diff: 0.1, Sum: 1.4]
      [Update RS (ms): Min: 1.6, Avg: 2.2, Max: 3.1, Diff: 1.4, Sum: 17.6]
         [Processed Buffers: Min: 2, Avg: 2.8, Max: 4, Diff: 2, Sum: 22]
      [Scan RS (ms): Min: 0.0, Avg: 0.0, Max: 0.1, Diff: 0.0, Sum: 0.1]
      [Code Root Scanning (ms): Min: 0.0, Avg: 0.0, Max: 0.0, Diff: 0.0, Sum: 0.0]
      [Object Copy (ms): Min: 6.2, Avg: 7.1, Max: 7.6, Diff: 1.4, Sum: 56.8]
      [Termination (ms): Min: 0.0, Avg: 0.0, Max: 0.0, Diff: 0.0, Sum: 0.0]
         [Termination Attempts: Min: 1, Avg: 1.3, Max: 2, Diff: 1, Sum: 10]
      [GC Worker Other (ms): Min: 0.0, Avg: 0.0, Max: 0.0, Diff: 0.0, Sum: 0.3]
      [GC Worker Total (ms): Min: 9.5, Avg: 9.5, Max: 9.6, Diff: 0.1, Sum: 76.2]
      [GC Worker End (ms): Min: 28694.3, Avg: 28694.4, Max: 28694.4, Diff: 0.0]
   [Code Root Fixup: 0.0 ms]
   [Code Root Purge: 0.0 ms]
   [Clear CT: 0.3 ms]
   [Other: 0.6 ms]
      [Choose CSet: 0.0 ms]
      [Ref Proc: 0.2 ms]
      [Ref Enq: 0.0 ms]
      [Redirty Cards: 0.3 ms]
      [Humongous Register: 0.0 ms]
      [Humongous Reclaim: 0.0 ms]
      [Free CSet: 0.1 ms]
   [Eden: 153.0M(153.0M)->0.0B(149.0M) Survivors: 9216.0K->11.0M Heap: 450.3M(512.0M)->299.3M(512.0M)]
 [Times: user=0.00 sys=0.00, real=0.01 secs] 
2017-11-18T17:26:12.722+0300: 28.817: [GC concurrent-mark-end, 0.9053786 secs]
2017-11-18T17:26:12.732+0300: 28.827: [GC remark 2017-11-18T17:26:12.732+0300: 28.827: [Finalize Marking, 0.0001207 secs] 2017-11-18T17:26:12.732+0300: 28.827: [GC ref-proc, 0.0000887 secs] 2017-11-18T17:26:12.732+0300: 28.827: [Unloading, 0.0013330 secs], 0.0024167 secs]
 [Times: user=0.00 sys=0.00, real=0.00 secs] 
2017-11-18T17:26:12.734+0300: 28.829: [GC cleanup 452M->452M(512M), 0.0005467 secs]
 [Times: user=0.00 sys=0.00, real=0.00 secs] 
2017-11-18T17:26:12.782+0300: 28.876: [GC pause (G1 Evacuation Pause) (young) (to-space exhausted), 0.4426745 secs]
   [Parallel Time: 336.8 ms, GC Workers: 8]
      [GC Worker Start (ms): Min: 28876.6, Avg: 28876.6, Max: 28876.6, Diff: 0.1]
      [Ext Root Scanning (ms): Min: 0.2, Avg: 0.2, Max: 0.4, Diff: 0.3, Sum: 1.7]
      [Update RS (ms): Min: 2.4, Avg: 3.0, Max: 5.4, Diff: 3.0, Sum: 24.0]
         [Processed Buffers: Min: 14, Avg: 17.6, Max: 20, Diff: 6, Sum: 141]
      [Scan RS (ms): Min: 0.0, Avg: 1.9, Max: 2.3, Diff: 2.3, Sum: 15.0]
      [Code Root Scanning (ms): Min: 0.0, Avg: 0.0, Max: 0.0, Diff: 0.0, Sum: 0.0]
      [Object Copy (ms): Min: 331.1, Avg: 331.6, Max: 331.9, Diff: 0.8, Sum: 2653.1]
      [Termination (ms): Min: 0.0, Avg: 0.0, Max: 0.0, Diff: 0.0, Sum: 0.1]
         [Termination Attempts: Min: 1, Avg: 123.3, Max: 159, Diff: 158, Sum: 986]
      [GC Worker Other (ms): Min: 0.0, Avg: 0.0, Max: 0.0, Diff: 0.0, Sum: 0.2]
      [GC Worker Total (ms): Min: 336.7, Avg: 336.7, Max: 336.8, Diff: 0.1, Sum: 2694.0]
      [GC Worker End (ms): Min: 29213.3, Avg: 29213.3, Max: 29213.4, Diff: 0.0]
   [Code Root Fixup: 0.0 ms]
   [Code Root Purge: 0.0 ms]
   [Clear CT: 0.1 ms]
   [Other: 105.8 ms]
      [Evacuation Failure: 105.3 ms]
      [Choose CSet: 0.0 ms]
      [Ref Proc: 0.0 ms]
      [Ref Enq: 0.0 ms]
      [Redirty Cards: 0.3 ms]
      [Humongous Register: 0.0 ms]
      [Humongous Reclaim: 0.0 ms]
      [Free CSet: 0.1 ms]
   [Eden: 132.0M(149.0M)->0.0B(25.0M) Survivors: 11.0M->0.0B Heap: 510.5M(512.0M)->510.5M(512.0M)]
 [Times: user=1.14 sys=0.09, real=0.44 secs] 
2017-11-18T17:26:13.224+0300: 29.319: [GC pause (G1 Evacuation Pause) (mixed) (to-space exhausted), 0.0276881 secs]
   [Parallel Time: 26.1 ms, GC Workers: 8]
      [GC Worker Start (ms): Min: 29319.5, Avg: 29319.6, Max: 29319.6, Diff: 0.1]
      [Ext Root Scanning (ms): Min: 0.2, Avg: 0.2, Max: 0.3, Diff: 0.1, Sum: 1.7]
      [Update RS (ms): Min: 3.6, Avg: 3.9, Max: 4.2, Diff: 0.6, Sum: 31.0]
         [Processed Buffers: Min: 5, Avg: 6.0, Max: 12, Diff: 7, Sum: 48]
      [Scan RS (ms): Min: 0.0, Avg: 0.1, Max: 0.4, Diff: 0.4, Sum: 1.1]
      [Code Root Scanning (ms): Min: 0.0, Avg: 0.0, Max: 0.0, Diff: 0.0, Sum: 0.0]
      [Object Copy (ms): Min: 21.6, Avg: 21.7, Max: 21.9, Diff: 0.3, Sum: 173.9]
      [Termination (ms): Min: 0.0, Avg: 0.0, Max: 0.0, Diff: 0.0, Sum: 0.2]
         [Termination Attempts: Min: 1, Avg: 228.4, Max: 293, Diff: 292, Sum: 1827]
      [GC Worker Other (ms): Min: 0.0, Avg: 0.0, Max: 0.0, Diff: 0.0, Sum: 0.1]
      [GC Worker Total (ms): Min: 26.0, Avg: 26.0, Max: 26.1, Diff: 0.1, Sum: 208.1]
      [GC Worker End (ms): Min: 29345.6, Avg: 29345.6, Max: 29345.6, Diff: 0.0]
   [Code Root Fixup: 0.0 ms]
   [Code Root Purge: 0.0 ms]
   [Clear CT: 0.0 ms]
   [Other: 1.5 ms]
      [Evacuation Failure: 1.4 ms]
      [Choose CSet: 0.0 ms]
      [Ref Proc: 0.1 ms]
      [Ref Enq: 0.0 ms]
      [Redirty Cards: 0.0 ms]
      [Humongous Register: 0.0 ms]
      [Humongous Reclaim: 0.0 ms]
      [Free CSet: 0.0 ms]
   [Eden: 0.0B(25.0M)->0.0B(25.0M) Survivors: 0.0B->0.0B Heap: 510.5M(512.0M)->510.5M(512.0M)]
 [Times: user=0.13 sys=0.02, real=0.03 secs] 
2017-11-18T17:26:13.252+0300: 29.347: [Full GC (Allocation Failure)  510M->292M(512M), 0.7748660 secs]
   [Eden: 0.0B(25.0M)->0.0B(164.0M) Survivors: 0.0B->0.0B Heap: 510.5M(512.0M)->292.8M(512.0M)], [Metaspace: 9165K->9099K(1058816K)]
 [Times: user=1.22 sys=0.00, real=0.78 secs] 
2017-11-18T17:26:14.156+0300: 30.251: [GC pause (G1 Evacuation Pause) (young), 0.0049013 secs]
   [Parallel Time: 3.9 ms, GC Workers: 8]
      [GC Worker Start (ms): Min: 30250.7, Avg: 30250.7, Max: 30250.8, Diff: 0.1]
      [Ext Root Scanning (ms): Min: 0.1, Avg: 0.2, Max: 0.3, Diff: 0.1, Sum: 1.6]
      [Update RS (ms): Min: 0.0, Avg: 0.8, Max: 2.0, Diff: 2.0, Sum: 6.4]
         [Processed Buffers: Min: 0, Avg: 0.9, Max: 1, Diff: 1, Sum: 7]
      [Scan RS (ms): Min: 0.0, Avg: 0.0, Max: 0.0, Diff: 0.0, Sum: 0.2]
      [Code Root Scanning (ms): Min: 0.0, Avg: 0.0, Max: 0.0, Diff: 0.0, Sum: 0.0]
      [Object Copy (ms): Min: 1.5, Avg: 2.7, Max: 3.5, Diff: 1.9, Sum: 21.6]
      [Termination (ms): Min: 0.0, Avg: 0.0, Max: 0.0, Diff: 0.0, Sum: 0.0]
         [Termination Attempts: Min: 1, Avg: 13.8, Max: 18, Diff: 17, Sum: 110]
      [GC Worker Other (ms): Min: 0.0, Avg: 0.0, Max: 0.0, Diff: 0.0, Sum: 0.2]
      [GC Worker Total (ms): Min: 3.7, Avg: 3.7, Max: 3.8, Diff: 0.1, Sum: 29.9]
      [GC Worker End (ms): Min: 30254.5, Avg: 30254.5, Max: 30254.5, Diff: 0.0]
   [Code Root Fixup: 0.0 ms]
   [Code Root Purge: 0.0 ms]
   [Clear CT: 0.4 ms]
   [Other: 0.6 ms]
      [Choose CSet: 0.0 ms]
      [Ref Proc: 0.2 ms]
      [Ref Enq: 0.0 ms]
      [Redirty Cards: 0.3 ms]
      [Humongous Register: 0.0 ms]
      [Humongous Reclaim: 0.0 ms]
      [Free CSet: 0.1 ms]
   [Eden: 164.0M(164.0M)->0.0B(162.0M) Survivors: 0.0B->2048.0K Heap: 456.8M(512.0M)->294.7M(512.0M)]
 [Times: user=0.00 sys=0.00, real=0.00 secs] 
2017-11-18T17:26:14.285+0300: 30.380: [GC pause (G1 Evacuation Pause) (young) (initial-mark), 0.0070068 secs]
   [Parallel Time: 5.9 ms, GC Workers: 8]
      [GC Worker Start (ms): Min: 30380.6, Avg: 30380.7, Max: 30380.7, Diff: 0.1]
      [Ext Root Scanning (ms): Min: 0.4, Avg: 0.4, Max: 0.5, Diff: 0.1, Sum: 3.5]
      [Update RS (ms): Min: 0.6, Avg: 1.3, Max: 2.2, Diff: 1.6, Sum: 10.0]
         [Processed Buffers: Min: 1, Avg: 1.6, Max: 2, Diff: 1, Sum: 13]
      [Scan RS (ms): Min: 0.0, Avg: 0.0, Max: 0.0, Diff: 0.0, Sum: 0.2]
      [Code Root Scanning (ms): Min: 0.0, Avg: 0.0, Max: 0.0, Diff: 0.0, Sum: 0.0]
      [Object Copy (ms): Min: 3.0, Avg: 4.0, Max: 4.6, Diff: 1.6, Sum: 31.9]
      [Termination (ms): Min: 0.0, Avg: 0.0, Max: 0.0, Diff: 0.0, Sum: 0.0]
         [Termination Attempts: Min: 1, Avg: 1.0, Max: 1, Diff: 0, Sum: 8]
      [GC Worker Other (ms): Min: 0.0, Avg: 0.0, Max: 0.0, Diff: 0.0, Sum: 0.3]
      [GC Worker Total (ms): Min: 5.7, Avg: 5.7, Max: 5.8, Diff: 0.1, Sum: 45.8]
      [GC Worker End (ms): Min: 30386.4, Avg: 30386.4, Max: 30386.4, Diff: 0.0]
   [Code Root Fixup: 0.0 ms]
   [Code Root Purge: 0.0 ms]
   [Clear CT: 0.3 ms]
   [Other: 0.8 ms]
      [Choose CSet: 0.0 ms]
      [Ref Proc: 0.3 ms]
      [Ref Enq: 0.0 ms]
      [Redirty Cards: 0.3 ms]
      [Humongous Register: 0.0 ms]
      [Humongous Reclaim: 0.0 ms]
      [Free CSet: 0.1 ms]
   [Eden: 162.0M(162.0M)->0.0B(156.0M) Survivors: 2048.0K->5120.0K Heap: 456.7M(512.0M)->297.5M(512.0M)]
 [Times: user=0.13 sys=0.00, real=0.01 secs] 
2017-11-18T17:26:14.292+0300: 30.388: [GC concurrent-root-region-scan-start]
2017-11-18T17:26:14.294+0300: 30.389: [GC concurrent-root-region-scan-end, 0.0014317 secs]
2017-11-18T17:26:14.294+0300: 30.389: [GC concurrent-mark-start]
2017-11-18T17:26:14.967+0300: 31.061: [GC pause (G1 Evacuation Pause) (young), 0.0073379 secs]
   [Parallel Time: 6.8 ms, GC Workers: 8]
      [GC Worker Start (ms): Min: 31061.3, Avg: 31061.4, Max: 31061.4, Diff: 0.1]
      [Ext Root Scanning (ms): Min: 0.1, Avg: 0.1, Max: 0.2, Diff: 0.1, Sum: 1.0]
      [Update RS (ms): Min: 0.8, Avg: 1.4, Max: 2.3, Diff: 1.6, Sum: 11.0]
         [Processed Buffers: Min: 1, Avg: 1.6, Max: 2, Diff: 1, Sum: 13]
      [Scan RS (ms): Min: 0.0, Avg: 0.0, Max: 0.0, Diff: 0.0, Sum: 0.1]
      [Code Root Scanning (ms): Min: 0.0, Avg: 0.0, Max: 0.0, Diff: 0.0, Sum: 0.0]
      [Object Copy (ms): Min: 4.2, Avg: 5.1, Max: 5.7, Diff: 1.5, Sum: 40.9]
      [Termination (ms): Min: 0.0, Avg: 0.0, Max: 0.0, Diff: 0.0, Sum: 0.0]
         [Termination Attempts: Min: 1, Avg: 1.1, Max: 2, Diff: 1, Sum: 9]
      [GC Worker Other (ms): Min: 0.0, Avg: 0.0, Max: 0.0, Diff: 0.0, Sum: 0.3]
      [GC Worker Total (ms): Min: 6.6, Avg: 6.7, Max: 6.7, Diff: 0.1, Sum: 53.3]
      [GC Worker End (ms): Min: 31068.1, Avg: 31068.1, Max: 31068.1, Diff: 0.0]
   [Code Root Fixup: 0.0 ms]
   [Code Root Purge: 0.0 ms]
   [Clear CT: 0.1 ms]
   [Other: 0.4 ms]
      [Choose CSet: 0.0 ms]
      [Ref Proc: 0.1 ms]
      [Ref Enq: 0.0 ms]
      [Redirty Cards: 0.1 ms]
      [Humongous Register: 0.0 ms]
      [Humongous Reclaim: 0.0 ms]
      [Free CSet: 0.1 ms]
   [Eden: 156.0M(156.0M)->0.0B(150.0M) Survivors: 5120.0K->8192.0K Heap: 453.5M(512.0M)->300.5M(512.0M)]
 [Times: user=0.00 sys=0.00, real=0.01 secs] 
2017-11-18T17:26:14.974+0300: 31.069: [GC concurrent-mark-reset-for-overflow]
2017-11-18T17:26:15.125+0300: 31.219: [GC pause (G1 Evacuation Pause) (young), 0.0093731 secs]
   [Parallel Time: 8.4 ms, GC Workers: 8]
      [GC Worker Start (ms): Min: 31219.3, Avg: 31219.4, Max: 31219.4, Diff: 0.1]
      [Ext Root Scanning (ms): Min: 0.1, Avg: 0.2, Max: 0.2, Diff: 0.1, Sum: 1.3]
      [Update RS (ms): Min: 1.2, Avg: 1.8, Max: 2.9, Diff: 1.7, Sum: 14.7]
         [Processed Buffers: Min: 2, Avg: 3.0, Max: 5, Diff: 3, Sum: 24]
      [Scan RS (ms): Min: 0.0, Avg: 0.0, Max: 0.0, Diff: 0.0, Sum: 0.1]
      [Code Root Scanning (ms): Min: 0.0, Avg: 0.0, Max: 0.0, Diff: 0.0, Sum: 0.0]
      [Object Copy (ms): Min: 5.2, Avg: 6.2, Max: 6.8, Diff: 1.6, Sum: 49.6]
      [Termination (ms): Min: 0.0, Avg: 0.0, Max: 0.0, Diff: 0.0, Sum: 0.0]
         [Termination Attempts: Min: 1, Avg: 1.3, Max: 2, Diff: 1, Sum: 10]
      [GC Worker Other (ms): Min: 0.0, Avg: 0.0, Max: 0.1, Diff: 0.0, Sum: 0.3]
      [GC Worker Total (ms): Min: 8.2, Avg: 8.3, Max: 8.3, Diff: 0.1, Sum: 66.0]
      [GC Worker End (ms): Min: 31227.6, Avg: 31227.6, Max: 31227.7, Diff: 0.0]
   [Code Root Fixup: 0.0 ms]
   [Code Root Purge: 0.0 ms]
   [Clear CT: 0.2 ms]
   [Other: 0.8 ms]
      [Choose CSet: 0.0 ms]
      [Ref Proc: 0.1 ms]
      [Ref Enq: 0.0 ms]
      [Redirty Cards: 0.5 ms]
      [Humongous Register: 0.0 ms]
      [Humongous Reclaim: 0.0 ms]
      [Free CSet: 0.1 ms]
   [Eden: 150.0M(150.0M)->0.0B(150.0M) Survivors: 8192.0K->8192.0K Heap: 450.5M(512.0M)->300.8M(512.0M)]
 [Times: user=0.05 sys=0.00, real=0.01 secs] 
2017-11-18T17:26:15.274+0300: 31.368: [GC concurrent-mark-end, 0.9791236 secs]
2017-11-18T17:26:15.274+0300: 31.368: [GC remark 2017-11-18T17:26:15.274+0300: 31.368: [Finalize Marking, 0.0001630 secs] 2017-11-18T17:26:15.274+0300: 31.369: [GC ref-proc, 0.0000779 secs] 2017-11-18T17:26:15.274+0300: 31.369: [Unloading, 0.0011293 secs], 0.0025202 secs]
 [Times: user=0.13 sys=0.00, real=0.00 secs] 
2017-11-18T17:26:15.277+0300: 31.371: [GC cleanup 447M->447M(512M), 0.0006460 secs]
 [Times: user=0.00 sys=0.00, real=0.00 secs] 
2017-11-18T17:26:15.281+0300: 31.375: [GC pause (G1 Evacuation Pause) (young), 0.0108760 secs]
   [Parallel Time: 10.2 ms, GC Workers: 8]
      [GC Worker Start (ms): Min: 31374.9, Avg: 31375.0, Max: 31375.0, Diff: 0.1]
      [Ext Root Scanning (ms): Min: 0.2, Avg: 0.2, Max: 0.4, Diff: 0.2, Sum: 1.7]
      [Update RS (ms): Min: 1.9, Avg: 2.5, Max: 3.6, Diff: 1.6, Sum: 20.1]
         [Processed Buffers: Min: 2, Avg: 2.6, Max: 4, Diff: 2, Sum: 21]
      [Scan RS (ms): Min: 0.0, Avg: 0.0, Max: 0.0, Diff: 0.0, Sum: 0.1]
      [Code Root Scanning (ms): Min: 0.0, Avg: 0.0, Max: 0.0, Diff: 0.0, Sum: 0.0]
      [Object Copy (ms): Min: 6.3, Avg: 7.3, Max: 7.9, Diff: 1.6, Sum: 58.7]
      [Termination (ms): Min: 0.0, Avg: 0.0, Max: 0.0, Diff: 0.0, Sum: 0.0]
         [Termination Attempts: Min: 1, Avg: 1.0, Max: 1, Diff: 0, Sum: 8]
      [GC Worker Other (ms): Min: 0.0, Avg: 0.0, Max: 0.0, Diff: 0.0, Sum: 0.2]
      [GC Worker Total (ms): Min: 10.1, Avg: 10.1, Max: 10.2, Diff: 0.1, Sum: 80.9]
      [GC Worker End (ms): Min: 31385.1, Avg: 31385.1, Max: 31385.1, Diff: 0.0]
   [Code Root Fixup: 0.0 ms]
   [Code Root Purge: 0.0 ms]
   [Clear CT: 0.2 ms]
   [Other: 0.5 ms]
      [Choose CSet: 0.0 ms]
      [Ref Proc: 0.1 ms]
      [Ref Enq: 0.0 ms]
      [Redirty Cards: 0.1 ms]
      [Humongous Register: 0.0 ms]
      [Humongous Reclaim: 0.0 ms]
      [Free CSet: 0.1 ms]
   [Eden: 150.0M(150.0M)->0.0B(146.0M) Survivors: 8192.0K->10.0M Heap: 450.8M(512.0M)->302.3M(512.0M)]
 [Times: user=0.13 sys=0.00, real=0.01 secs] 
2017-11-18T17:26:15.404+0300: 31.499: [GC pause (G1 Evacuation Pause) (young), 0.0129489 secs]
   [Parallel Time: 11.5 ms, GC Workers: 8]
      [GC Worker Start (ms): Min: 31499.3, Avg: 31499.4, Max: 31499.5, Diff: 0.1]
      [Ext Root Scanning (ms): Min: 0.1, Avg: 0.2, Max: 0.3, Diff: 0.2, Sum: 1.6]
      [Update RS (ms): Min: 2.0, Avg: 2.7, Max: 3.7, Diff: 1.7, Sum: 21.6]
         [Processed Buffers: Min: 2, Avg: 3.0, Max: 5, Diff: 3, Sum: 24]
      [Scan RS (ms): Min: 0.0, Avg: 0.0, Max: 0.1, Diff: 0.1, Sum: 0.1]
      [Code Root Scanning (ms): Min: 0.0, Avg: 0.0, Max: 0.0, Diff: 0.0, Sum: 0.1]
      [Object Copy (ms): Min: 7.4, Avg: 8.4, Max: 9.0, Diff: 1.6, Sum: 67.2]
      [Termination (ms): Min: 0.0, Avg: 0.0, Max: 0.0, Diff: 0.0, Sum: 0.0]
         [Termination Attempts: Min: 1, Avg: 1.0, Max: 1, Diff: 0, Sum: 8]
      [GC Worker Other (ms): Min: 0.0, Avg: 0.0, Max: 0.0, Diff: 0.0, Sum: 0.3]
      [GC Worker Total (ms): Min: 11.3, Avg: 11.4, Max: 11.4, Diff: 0.1, Sum: 90.9]
      [GC Worker End (ms): Min: 31510.8, Avg: 31510.8, Max: 31510.8, Diff: 0.0]
   [Code Root Fixup: 0.0 ms]
   [Code Root Purge: 0.0 ms]
   [Clear CT: 0.5 ms]
   [Other: 1.0 ms]
      [Choose CSet: 0.0 ms]
      [Ref Proc: 0.2 ms]
      [Ref Enq: 0.0 ms]
      [Redirty Cards: 0.6 ms]
      [Humongous Register: 0.0 ms]
      [Humongous Reclaim: 0.0 ms]
      [Free CSet: 0.1 ms]
   [Eden: 146.0M(146.0M)->0.0B(142.0M) Survivors: 10.0M->12.0M Heap: 448.3M(512.0M)->304.8M(512.0M)]
 [Times: user=0.13 sys=0.00, real=0.01 secs] 
2017-11-18T17:26:15.527+0300: 31.622: [GC pause (G1 Evacuation Pause) (young) (initial-mark), 0.0171680 secs]
   [Parallel Time: 16.3 ms, GC Workers: 8]
      [GC Worker Start (ms): Min: 31621.7, Avg: 31621.8, Max: 31621.8, Diff: 0.1]
      [Ext Root Scanning (ms): Min: 0.3, Avg: 0.4, Max: 0.4, Diff: 0.1, Sum: 3.1]
      [Update RS (ms): Min: 0.0, Avg: 2.8, Max: 4.2, Diff: 4.2, Sum: 22.2]
         [Processed Buffers: Min: 0, Avg: 3.5, Max: 5, Diff: 5, Sum: 28]
      [Scan RS (ms): Min: 0.0, Avg: 0.0, Max: 0.1, Diff: 0.1, Sum: 0.1]
      [Code Root Scanning (ms): Min: 0.0, Avg: 0.0, Max: 0.0, Diff: 0.0, Sum: 0.0]
      [Object Copy (ms): Min: 11.6, Avg: 12.8, Max: 15.6, Diff: 4.0, Sum: 102.8]
      [Termination (ms): Min: 0.0, Avg: 0.1, Max: 0.1, Diff: 0.1, Sum: 0.5]
         [Termination Attempts: Min: 1, Avg: 580.1, Max: 752, Diff: 751, Sum: 4641]
      [GC Worker Other (ms): Min: 0.0, Avg: 0.0, Max: 0.1, Diff: 0.0, Sum: 0.3]
      [GC Worker Total (ms): Min: 16.1, Avg: 16.1, Max: 16.2, Diff: 0.1, Sum: 129.1]
      [GC Worker End (ms): Min: 31637.9, Avg: 31637.9, Max: 31637.9, Diff: 0.0]
   [Code Root Fixup: 0.0 ms]
   [Code Root Purge: 0.0 ms]
   [Clear CT: 0.3 ms]
   [Other: 0.5 ms]
      [Choose CSet: 0.0 ms]
      [Ref Proc: 0.1 ms]
      [Ref Enq: 0.0 ms]
      [Redirty Cards: 0.2 ms]
      [Humongous Register: 0.0 ms]
      [Humongous Reclaim: 0.0 ms]
      [Free CSet: 0.1 ms]
   [Eden: 142.0M(142.0M)->0.0B(142.0M) Survivors: 12.0M->12.0M Heap: 446.8M(512.0M)->304.8M(512.0M)]
 [Times: user=0.13 sys=0.00, real=0.02 secs] 
2017-11-18T17:26:15.545+0300: 31.639: [GC concurrent-root-region-scan-start]
2017-11-18T17:26:15.549+0300: 31.643: [GC concurrent-root-region-scan-end, 0.0039148 secs]
2017-11-18T17:26:15.549+0300: 31.643: [GC concurrent-mark-start]
2017-11-18T17:26:16.224+0300: 32.318: [GC pause (G1 Evacuation Pause) (young), 0.0146070 secs]
   [Parallel Time: 13.8 ms, GC Workers: 8]
      [GC Worker Start (ms): Min: 32318.3, Avg: 32318.4, Max: 32318.4, Diff: 0.1]
      [Ext Root Scanning (ms): Min: 0.1, Avg: 0.1, Max: 0.2, Diff: 0.1, Sum: 1.0]
      [Update RS (ms): Min: 2.5, Avg: 3.1, Max: 4.1, Diff: 1.6, Sum: 24.9]
         [Processed Buffers: Min: 3, Avg: 3.5, Max: 5, Diff: 2, Sum: 28]
      [Scan RS (ms): Min: 0.0, Avg: 0.0, Max: 0.1, Diff: 0.1, Sum: 0.1]
      [Code Root Scanning (ms): Min: 0.0, Avg: 0.0, Max: 0.1, Diff: 0.1, Sum: 0.1]
      [Object Copy (ms): Min: 9.4, Avg: 10.4, Max: 10.9, Diff: 1.5, Sum: 82.9]
      [Termination (ms): Min: 0.0, Avg: 0.0, Max: 0.0, Diff: 0.0, Sum: 0.1]
         [Termination Attempts: Min: 1, Avg: 65.8, Max: 93, Diff: 92, Sum: 526]
      [GC Worker Other (ms): Min: 0.0, Avg: 0.0, Max: 0.0, Diff: 0.0, Sum: 0.2]
      [GC Worker Total (ms): Min: 13.6, Avg: 13.7, Max: 13.7, Diff: 0.1, Sum: 109.3]
      [GC Worker End (ms): Min: 32332.0, Avg: 32332.0, Max: 32332.0, Diff: 0.0]
   [Code Root Fixup: 0.0 ms]
   [Code Root Purge: 0.0 ms]
   [Clear CT: 0.2 ms]
   [Other: 0.6 ms]
      [Choose CSet: 0.0 ms]
      [Ref Proc: 0.1 ms]
      [Ref Enq: 0.0 ms]
      [Redirty Cards: 0.2 ms]
      [Humongous Register: 0.0 ms]
      [Humongous Reclaim: 0.0 ms]
      [Free CSet: 0.1 ms]
   [Eden: 142.0M(142.0M)->0.0B(140.0M) Survivors: 12.0M->12.0M Heap: 446.8M(512.0M)->306.5M(512.0M)]
 [Times: user=0.13 sys=0.00, real=0.02 secs] 
2017-11-18T17:26:16.239+0300: 32.333: [GC concurrent-mark-reset-for-overflow]
2017-11-18T17:26:16.370+0300: 32.465: [GC pause (G1 Evacuation Pause) (young), 0.0174795 secs]
   [Parallel Time: 16.7 ms, GC Workers: 8]
      [GC Worker Start (ms): Min: 32464.7, Avg: 32464.8, Max: 32464.8, Diff: 0.1]
      [Ext Root Scanning (ms): Min: 0.1, Avg: 0.2, Max: 0.2, Diff: 0.1, Sum: 1.3]
      [Update RS (ms): Min: 2.8, Avg: 3.5, Max: 4.6, Diff: 1.8, Sum: 28.0]
         [Processed Buffers: Min: 3, Avg: 4.6, Max: 8, Diff: 5, Sum: 37]
      [Scan RS (ms): Min: 0.0, Avg: 0.0, Max: 0.1, Diff: 0.1, Sum: 0.1]
      [Code Root Scanning (ms): Min: 0.0, Avg: 0.0, Max: 0.0, Diff: 0.0, Sum: 0.1]
      [Object Copy (ms): Min: 11.8, Avg: 12.9, Max: 13.5, Diff: 1.7, Sum: 103.1]
      [Termination (ms): Min: 0.0, Avg: 0.0, Max: 0.1, Diff: 0.1, Sum: 0.4]
         [Termination Attempts: Min: 1, Avg: 460.0, Max: 563, Diff: 562, Sum: 3680]
      [GC Worker Other (ms): Min: 0.0, Avg: 0.0, Max: 0.0, Diff: 0.0, Sum: 0.3]
      [GC Worker Total (ms): Min: 16.6, Avg: 16.7, Max: 16.7, Diff: 0.1, Sum: 133.2]
      [GC Worker End (ms): Min: 32481.4, Avg: 32481.4, Max: 32481.5, Diff: 0.0]
   [Code Root Fixup: 0.0 ms]
   [Code Root Purge: 0.0 ms]
   [Clear CT: 0.2 ms]
   [Other: 0.5 ms]
      [Choose CSet: 0.0 ms]
      [Ref Proc: 0.1 ms]
      [Ref Enq: 0.0 ms]
      [Redirty Cards: 0.2 ms]
      [Humongous Register: 0.0 ms]
      [Humongous Reclaim: 0.0 ms]
      [Free CSet: 0.1 ms]
   [Eden: 140.0M(140.0M)->0.0B(137.0M) Survivors: 12.0M->12.0M Heap: 446.5M(512.0M)->309.0M(512.0M)]
 [Times: user=0.13 sys=0.00, real=0.02 secs] 
2017-11-18T17:26:16.541+0300: 32.635: [GC pause (G1 Evacuation Pause) (young), 0.0149363 secs]
   [Parallel Time: 14.3 ms, GC Workers: 8]
      [GC Worker Start (ms): Min: 32635.4, Avg: 32635.4, Max: 32635.4, Diff: 0.0]
      [Ext Root Scanning (ms): Min: 0.1, Avg: 0.1, Max: 0.2, Diff: 0.1, Sum: 1.1]
      [Update RS (ms): Min: 3.0, Avg: 3.7, Max: 4.4, Diff: 1.3, Sum: 29.5]
         [Processed Buffers: Min: 1, Avg: 4.1, Max: 6, Diff: 5, Sum: 33]
      [Scan RS (ms): Min: 0.0, Avg: 0.0, Max: 0.1, Diff: 0.1, Sum: 0.1]
      [Code Root Scanning (ms): Min: 0.0, Avg: 0.0, Max: 0.1, Diff: 0.1, Sum: 0.1]
      [Object Copy (ms): Min: 9.6, Avg: 10.3, Max: 10.9, Diff: 1.2, Sum: 82.8]
      [Termination (ms): Min: 0.0, Avg: 0.0, Max: 0.0, Diff: 0.0, Sum: 0.1]
         [Termination Attempts: Min: 1, Avg: 69.9, Max: 98, Diff: 97, Sum: 559]
      [GC Worker Other (ms): Min: 0.0, Avg: 0.0, Max: 0.0, Diff: 0.0, Sum: 0.3]
      [GC Worker Total (ms): Min: 14.2, Avg: 14.2, Max: 14.3, Diff: 0.0, Sum: 113.9]
      [GC Worker End (ms): Min: 32649.7, Avg: 32649.7, Max: 32649.7, Diff: 0.0]
   [Code Root Fixup: 0.0 ms]
   [Code Root Purge: 0.0 ms]
   [Clear CT: 0.1 ms]
   [Other: 0.5 ms]
      [Choose CSet: 0.0 ms]
      [Ref Proc: 0.1 ms]
      [Ref Enq: 0.0 ms]
      [Redirty Cards: 0.2 ms]
      [Humongous Register: 0.0 ms]
      [Humongous Reclaim: 0.0 ms]
      [Free CSet: 0.1 ms]
   [Eden: 137.0M(137.0M)->0.0B(135.0M) Survivors: 12.0M->12.0M Heap: 446.0M(512.0M)->311.1M(512.0M)]
 [Times: user=0.02 sys=0.00, real=0.02 secs] 
2017-11-18T17:26:16.556+0300: 32.650: [GC concurrent-mark-end, 1.0075640 secs]
2017-11-18T17:26:16.556+0300: 32.651: [GC remark 2017-11-18T17:26:16.556+0300: 32.651: [Finalize Marking, 0.0001135 secs] 2017-11-18T17:26:16.556+0300: 32.651: [GC ref-proc, 0.0000890 secs] 2017-11-18T17:26:16.556+0300: 32.651: [Unloading, 0.0012902 secs], 0.0025589 secs]
 [Times: user=0.00 sys=0.00, real=0.00 secs] 
2017-11-18T17:26:16.559+0300: 32.653: [GC cleanup 311M->311M(512M), 0.0007909 secs]
 [Times: user=0.00 sys=0.00, real=0.00 secs] 
2017-11-18T17:26:16.663+0300: 32.758: [GC pause (G1 Evacuation Pause) (young), 0.0143960 secs]
   [Parallel Time: 13.4 ms, GC Workers: 8]
      [GC Worker Start (ms): Min: 32757.8, Avg: 32757.8, Max: 32757.9, Diff: 0.1]
      [Ext Root Scanning (ms): Min: 0.2, Avg: 0.2, Max: 0.4, Diff: 0.2, Sum: 1.6]
      [Update RS (ms): Min: 2.9, Avg: 3.4, Max: 4.4, Diff: 1.5, Sum: 27.6]
         [Processed Buffers: Min: 3, Avg: 3.9, Max: 7, Diff: 4, Sum: 31]
      [Scan RS (ms): Min: 0.0, Avg: 0.0, Max: 0.1, Diff: 0.0, Sum: 0.1]
      [Code Root Scanning (ms): Min: 0.0, Avg: 0.0, Max: 0.0, Diff: 0.0, Sum: 0.1]
      [Object Copy (ms): Min: 8.7, Avg: 9.6, Max: 10.1, Diff: 1.4, Sum: 76.8]
      [Termination (ms): Min: 0.0, Avg: 0.0, Max: 0.0, Diff: 0.0, Sum: 0.1]
         [Termination Attempts: Min: 1, Avg: 67.9, Max: 90, Diff: 89, Sum: 543]
      [GC Worker Other (ms): Min: 0.0, Avg: 0.0, Max: 0.1, Diff: 0.0, Sum: 0.3]
      [GC Worker Total (ms): Min: 13.3, Avg: 13.3, Max: 13.4, Diff: 0.1, Sum: 106.5]
      [GC Worker End (ms): Min: 32771.1, Avg: 32771.1, Max: 32771.1, Diff: 0.0]
   [Code Root Fixup: 0.0 ms]
   [Code Root Purge: 0.0 ms]
   [Clear CT: 0.2 ms]
   [Other: 0.7 ms]
      [Choose CSet: 0.0 ms]
      [Ref Proc: 0.1 ms]
      [Ref Enq: 0.0 ms]
      [Redirty Cards: 0.4 ms]
      [Humongous Register: 0.0 ms]
      [Humongous Reclaim: 0.0 ms]
      [Free CSet: 0.1 ms]
   [Eden: 135.0M(135.0M)->0.0B(132.0M) Survivors: 12.0M->12.0M Heap: 446.1M(512.0M)->314.0M(512.0M)]
 [Times: user=0.13 sys=0.00, real=0.01 secs] 
Heap
 garbage-first heap   total 524288K, used 384006K [0x00000000e0000000, 0x00000000e0101000, 0x0000000100000000)
  region size 1024K, 74 young (75776K), 12 survivors (12288K)
 Metaspace       used 9138K, capacity 9456K, committed 9728K, reserved 1058816K
  class space    used 1079K, capacity 1171K, committed 1280K, reserved 1048576K
