Java HotSpot(TM) 64-Bit Server VM (25.131-b11) for windows-amd64 JRE (1.8.0_131-b11), built on Mar 15 2017 01:23:53 by "java_re" with MS VC++ 10.0 (VS2010)
Memory: 4k page, physical 8342580k(2193172k free), swap 10043876k(2234276k free)
CommandLine flags: -XX:InitialHeapSize=536870912 -XX:MaxHeapSize=536870912 -XX:MaxNewSize=178958336 -XX:MaxTenuringThreshold=6 -XX:NewSize=178958336 -XX:OldPLABSize=16 -XX:OldSize=357912576 -XX:+PrintGC -XX:+PrintGCDateStamps -XX:+PrintGCDetails -XX:+PrintGCTimeStamps -XX:+UseCompressedClassPointers -XX:+UseCompressedOops -XX:+UseConcMarkSweepGC -XX:-UseLargePagesIndividualAllocation -XX:+UseParNewGC 
2017-11-18T17:21:53.479+0300: 5.177: [GC (Allocation Failure) 2017-11-18T17:21:53.479+0300: 5.177: [ParNew: 139776K->2209K(157248K), 0.0027992 secs] 139776K->2209K(506816K), 0.0029449 secs] [Times: user=0.00 sys=0.00, real=0.00 secs] 
2017-11-18T17:21:53.522+0300: 5.219: [GC (Allocation Failure) 2017-11-18T17:21:53.522+0300: 5.219: [ParNew: 141985K->4670K(157248K), 0.0044023 secs] 141985K->4670K(506816K), 0.0044709 secs] [Times: user=0.13 sys=0.00, real=0.00 secs] 
2017-11-18T17:21:53.576+0300: 5.273: [GC (Allocation Failure) 2017-11-18T17:21:53.576+0300: 5.273: [ParNew: 144446K->6947K(157248K), 0.0061863 secs] 144446K->6947K(506816K), 0.0062591 secs] [Times: user=0.00 sys=0.00, real=0.01 secs] 
2017-11-18T17:21:53.629+0300: 5.327: [GC (Allocation Failure) 2017-11-18T17:21:53.629+0300: 5.327: [ParNew: 146723K->9554K(157248K), 0.0071185 secs] 146723K->9554K(506816K), 0.0071945 secs] [Times: user=0.13 sys=0.00, real=0.01 secs] 
2017-11-18T17:21:53.677+0300: 5.375: [GC (Allocation Failure) 2017-11-18T17:21:53.678+0300: 5.375: [ParNew: 149330K->12621K(157248K), 0.0096146 secs] 149330K->12621K(506816K), 0.0096788 secs] [Times: user=0.11 sys=0.02, real=0.01 secs] 
2017-11-18T17:21:53.731+0300: 5.428: [GC (Allocation Failure) 2017-11-18T17:21:53.731+0300: 5.428: [ParNew: 152397K->13753K(157248K), 0.0181267 secs] 152397K->16877K(506816K), 0.0181853 secs] [Times: user=0.13 sys=0.00, real=0.02 secs] 
2017-11-18T17:21:53.791+0300: 5.489: [GC (Allocation Failure) 2017-11-18T17:21:53.791+0300: 5.489: [ParNew: 153529K->14186K(157248K), 0.0128155 secs] 156653K->19395K(506816K), 0.0128789 secs] [Times: user=0.00 sys=0.00, real=0.01 secs] 
2017-11-18T17:21:53.845+0300: 5.543: [GC (Allocation Failure) 2017-11-18T17:21:53.845+0300: 5.543: [ParNew: 153962K->10654K(157248K), 0.0137823 secs] 159171K->20879K(506816K), 0.0138406 secs] [Times: user=0.13 sys=0.00, real=0.01 secs] 
2017-11-18T17:21:53.903+0300: 5.600: [GC (Allocation Failure) 2017-11-18T17:21:53.903+0300: 5.600: [ParNew: 150430K->10557K(157248K), 0.0117653 secs] 160655K->23018K(506816K), 0.0118365 secs] [Times: user=0.02 sys=0.00, real=0.01 secs] 
2017-11-18T17:21:53.960+0300: 5.657: [GC (Allocation Failure) 2017-11-18T17:21:53.960+0300: 5.657: [ParNew: 150333K->15096K(157248K), 0.0141310 secs] 162794K->29719K(506816K), 0.0142007 secs] [Times: user=0.11 sys=0.00, real=0.01 secs] 
2017-11-18T17:21:54.016+0300: 5.714: [GC (Allocation Failure) 2017-11-18T17:21:54.016+0300: 5.714: [ParNew: 154872K->11005K(157248K), 0.0161052 secs] 169495K->30285K(506816K), 0.0161779 secs] [Times: user=0.09 sys=0.01, real=0.02 secs] 
2017-11-18T17:21:54.096+0300: 5.793: [GC (Allocation Failure) 2017-11-18T17:21:54.096+0300: 5.793: [ParNew: 150781K->12653K(157248K), 0.0154435 secs] 170061K->34202K(506816K), 0.0155503 secs] [Times: user=0.08 sys=0.02, real=0.02 secs] 
2017-11-18T17:21:54.159+0300: 5.856: [GC (Allocation Failure) 2017-11-18T17:21:54.159+0300: 5.856: [ParNew: 152429K->5949K(157248K), 0.0170681 secs] 173978K->34316K(506816K), 0.0171354 secs] [Times: user=0.11 sys=0.00, real=0.02 secs] 
2017-11-18T17:21:54.239+0300: 5.937: [GC (Allocation Failure) 2017-11-18T17:21:54.239+0300: 5.937: [ParNew: 145725K->15802K(157248K), 0.0121170 secs] 174092K->44168K(506816K), 0.0122081 secs] [Times: user=0.13 sys=0.00, real=0.01 secs] 
2017-11-18T17:21:54.316+0300: 6.014: [GC (Allocation Failure) 2017-11-18T17:21:54.316+0300: 6.014: [ParNew: 155578K->13544K(157248K), 0.0174397 secs] 183944K->48880K(506816K), 0.0175345 secs] [Times: user=0.13 sys=0.00, real=0.02 secs] 
2017-11-18T17:21:54.403+0300: 6.101: [GC (Allocation Failure) 2017-11-18T17:21:54.403+0300: 6.101: [ParNew: 153320K->4051K(157248K), 0.0157321 secs] 188656K->48525K(506816K), 0.0157906 secs] [Times: user=0.11 sys=0.00, real=0.02 secs] 
2017-11-18T17:21:54.492+0300: 6.190: [GC (Allocation Failure) 2017-11-18T17:21:54.492+0300: 6.190: [ParNew: 143827K->5354K(157248K), 0.0055793 secs] 188301K->49829K(506816K), 0.0056460 secs] [Times: user=0.13 sys=0.00, real=0.00 secs] 
2017-11-18T17:21:54.572+0300: 6.270: [GC (Allocation Failure) 2017-11-18T17:21:54.572+0300: 6.270: [ParNew: 145130K->8602K(157248K), 0.0087847 secs] 189605K->53076K(506816K), 0.0088970 secs] [Times: user=0.00 sys=0.00, real=0.01 secs] 
2017-11-18T17:21:54.648+0300: 6.346: [GC (Allocation Failure) 2017-11-18T17:21:54.648+0300: 6.346: [ParNew: 148378K->9018K(157248K), 0.0085007 secs] 192852K->53493K(506816K), 0.0085638 secs] [Times: user=0.13 sys=0.00, real=0.01 secs] 
2017-11-18T17:21:54.720+0300: 6.418: [GC (Allocation Failure) 2017-11-18T17:21:54.720+0300: 6.418: [ParNew: 148794K->13060K(157248K), 0.0105871 secs] 193269K->57534K(506816K), 0.0106557 secs] [Times: user=0.13 sys=0.00, real=0.01 secs] 
2017-11-18T17:21:54.794+0300: 6.491: [GC (Allocation Failure) 2017-11-18T17:21:54.794+0300: 6.491: [ParNew: 152836K->17472K(157248K), 0.0210680 secs] 197310K->66974K(506816K), 0.0211290 secs] [Times: user=0.13 sys=0.00, real=0.02 secs] 
2017-11-18T17:21:54.878+0300: 6.576: [GC (Allocation Failure) 2017-11-18T17:21:54.878+0300: 6.576: [ParNew: 157248K->6861K(157248K), 0.0237443 secs] 206750K->78180K(506816K), 0.0238077 secs] [Times: user=0.22 sys=0.01, real=0.02 secs] 
2017-11-18T17:21:54.967+0300: 6.665: [GC (Allocation Failure) 2017-11-18T17:21:54.967+0300: 6.665: [ParNew: 146637K->3613K(157248K), 0.0050531 secs] 217956K->74933K(506816K), 0.0051238 secs] [Times: user=0.00 sys=0.00, real=0.00 secs] 
2017-11-18T17:21:55.037+0300: 6.735: [GC (Allocation Failure) 2017-11-18T17:21:55.037+0300: 6.735: [ParNew: 143389K->5219K(157248K), 0.0055165 secs] 214709K->76539K(506816K), 0.0055892 secs] [Times: user=0.13 sys=0.00, real=0.01 secs] 
2017-11-18T17:21:55.107+0300: 6.805: [GC (Allocation Failure) 2017-11-18T17:21:55.107+0300: 6.805: [ParNew: 144995K->8552K(157248K), 0.0087947 secs] 216315K->79872K(506816K), 0.0088650 secs] [Times: user=0.00 sys=0.00, real=0.01 secs] 
2017-11-18T17:21:55.182+0300: 6.879: [GC (Allocation Failure) 2017-11-18T17:21:55.182+0300: 6.879: [ParNew: 148328K->8999K(157248K), 0.0087917 secs] 219648K->80319K(506816K), 0.0088807 secs] [Times: user=0.00 sys=0.00, real=0.01 secs] 
2017-11-18T17:21:55.254+0300: 6.952: [GC (Allocation Failure) 2017-11-18T17:21:55.254+0300: 6.952: [ParNew: 148775K->13043K(157248K), 0.0102795 secs] 220095K->84362K(506816K), 0.0103505 secs] [Times: user=0.13 sys=0.00, real=0.01 secs] 
2017-11-18T17:21:55.329+0300: 7.026: [GC (Allocation Failure) 2017-11-18T17:21:55.329+0300: 7.026: [ParNew: 152819K->15843K(157248K), 0.0144766 secs] 224138K->89260K(506816K), 0.0145445 secs] [Times: user=0.13 sys=0.00, real=0.01 secs] 
2017-11-18T17:21:55.407+0300: 7.105: [GC (Allocation Failure) 2017-11-18T17:21:55.407+0300: 7.105: [ParNew: 155619K->10247K(157248K), 0.0145669 secs] 229036K->85735K(506816K), 0.0146324 secs] [Times: user=0.13 sys=0.00, real=0.01 secs] 
2017-11-18T17:21:55.487+0300: 7.184: [GC (Allocation Failure) 2017-11-18T17:21:55.487+0300: 7.184: [ParNew: 150023K->15163K(157248K), 0.0149134 secs] 225511K->92747K(506816K), 0.0149877 secs] [Times: user=0.13 sys=0.00, real=0.01 secs] 
2017-11-18T17:21:55.565+0300: 7.263: [GC (Allocation Failure) 2017-11-18T17:21:55.565+0300: 7.263: [ParNew: 154939K->10087K(157248K), 0.0150233 secs] 232523K->89768K(506816K), 0.0150981 secs] [Times: user=0.13 sys=0.00, real=0.01 secs] 
2017-11-18T17:21:55.643+0300: 7.340: [GC (Allocation Failure) 2017-11-18T17:21:55.643+0300: 7.340: [ParNew: 149863K->12272K(157248K), 0.0311722 secs] 229544K->110074K(506816K), 0.0312413 secs] [Times: user=0.25 sys=0.00, real=0.03 secs] 
2017-11-18T17:21:55.739+0300: 7.436: [GC (Allocation Failure) 2017-11-18T17:21:55.739+0300: 7.436: [ParNew: 152048K->12107K(157248K), 0.0172024 secs] 249850K->112006K(506816K), 0.0172734 secs] [Times: user=0.13 sys=0.00, real=0.02 secs] 
2017-11-18T17:21:55.820+0300: 7.517: [GC (Allocation Failure) 2017-11-18T17:21:55.820+0300: 7.517: [ParNew: 151883K->12312K(157248K), 0.0174164 secs] 251782K->114308K(506816K), 0.0174840 secs] [Times: user=0.14 sys=0.00, real=0.02 secs] 
2017-11-18T17:21:55.902+0300: 7.600: [GC (Allocation Failure) 2017-11-18T17:21:55.902+0300: 7.600: [ParNew: 152088K->12357K(157248K), 0.0144280 secs] 254084K->116449K(506816K), 0.0144944 secs] [Times: user=0.13 sys=0.00, real=0.01 secs] 
2017-11-18T17:21:55.981+0300: 7.678: [GC (Allocation Failure) 2017-11-18T17:21:55.981+0300: 7.678: [ParNew: 152133K->11331K(157248K), 0.0148733 secs] 256225K->117520K(506816K), 0.0149677 secs] [Times: user=0.13 sys=0.00, real=0.02 secs] 
2017-11-18T17:21:56.060+0300: 7.758: [GC (Allocation Failure) 2017-11-18T17:21:56.060+0300: 7.758: [ParNew: 151107K->11349K(157248K), 0.0137358 secs] 257296K->119635K(506816K), 0.0138116 secs] [Times: user=0.11 sys=0.00, real=0.01 secs] 
2017-11-18T17:21:56.137+0300: 7.835: [GC (Allocation Failure) 2017-11-18T17:21:56.137+0300: 7.835: [ParNew: 151125K->10316K(157248K), 0.0193058 secs] 259411K->120481K(506816K), 0.0193828 secs] [Times: user=0.13 sys=0.00, real=0.02 secs] 
2017-11-18T17:21:56.221+0300: 7.919: [GC (Allocation Failure) 2017-11-18T17:21:56.221+0300: 7.919: [ParNew: 150092K->12552K(157248K), 0.0132613 secs] 260257K->124813K(506816K), 0.0133386 secs] [Times: user=0.13 sys=0.00, real=0.01 secs] 
2017-11-18T17:21:56.297+0300: 7.995: [GC (Allocation Failure) 2017-11-18T17:21:56.297+0300: 7.995: [ParNew: 152328K->11540K(157248K), 0.0133006 secs] 264589K->125897K(506816K), 0.0133745 secs] [Times: user=0.13 sys=0.00, real=0.01 secs] 
2017-11-18T17:21:56.375+0300: 8.073: [GC (Allocation Failure) 2017-11-18T17:21:56.375+0300: 8.073: [ParNew: 151316K->12591K(157248K), 0.0146611 secs] 265673K->129045K(506816K), 0.0147368 secs] [Times: user=0.13 sys=0.00, real=0.02 secs] 
2017-11-18T17:21:56.454+0300: 8.151: [GC (Allocation Failure) 2017-11-18T17:21:56.454+0300: 8.151: [ParNew: 152367K->9451K(157248K), 0.0148588 secs] 268821K->128003K(506816K), 0.0149596 secs] [Times: user=0.13 sys=0.00, real=0.02 secs] 
2017-11-18T17:21:56.534+0300: 8.231: [GC (Allocation Failure) 2017-11-18T17:21:56.534+0300: 8.231: [ParNew: 149227K->9441K(157248K), 0.0148096 secs] 267779K->130090K(506816K), 0.0148793 secs] [Times: user=0.11 sys=0.02, real=0.02 secs] 
2017-11-18T17:21:56.615+0300: 8.312: [GC (Allocation Failure) 2017-11-18T17:21:56.615+0300: 8.312: [ParNew: 149217K->10496K(157248K), 0.0196285 secs] 269866K->133242K(506816K), 0.0196943 secs] [Times: user=0.14 sys=0.00, real=0.02 secs] 
2017-11-18T17:21:56.699+0300: 8.397: [GC (Allocation Failure) 2017-11-18T17:21:56.699+0300: 8.397: [ParNew: 150272K->11542K(157248K), 0.0132290 secs] 273018K->136384K(506816K), 0.0133181 secs] [Times: user=0.02 sys=0.00, real=0.01 secs] 
2017-11-18T17:21:56.778+0300: 8.475: [GC (Allocation Failure) 2017-11-18T17:21:56.778+0300: 8.476: [ParNew: 151318K->11534K(157248K), 0.0128677 secs] 276160K->138473K(506816K), 0.0129450 secs] [Times: user=0.13 sys=0.00, real=0.01 secs] 
2017-11-18T17:21:56.853+0300: 8.550: [GC (Allocation Failure) 2017-11-18T17:21:56.853+0300: 8.551: [ParNew: 151310K->14689K(157248K), 0.0429405 secs] 278249K->167761K(506816K), 0.0430018 secs] [Times: user=0.25 sys=0.00, real=0.04 secs] 
2017-11-18T17:21:56.967+0300: 8.664: [GC (Allocation Failure) 2017-11-18T17:21:56.967+0300: 8.664: [ParNew: 154465K->10328K(157248K), 0.0157610 secs] 307537K->165496K(506816K), 0.0158513 secs] [Times: user=0.13 sys=0.00, real=0.02 secs] 
2017-11-18T17:21:57.049+0300: 8.747: [GC (Allocation Failure) 2017-11-18T17:21:57.049+0300: 8.747: [ParNew: 150104K->13901K(157248K), 0.0158978 secs] 305272K->171166K(506816K), 0.0159859 secs] [Times: user=0.13 sys=0.00, real=0.02 secs] 
2017-11-18T17:21:57.133+0300: 8.830: [GC (Allocation Failure) 2017-11-18T17:21:57.133+0300: 8.830: [ParNew: 153677K->9825K(157248K), 0.0161960 secs] 310942K->169187K(506816K), 0.0162694 secs] [Times: user=0.14 sys=0.00, real=0.02 secs] 
2017-11-18T17:21:57.216+0300: 8.913: [GC (Allocation Failure) 2017-11-18T17:21:57.216+0300: 8.913: [ParNew: 149601K->11949K(157248K), 0.0135264 secs] 308963K->173408K(506816K), 0.0135961 secs] [Times: user=0.13 sys=0.00, real=0.01 secs] 
2017-11-18T17:21:57.294+0300: 8.991: [GC (Allocation Failure) 2017-11-18T17:21:57.294+0300: 8.991: [ParNew: 151725K->11938K(157248K), 0.0135176 secs] 313184K->175493K(506816K), 0.0135955 secs] [Times: user=0.13 sys=0.00, real=0.01 secs] 
2017-11-18T17:21:57.373+0300: 9.071: [GC (Allocation Failure) 2017-11-18T17:21:57.373+0300: 9.071: [ParNew: 151714K->15199K(157248K), 0.0149753 secs] 315269K->180513K(506816K), 0.0150541 secs] [Times: user=0.13 sys=0.00, real=0.02 secs] 
2017-11-18T17:21:57.452+0300: 9.150: [GC (Allocation Failure) 2017-11-18T17:21:57.452+0300: 9.150: [ParNew: 154975K->10345K(157248K), 0.0144642 secs] 320289K->177742K(506816K), 0.0145361 secs] [Times: user=0.13 sys=0.00, real=0.02 secs] 
2017-11-18T17:21:57.539+0300: 9.236: [GC (Allocation Failure) 2017-11-18T17:21:57.539+0300: 9.236: [ParNew: 150121K->13277K(157248K), 0.0191998 secs] 317518K->182771K(506816K), 0.0192837 secs] [Times: user=0.22 sys=0.00, real=0.02 secs] 
2017-11-18T17:21:57.630+0300: 9.327: [GC (Allocation Failure) 2017-11-18T17:21:57.630+0300: 9.327: [ParNew: 153053K->11271K(157248K), 0.0203804 secs] 322547K->182862K(506816K), 0.0204803 secs] [Times: user=0.20 sys=0.00, real=0.02 secs] 
2017-11-18T17:21:57.718+0300: 9.416: [GC (Allocation Failure) 2017-11-18T17:21:57.718+0300: 9.416: [ParNew: 151047K->12518K(157248K), 0.0130542 secs] 322638K->186206K(506816K), 0.0131267 secs] [Times: user=0.13 sys=0.00, real=0.01 secs] 
2017-11-18T17:21:57.796+0300: 9.493: [GC (Allocation Failure) 2017-11-18T17:21:57.796+0300: 9.493: [ParNew: 152294K->12567K(157248K), 0.0132049 secs] 325982K->188351K(506816K), 0.0132915 secs] [Times: user=0.09 sys=0.00, real=0.01 secs] 
2017-11-18T17:21:57.809+0300: 9.507: [GC (CMS Initial Mark) [1 CMS-initial-mark: 175784K(349568K)] 191147K(506816K), 0.0017783 secs] [Times: user=0.00 sys=0.00, real=0.00 secs] 
2017-11-18T17:21:57.811+0300: 9.508: [CMS-concurrent-mark-start]
2017-11-18T17:21:57.888+0300: 9.585: [GC (Allocation Failure) 2017-11-18T17:21:57.888+0300: 9.585: [ParNew: 152343K->9442K(157248K), 0.0151446 secs] 328127K->187322K(506816K), 0.0152186 secs] [Times: user=0.13 sys=0.00, real=0.02 secs] 
2017-11-18T17:21:57.978+0300: 9.675: [GC (Allocation Failure) 2017-11-18T17:21:57.978+0300: 9.676: [ParNew: 149218K->10490K(157248K), 0.0230543 secs] 327098K->190467K(506816K), 0.0232007 secs] [Times: user=0.11 sys=0.00, real=0.02 secs] 
2017-11-18T17:21:58.074+0300: 9.772: [GC (Allocation Failure) 2017-11-18T17:21:58.074+0300: 9.772: [ParNew: 150266K->9437K(157248K), 0.0156421 secs] 330243K->191511K(506816K), 0.0156958 secs] [Times: user=0.13 sys=0.00, real=0.02 secs] 
2017-11-18T17:21:58.160+0300: 9.857: [GC (Allocation Failure) 2017-11-18T17:21:58.160+0300: 9.857: [ParNew: 149213K->11543K(157248K), 0.0137368 secs] 331287K->195713K(506816K), 0.0137998 secs] [Times: user=0.13 sys=0.00, real=0.01 secs] 
2017-11-18T17:21:58.239+0300: 9.936: [GC (Allocation Failure) 2017-11-18T17:21:58.239+0300: 9.936: [ParNew: 151319K->11538K(157248K), 0.0125181 secs] 335489K->197805K(506816K), 0.0125957 secs] [Times: user=0.13 sys=0.00, real=0.01 secs] 
2017-11-18T17:21:58.314+0300: 10.012: [CMS-concurrent-mark: 0.421/0.503 secs] [Times: user=1.86 sys=0.00, real=0.50 secs] 
2017-11-18T17:21:58.314+0300: 10.012: [CMS-concurrent-preclean-start]
2017-11-18T17:21:58.317+0300: 10.015: [GC (Allocation Failure) 2017-11-18T17:21:58.317+0300: 10.015: [ParNew: 151314K->12579K(157248K), 0.0124104 secs] 337581K->200943K(506816K), 0.0124656 secs] [Times: user=0.13 sys=0.00, real=0.01 secs] 
2017-11-18T17:21:58.341+0300: 10.039: [CMS-concurrent-preclean: 0.014/0.027 secs] [Times: user=0.16 sys=0.00, real=0.03 secs] 
2017-11-18T17:21:58.341+0300: 10.039: [CMS-concurrent-abortable-preclean-start]
2017-11-18T17:21:58.396+0300: 10.093: [GC (Allocation Failure) 2017-11-18T17:21:58.396+0300: 10.093: [ParNew: 152355K->10490K(157248K), 0.0163418 secs] 340719K->200950K(506816K), 0.0164215 secs] [Times: user=0.13 sys=0.00, real=0.02 secs] 
2017-11-18T17:21:58.416+0300: 10.114: [CMS-concurrent-abortable-preclean: 0.058/0.075 secs] [Times: user=0.25 sys=0.00, real=0.07 secs] 
2017-11-18T17:21:58.416+0300: 10.114: [GC (CMS Final Remark) [YG occupancy: 18875 K (157248 K)]2017-11-18T17:21:58.416+0300: 10.114: [Rescan (parallel) , 0.0041494 secs]2017-11-18T17:21:58.420+0300: 10.118: [weak refs processing, 0.0000202 secs]2017-11-18T17:21:58.420+0300: 10.118: [class unloading, 0.0011634 secs]2017-11-18T17:21:58.422+0300: 10.119: [scrub symbol table, 0.0010369 secs]2017-11-18T17:21:58.423+0300: 10.120: [scrub string table, 0.0001911 secs][1 CMS-remark: 190460K(349568K)] 209335K(506816K), 0.0066956 secs] [Times: user=0.00 sys=0.00, real=0.01 secs] 
2017-11-18T17:21:58.423+0300: 10.121: [CMS-concurrent-sweep-start]
2017-11-18T17:21:58.485+0300: 10.183: [GC (Allocation Failure) 2017-11-18T17:21:58.485+0300: 10.183: [ParNew: 150266K->9437K(157248K), 0.0153617 secs] 302033K->163297K(506816K), 0.0154251 secs] [Times: user=0.13 sys=0.00, real=0.02 secs] 
2017-11-18T17:21:58.502+0300: 10.200: [CMS-concurrent-sweep: 0.064/0.079 secs] [Times: user=0.25 sys=0.00, real=0.08 secs] 
2017-11-18T17:21:58.502+0300: 10.200: [CMS-concurrent-reset-start]
2017-11-18T17:21:58.503+0300: 10.201: [CMS-concurrent-reset: 0.001/0.001 secs] [Times: user=0.00 sys=0.00, real=0.00 secs] 
2017-11-18T17:21:58.566+0300: 10.264: [GC (Allocation Failure) 2017-11-18T17:21:58.566+0300: 10.264: [ParNew: 149213K->9446K(157248K), 0.0182164 secs] 303073K->165402K(506816K), 0.0183284 secs] [Times: user=0.11 sys=0.00, real=0.02 secs] 
2017-11-18T17:21:58.650+0300: 10.348: [GC (Allocation Failure) 2017-11-18T17:21:58.650+0300: 10.348: [ParNew: 149222K->12591K(157248K), 0.0132912 secs] 305178K->170644K(506816K), 0.0133540 secs] [Times: user=0.00 sys=0.00, real=0.01 secs] 
2017-11-18T17:21:58.729+0300: 10.427: [GC (Allocation Failure) 2017-11-18T17:21:58.729+0300: 10.427: [ParNew: 152367K->11535K(157248K), 0.0131255 secs] 310420K->171684K(506816K), 0.0131964 secs] [Times: user=0.00 sys=0.00, real=0.01 secs] 
2017-11-18T17:21:58.802+0300: 10.500: [GC (Allocation Failure) 2017-11-18T17:21:58.802+0300: 10.500: [ParNew: 151311K->14690K(157248K), 0.0594936 secs] 311460K->212991K(506816K), 0.0595561 secs] [Times: user=0.47 sys=0.00, real=0.06 secs] 
2017-11-18T17:21:58.862+0300: 10.560: [GC (CMS Initial Mark) [1 CMS-initial-mark: 198300K(349568K)] 215786K(506816K), 0.0016904 secs] [Times: user=0.00 sys=0.00, real=0.00 secs] 
2017-11-18T17:21:58.864+0300: 10.561: [CMS-concurrent-mark-start]
2017-11-18T17:21:58.929+0300: 10.626: [GC (Allocation Failure) 2017-11-18T17:21:58.929+0300: 10.626: [ParNew: 154466K->10236K(157248K), 0.0164852 secs] 352767K->210634K(506816K), 0.0165498 secs] [Times: user=0.13 sys=0.00, real=0.02 secs] 
2017-11-18T17:21:59.028+0300: 10.725: [GC (Allocation Failure) 2017-11-18T17:21:59.028+0300: 10.726: [ParNew: 150012K->13714K(157248K), 0.0161670 secs] 350410K->216208K(506816K), 0.0162346 secs] [Times: user=0.11 sys=0.00, real=0.02 secs] 
2017-11-18T17:21:59.114+0300: 10.811: [GC (Allocation Failure) 2017-11-18T17:21:59.114+0300: 10.812: [ParNew: 153490K->9696K(157248K), 0.0209893 secs] 355984K->214287K(506816K), 0.0210753 secs] [Times: user=0.23 sys=0.00, real=0.02 secs] 
2017-11-18T17:21:59.202+0300: 10.900: [GC (Allocation Failure) 2017-11-18T17:21:59.202+0300: 10.900: [ParNew: 149472K->11776K(157248K), 0.0131536 secs] 354063K->218463K(506816K), 0.0132151 secs] [Times: user=0.13 sys=0.00, real=0.01 secs] 
2017-11-18T17:21:59.282+0300: 10.980: [GC (Allocation Failure) 2017-11-18T17:21:59.282+0300: 10.980: [ParNew: 151552K->11779K(157248K), 0.0130881 secs] 358239K->220563K(506816K), 0.0131608 secs] [Times: user=0.11 sys=0.00, real=0.01 secs] 
2017-11-18T17:21:59.373+0300: 11.071: [GC (Allocation Failure) 2017-11-18T17:21:59.374+0300: 11.071: [ParNew: 151555K->14000K(157248K), 0.0144836 secs] 360339K->224362K(506816K), 0.0145642 secs] [Times: user=0.11 sys=0.02, real=0.02 secs] 
2017-11-18T17:21:59.467+0300: 11.165: [GC (Allocation Failure) 2017-11-18T17:21:59.467+0300: 11.165: [ParNew: 153776K->10291K(157248K), 0.0153867 secs] 364138K->222750K(506816K), 0.0154685 secs] [Times: user=0.13 sys=0.00, real=0.02 secs] 
2017-11-18T17:21:59.542+0300: 11.239: [CMS-concurrent-mark: 0.564/0.677 secs] [Times: user=2.59 sys=0.03, real=0.68 secs] 
2017-11-18T17:21:59.542+0300: 11.239: [CMS-concurrent-preclean-start]
2017-11-18T17:21:59.556+0300: 11.253: [GC (Allocation Failure) 2017-11-18T17:21:59.556+0300: 11.253: [ParNew: 150067K->15169K(157248K), 0.0152394 secs] 362526K->229725K(506816K), 0.0153405 secs] [Times: user=0.02 sys=0.00, real=0.02 secs] 
2017-11-18T17:21:59.576+0300: 11.273: [CMS-concurrent-preclean: 0.019/0.034 secs] [Times: user=0.03 sys=0.00, real=0.03 secs] 
2017-11-18T17:21:59.576+0300: 11.273: [CMS-concurrent-abortable-preclean-start]
2017-11-18T17:21:59.638+0300: 11.335: [GC (Allocation Failure) 2017-11-18T17:21:59.638+0300: 11.336: [ParNew: 154945K->10085K(157248K), 0.0197320 secs] 369501K->226737K(506816K), 0.0198005 secs] [Times: user=0.13 sys=0.00, real=0.02 secs] 
2017-11-18T17:21:59.662+0300: 11.359: [CMS-concurrent-abortable-preclean: 0.066/0.086 secs] [Times: user=0.25 sys=0.00, real=0.09 secs] 
2017-11-18T17:21:59.662+0300: 11.359: [GC (CMS Final Remark) [YG occupancy: 21266 K (157248 K)]2017-11-18T17:21:59.662+0300: 11.359: [Rescan (parallel) , 0.0041925 secs]2017-11-18T17:21:59.666+0300: 11.364: [weak refs processing, 0.0000163 secs]2017-11-18T17:21:59.666+0300: 11.364: [class unloading, 0.0010194 secs]2017-11-18T17:21:59.667+0300: 11.365: [scrub symbol table, 0.0008860 secs]2017-11-18T17:21:59.668+0300: 11.366: [scrub string table, 0.0001847 secs][1 CMS-remark: 216652K(349568K)] 237918K(506816K), 0.0063792 secs] [Times: user=0.13 sys=0.00, real=0.01 secs] 
2017-11-18T17:21:59.668+0300: 11.366: [CMS-concurrent-sweep-start]
2017-11-18T17:21:59.729+0300: 11.427: [GC (Allocation Failure) 2017-11-18T17:21:59.729+0300: 11.427: [ParNew: 149861K->12285K(157248K), 0.0130494 secs] 342474K->206995K(506816K), 0.0131188 secs] [Times: user=0.01 sys=0.00, real=0.01 secs] 
2017-11-18T17:21:59.754+0300: 11.452: [CMS-concurrent-sweep: 0.073/0.086 secs] [Times: user=0.14 sys=0.00, real=0.09 secs] 
2017-11-18T17:21:59.754+0300: 11.452: [CMS-concurrent-reset-start]
2017-11-18T17:21:59.755+0300: 11.453: [CMS-concurrent-reset: 0.001/0.001 secs] [Times: user=0.00 sys=0.00, real=0.00 secs] 
2017-11-18T17:21:59.807+0300: 11.505: [GC (Allocation Failure) 2017-11-18T17:21:59.807+0300: 11.505: [ParNew: 152061K->13300K(157248K), 0.0132194 secs] 346771K->210106K(506816K), 0.0132936 secs] [Times: user=0.02 sys=0.00, real=0.01 secs] 
2017-11-18T17:21:59.885+0300: 11.583: [GC (Allocation Failure) 2017-11-18T17:21:59.885+0300: 11.583: [ParNew: 153076K->11462K(157248K), 0.0138228 secs] 349882K->210365K(506816K), 0.0139082 secs] [Times: user=0.01 sys=0.00, real=0.01 secs] 
2017-11-18T17:21:59.966+0300: 11.663: [GC (Allocation Failure) 2017-11-18T17:21:59.966+0300: 11.663: [ParNew: 151238K->9428K(157248K), 0.0144211 secs] 350141K->210428K(506816K), 0.0144956 secs] [Times: user=0.13 sys=0.00, real=0.01 secs] 
2017-11-18T17:22:00.044+0300: 11.741: [GC (Allocation Failure) 2017-11-18T17:22:00.044+0300: 11.741: [ParNew: 149204K->9434K(157248K), 0.0145732 secs] 350204K->212530K(506816K), 0.0146466 secs] [Times: user=0.13 sys=0.00, real=0.01 secs] 
2017-11-18T17:22:00.122+0300: 11.819: [GC (Allocation Failure) 2017-11-18T17:22:00.122+0300: 11.819: [ParNew: 149210K->10492K(157248K), 0.0191494 secs] 352306K->215685K(506816K), 0.0192225 secs] [Times: user=0.13 sys=0.00, real=0.02 secs] 
2017-11-18T17:22:00.205+0300: 11.902: [GC (Allocation Failure) 2017-11-18T17:22:00.205+0300: 11.902: [ParNew: 150268K->11537K(157248K), 0.0129248 secs] 355461K->218827K(506816K), 0.0129996 secs] [Times: user=0.13 sys=0.00, real=0.01 secs] 
2017-11-18T17:22:00.282+0300: 11.980: [GC (Allocation Failure) 2017-11-18T17:22:00.282+0300: 11.980: [ParNew: 151313K->11546K(157248K), 0.0130727 secs] 358603K->220932K(506816K), 0.0131496 secs] [Times: user=0.13 sys=0.00, real=0.01 secs] 
2017-11-18T17:22:00.360+0300: 12.057: [GC (Allocation Failure) 2017-11-18T17:22:00.360+0300: 12.057: [ParNew: 151322K->12590K(157248K), 0.0143782 secs] 360708K->224073K(506816K), 0.0144516 secs] [Times: user=0.13 sys=0.00, real=0.01 secs] 
2017-11-18T17:22:00.439+0300: 12.137: [GC (Allocation Failure) 2017-11-18T17:22:00.439+0300: 12.137: [ParNew: 152366K->9436K(157248K), 0.0146037 secs] 363849K->223014K(506816K), 0.0146795 secs] [Times: user=0.13 sys=0.00, real=0.01 secs] 
2017-11-18T17:22:00.519+0300: 12.216: [GC (Allocation Failure) 2017-11-18T17:22:00.519+0300: 12.216: [ParNew: 149212K->9444K(157248K), 0.0147721 secs] 362790K->225117K(506816K), 0.0148437 secs] [Times: user=0.13 sys=0.00, real=0.01 secs] 
2017-11-18T17:22:00.597+0300: 12.294: [GC (Allocation Failure) 2017-11-18T17:22:00.597+0300: 12.294: [ParNew: 149220K->10489K(157248K), 0.0183585 secs] 364893K->228260K(506816K), 0.0184370 secs] [Times: user=0.13 sys=0.00, real=0.02 secs] 
2017-11-18T17:22:00.679+0300: 12.376: [GC (Allocation Failure) 2017-11-18T17:22:00.679+0300: 12.376: [ParNew: 150265K->12597K(157248K), 0.0127741 secs] 368036K->232464K(506816K), 0.0128420 secs] [Times: user=0.13 sys=0.00, real=0.01 secs] 
2017-11-18T17:22:00.756+0300: 12.453: [GC (Allocation Failure) 2017-11-18T17:22:00.756+0300: 12.453: [ParNew: 152373K->11543K(157248K), 0.0130280 secs] 372240K->233506K(506816K), 0.0131351 secs] [Times: user=0.13 sys=0.00, real=0.01 secs] 
2017-11-18T17:22:00.833+0300: 12.530: [GC (Allocation Failure) 2017-11-18T17:22:00.833+0300: 12.530: [ParNew: 151319K->10487K(157248K), 0.0150601 secs] 373282K->234547K(506816K), 0.0151383 secs] [Times: user=0.13 sys=0.00, real=0.02 secs] 
2017-11-18T17:22:00.912+0300: 12.609: [GC (Allocation Failure) 2017-11-18T17:22:00.912+0300: 12.609: [ParNew: 150263K->9444K(157248K), 0.0145865 secs] 374323K->235601K(506816K), 0.0146592 secs] [Times: user=0.13 sys=0.00, real=0.01 secs] 
2017-11-18T17:22:01.000+0300: 12.697: [GC (Allocation Failure) 2017-11-18T17:22:01.000+0300: 12.697: [ParNew: 149220K->9441K(157248K), 0.0181626 secs] 375377K->237694K(506816K), 0.0182345 secs] [Times: user=0.13 sys=0.00, real=0.02 secs] 
2017-11-18T17:22:01.083+0300: 12.781: [GC (Allocation Failure) 2017-11-18T17:22:01.083+0300: 12.781: [ParNew: 149217K->10495K(157248K), 0.0192816 secs] 377470K->240845K(506816K), 0.0193483 secs] [Times: user=0.14 sys=0.00, real=0.02 secs] 
2017-11-18T17:22:01.167+0300: 12.864: [GC (Allocation Failure) 2017-11-18T17:22:01.167+0300: 12.864: [ParNew: 150271K->11539K(157248K), 0.0129918 secs] 380621K->243986K(506816K), 0.0130712 secs] [Times: user=0.00 sys=0.00, real=0.01 secs] 
2017-11-18T17:22:01.245+0300: 12.942: [GC (Allocation Failure) 2017-11-18T17:22:01.245+0300: 12.942: [ParNew: 151315K->12598K(157248K), 0.0132704 secs] 383762K->247141K(506816K), 0.0133353 secs] [Times: user=0.00 sys=0.00, real=0.01 secs] 
2017-11-18T17:22:01.326+0300: 13.024: [GC (Allocation Failure) 2017-11-18T17:22:01.326+0300: 13.024: [ParNew: 152374K->10494K(157248K), 0.0148751 secs] 386917K->247134K(506816K), 0.0149487 secs] [Times: user=0.13 sys=0.00, real=0.02 secs] 
2017-11-18T17:22:01.405+0300: 13.102: [GC (Allocation Failure) 2017-11-18T17:22:01.405+0300: 13.102: [ParNew: 150270K->9438K(157248K), 0.0145539 secs] 386910K->248175K(506816K), 0.0146508 secs] [Times: user=0.13 sys=0.00, real=0.02 secs] 
2017-11-18T17:22:01.484+0300: 13.181: [GC (Allocation Failure) 2017-11-18T17:22:01.484+0300: 13.181: [ParNew: 149214K->9444K(157248K), 0.0149101 secs] 387951K->250277K(506816K), 0.0149913 secs] [Times: user=0.13 sys=0.00, real=0.02 secs] 
2017-11-18T17:22:01.563+0300: 13.260: [GC (Allocation Failure) 2017-11-18T17:22:01.563+0300: 13.261: [ParNew: 149220K->11537K(157248K), 0.0184032 secs] 390053K->254467K(506816K), 0.0184929 secs] [Times: user=0.13 sys=0.00, real=0.02 secs] 
2017-11-18T17:22:01.646+0300: 13.343: [GC (Allocation Failure) 2017-11-18T17:22:01.646+0300: 13.343: [ParNew: 151313K->11545K(157248K), 0.0131868 secs] 394243K->256571K(506816K), 0.0132622 secs] [Times: user=0.13 sys=0.00, real=0.01 secs] 
2017-11-18T17:22:01.716+0300: 13.413: [GC (Allocation Failure) 2017-11-18T17:22:01.716+0300: 13.414: [ParNew: 151321K->13639K(157248K), 0.0842465 secs] 396347K->314845K(506816K), 0.0843153 secs] [Times: user=0.59 sys=0.02, real=0.09 secs] 
2017-11-18T17:22:01.801+0300: 13.498: [GC (CMS Initial Mark) [1 CMS-initial-mark: 301205K(349568K)] 317640K(506816K), 0.0014157 secs] [Times: user=0.00 sys=0.00, real=0.00 secs] 
2017-11-18T17:22:01.802+0300: 13.499: [CMS-concurrent-mark-start]
2017-11-18T17:22:01.868+0300: 13.565: [GC (Allocation Failure) 2017-11-18T17:22:01.868+0300: 13.565: [ParNew: 153415K->153415K(157248K), 0.0000166 secs]2017-11-18T17:22:01.868+0300: 13.565: [CMS2017-11-18T17:22:02.626+0300: 14.324: [CMS-concurrent-mark: 0.822/0.824 secs] [Times: user=1.56 sys=0.03, real=0.82 secs] 
 (concurrent mode failure): 301205K->275215K(349568K), 1.3236984 secs] 454621K->275215K(506816K), [Metaspace: 9006K->9006K(1056768K)], 1.3237886 secs] [Times: user=1.89 sys=0.03, real=1.32 secs] 
2017-11-18T17:22:03.257+0300: 14.954: [GC (Allocation Failure) 2017-11-18T17:22:03.257+0300: 14.954: [ParNew: 139776K->4418K(157248K), 0.0048919 secs] 414991K->279634K(506816K), 0.0050706 secs] [Times: user=0.13 sys=0.00, real=0.01 secs] 
2017-11-18T17:22:03.325+0300: 15.023: [GC (Allocation Failure) 2017-11-18T17:22:03.325+0300: 15.023: [ParNew: 144194K->3837K(157248K), 0.0049822 secs] 419410K->279052K(506816K), 0.0050818 secs] [Times: user=0.00 sys=0.00, real=0.01 secs] 
2017-11-18T17:22:03.395+0300: 15.093: [GC (Allocation Failure) 2017-11-18T17:22:03.395+0300: 15.093: [ParNew: 143613K->5013K(157248K), 0.0054754 secs] 418828K->280228K(506816K), 0.0055431 secs] [Times: user=0.13 sys=0.00, real=0.01 secs] 
2017-11-18T17:22:03.465+0300: 15.163: [GC (Allocation Failure) 2017-11-18T17:22:03.465+0300: 15.163: [ParNew: 144789K->8489K(157248K), 0.0086272 secs] 420004K->283705K(506816K), 0.0086984 secs] [Times: user=0.00 sys=0.00, real=0.01 secs] 
2017-11-18T17:22:03.538+0300: 15.236: [GC (Allocation Failure) 2017-11-18T17:22:03.538+0300: 15.236: [ParNew: 148265K->9004K(157248K), 0.0086555 secs] 423481K->284219K(506816K), 0.0087597 secs] [Times: user=0.13 sys=0.00, real=0.01 secs] 
2017-11-18T17:22:03.611+0300: 15.309: [GC (Allocation Failure) 2017-11-18T17:22:03.611+0300: 15.309: [ParNew: 148780K->13064K(157248K), 0.0103924 secs] 423995K->288279K(506816K), 0.0104613 secs] [Times: user=0.13 sys=0.00, real=0.01 secs] 
2017-11-18T17:22:03.686+0300: 15.383: [GC (Allocation Failure) 2017-11-18T17:22:03.686+0300: 15.383: [ParNew: 152840K->13884K(157248K), 0.0126537 secs] 428055K->291923K(506816K), 0.0127189 secs] [Times: user=0.13 sys=0.00, real=0.01 secs] 
2017-11-18T17:22:03.764+0300: 15.461: [GC (Allocation Failure) 2017-11-18T17:22:03.764+0300: 15.461: [ParNew: 153660K->10349K(157248K), 0.0139462 secs] 431699K->290800K(506816K), 0.0140172 secs] [Times: user=0.13 sys=0.00, real=0.01 secs] 
2017-11-18T17:22:03.842+0300: 15.539: [GC (Allocation Failure) 2017-11-18T17:22:03.842+0300: 15.539: [ParNew: 150125K->10451K(157248K), 0.0143266 secs] 430576K->293020K(506816K), 0.0143963 secs] [Times: user=0.13 sys=0.00, real=0.01 secs] 
2017-11-18T17:22:03.923+0300: 15.620: [GC (Allocation Failure) 2017-11-18T17:22:03.923+0300: 15.620: [ParNew: 150227K->9437K(157248K), 0.0186972 secs] 432796K->294533K(506816K), 0.0187633 secs] [Times: user=0.13 sys=0.00, real=0.02 secs] 
2017-11-18T17:22:04.006+0300: 15.704: [GC (Allocation Failure) 2017-11-18T17:22:04.006+0300: 15.704: [ParNew: 149213K->11537K(157248K), 0.0129918 secs] 434309K->299113K(506816K), 0.0130681 secs] [Times: user=0.13 sys=0.00, real=0.01 secs] 
2017-11-18T17:22:04.083+0300: 15.781: [GC (Allocation Failure) 2017-11-18T17:22:04.083+0300: 15.781: [ParNew: 151313K->12597K(157248K), 0.0130440 secs] 438889K->302483K(506816K), 0.0131234 secs] [Times: user=0.13 sys=0.00, real=0.01 secs] 
2017-11-18T17:22:04.160+0300: 15.858: [GC (Allocation Failure) 2017-11-18T17:22:04.160+0300: 15.858: [ParNew: 152373K->11544K(157248K), 0.0140338 secs] 442259K->303526K(506816K), 0.0141111 secs] [Times: user=0.13 sys=0.00, real=0.01 secs] 
2017-11-18T17:22:04.240+0300: 15.938: [GC (Allocation Failure) 2017-11-18T17:22:04.240+0300: 15.938: [ParNew: 151320K->9439K(157248K), 0.0144700 secs] 443302K->303539K(506816K), 0.0145454 secs] [Times: user=0.13 sys=0.00, real=0.02 secs] 
2017-11-18T17:22:04.319+0300: 16.017: [GC (Allocation Failure) 2017-11-18T17:22:04.319+0300: 16.017: [ParNew: 149215K->9442K(157248K), 0.0143803 secs] 443315K->305638K(506816K), 0.0144588 secs] [Times: user=0.13 sys=0.00, real=0.02 secs] 
2017-11-18T17:22:04.398+0300: 16.096: [GC (Allocation Failure) 2017-11-18T17:22:04.398+0300: 16.096: [ParNew: 149218K->10487K(157248K), 0.0190839 secs] 445414K->308872K(506816K), 0.0191651 secs] [Times: user=0.25 sys=0.00, real=0.02 secs] 
2017-11-18T17:22:04.481+0300: 16.179: [GC (Allocation Failure) 2017-11-18T17:22:04.482+0300: 16.179: [ParNew: 150263K->11544K(157248K), 0.0129586 secs] 448648K->312025K(506816K), 0.0131258 secs] [Times: user=0.13 sys=0.00, real=0.01 secs] 
2017-11-18T17:22:04.559+0300: 16.257: [GC (Allocation Failure) 2017-11-18T17:22:04.559+0300: 16.257: [ParNew: 151320K->11539K(157248K), 0.0128049 secs] 451801K->314117K(506816K), 0.0128804 secs] [Times: user=0.13 sys=0.00, real=0.01 secs] 
2017-11-18T17:22:04.639+0300: 16.336: [GC (Allocation Failure) 2017-11-18T17:22:04.639+0300: 16.336: [ParNew: 151315K->12597K(157248K), 0.0146393 secs] 453893K->317272K(506816K), 0.0146985 secs] [Times: user=0.13 sys=0.00, real=0.01 secs] 
2017-11-18T17:22:04.719+0300: 16.416: [GC (Allocation Failure) 2017-11-18T17:22:04.719+0300: 16.416: [ParNew: 152373K->10494K(157248K), 0.0145279 secs] 457048K->317264K(506816K), 0.0146019 secs] [Times: user=0.13 sys=0.00, real=0.01 secs] 
2017-11-18T17:22:04.797+0300: 16.494: [GC (Allocation Failure) 2017-11-18T17:22:04.797+0300: 16.494: [ParNew: 150270K->9439K(157248K), 0.0147272 secs] 457040K->318314K(506816K), 0.0148096 secs] [Times: user=0.13 sys=0.00, real=0.02 secs] 
2017-11-18T17:22:04.876+0300: 16.573: [GC (Allocation Failure) 2017-11-18T17:22:04.876+0300: 16.574: [ParNew: 149215K->10494K(157248K), 0.0194606 secs] 458090K->321466K(506816K), 0.0195355 secs] [Times: user=0.13 sys=0.00, real=0.02 secs] 
2017-11-18T17:22:04.960+0300: 16.658: [GC (Allocation Failure) 2017-11-18T17:22:04.960+0300: 16.658: [ParNew: 150270K->12588K(157248K), 0.0130832 secs] 461242K->325657K(506816K), 0.0131560 secs] [Times: user=0.13 sys=0.00, real=0.01 secs] 
2017-11-18T17:22:05.038+0300: 16.735: [GC (Allocation Failure) 2017-11-18T17:22:05.038+0300: 16.735: [ParNew: 152364K->11542K(157248K), 0.0130023 secs] 465433K->326707K(506816K), 0.0130727 secs] [Times: user=0.13 sys=0.00, real=0.01 secs] 
2017-11-18T17:22:05.115+0300: 16.812: [GC (Allocation Failure) 2017-11-18T17:22:05.115+0300: 16.812: [ParNew: 151318K->10488K(157248K), 0.0148515 secs] 466483K->327750K(506816K), 0.0149246 secs] [Times: user=0.13 sys=0.00, real=0.02 secs] 
2017-11-18T17:22:05.194+0300: 16.892: [GC (Allocation Failure) 2017-11-18T17:22:05.195+0300: 16.892: [ParNew: 150264K->9446K(157248K), 0.0151344 secs] 467526K->328805K(506816K), 0.0152168 secs] [Times: user=0.13 sys=0.00, real=0.02 secs] 
2017-11-18T17:22:05.274+0300: 16.971: [GC (Allocation Failure) 2017-11-18T17:22:05.274+0300: 16.971: [ParNew: 149222K->10492K(157248K), 0.0146037 secs] 468581K->331947K(506816K), 0.0146731 secs] [Times: user=0.13 sys=0.00, real=0.01 secs] 
2017-11-18T17:22:05.352+0300: 17.050: [GC (Allocation Failure) 2017-11-18T17:22:05.353+0300: 17.050: [ParNew: 150268K->10500K(157248K), 0.0189351 secs] 471723K->334052K(506816K), 0.0190196 secs] [Times: user=0.14 sys=0.00, real=0.02 secs] 
2017-11-18T17:22:05.372+0300: 17.069: [GC (CMS Initial Mark) [1 CMS-initial-mark: 323551K(349568K)] 336847K(506816K), 0.0017378 secs] [Times: user=0.00 sys=0.00, real=0.00 secs] 
2017-11-18T17:22:05.374+0300: 17.071: [CMS-concurrent-mark-start]
2017-11-18T17:22:05.441+0300: 17.138: [GC (Allocation Failure) 2017-11-18T17:22:05.441+0300: 17.138: [ParNew: 150276K->11546K(157248K), 0.0128967 secs] 473828K->337195K(506816K), 0.0129854 secs] [Times: user=0.13 sys=0.00, real=0.01 secs] 
2017-11-18T17:22:05.519+0300: 17.216: [GC (Allocation Failure) 2017-11-18T17:22:05.519+0300: 17.216: [ParNew: 151322K->12586K(157248K), 0.0128976 secs] 476971K->340331K(506816K), 0.0129673 secs] [Times: user=0.13 sys=0.00, real=0.01 secs] 
2017-11-18T17:22:05.597+0300: 17.295: [GC (Allocation Failure) 2017-11-18T17:22:05.597+0300: 17.295: [ParNew: 152362K->11544K(157248K), 0.0151881 secs] 480107K->341386K(506816K), 0.0152560 secs] [Times: user=0.13 sys=0.00, real=0.02 secs] 
2017-11-18T17:22:05.677+0300: 17.375: [GC (Allocation Failure) 2017-11-18T17:22:05.677+0300: 17.375: [ParNew: 151320K->9441K(157248K), 0.0161568 secs] 481162K->341380K(506816K), 0.0162211 secs] [Times: user=0.13 sys=0.00, real=0.02 secs] 
2017-11-18T17:22:05.762+0300: 17.460: [GC (Allocation Failure) 2017-11-18T17:22:05.762+0300: 17.460: [ParNew: 149217K->9448K(157248K), 0.0154764 secs] 481156K->343484K(506816K), 0.0155518 secs] [Times: user=0.13 sys=0.00, real=0.02 secs] 
2017-11-18T17:22:05.843+0300: 17.541: [GC (Allocation Failure) 2017-11-18T17:22:05.843+0300: 17.541: [ParNew: 149224K->11542K(157248K), 0.0181663 secs] 483260K->347676K(506816K), 0.0182296 secs] [Times: user=0.13 sys=0.00, real=0.02 secs] 
2017-11-18T17:22:05.927+0300: 17.625: [GC (Allocation Failure) 2017-11-18T17:22:05.927+0300: 17.625: [ParNew: 151318K->11534K(157248K), 0.0128236 secs] 487452K->349764K(506816K), 0.0129069 secs] [Times: user=0.13 sys=0.00, real=0.01 secs] 
2017-11-18T17:22:06.013+0300: 17.710: [GC (Allocation Failure) 2017-11-18T17:22:06.013+0300: 17.710: [ParNew: 151310K->11542K(157248K), 0.0130008 secs] 489540K->351869K(506816K), 0.0130760 secs] [Times: user=0.13 sys=0.00, real=0.01 secs] 
2017-11-18T17:22:06.091+0300: 17.789: [GC (Allocation Failure) 2017-11-18T17:22:06.091+0300: 17.789: [ParNew: 151318K->10490K(157248K), 0.0155878 secs] 491645K->352913K(506816K), 0.0156632 secs] [Times: user=0.13 sys=0.00, real=0.02 secs] 
2017-11-18T17:22:06.172+0300: 17.870: [GC (Allocation Failure) 2017-11-18T17:22:06.172+0300: 17.870: [ParNew: 150266K->11548K(157248K), 0.0151878 secs] 492689K->356067K(506816K), 0.0152708 secs] [Times: user=0.09 sys=0.02, real=0.02 secs] 
2017-11-18T17:22:06.252+0300: 17.950: [GC (Allocation Failure) 2017-11-18T17:22:06.252+0300: 17.950: [ParNew: 151324K->9444K(157248K), 0.0158612 secs] 495843K->356061K(506816K), 0.0159364 secs] [Times: user=0.13 sys=0.00, real=0.02 secs] 
2017-11-18T17:22:06.333+0300: 18.031: [GC (Allocation Failure) 2017-11-18T17:22:06.333+0300: 18.031: [ParNew: 149220K->11536K(157248K), 0.0162081 secs] 495837K->360249K(506816K), 0.0162769 secs] [Times: user=0.13 sys=0.00, real=0.02 secs] 
2017-11-18T17:22:06.415+0300: 18.113: [GC (Allocation Failure) 2017-11-18T17:22:06.415+0300: 18.113: [ParNew: 151312K->151312K(157248K), 0.0000169 secs]2017-11-18T17:22:06.415+0300: 18.113: [CMS2017-11-18T17:22:06.686+0300: 18.383: [CMS-concurrent-mark: 1.125/1.312 secs] [Times: user=4.39 sys=0.13, real=1.31 secs] 
 (concurrent mode failure): 348712K->349567K(349568K), 0.9326495 secs] 500025K->357301K(506816K), [Metaspace: 9054K->9054K(1056768K)], 0.9327371 secs] [Times: user=1.19 sys=0.00, real=0.93 secs] 
2017-11-18T17:22:07.574+0300: 19.272: [Full GC (Allocation Failure) 2017-11-18T17:22:07.574+0300: 19.272: [CMS: 349567K->349567K(349568K), 0.7494587 secs] 506815K->358800K(506816K), [Metaspace: 9067K->9067K(1056768K)], 0.7495275 secs] [Times: user=0.75 sys=0.00, real=0.75 secs] 
2017-11-18T17:22:08.324+0300: 20.021: [GC (CMS Initial Mark) [1 CMS-initial-mark: 349567K(349568K)] 361600K(506816K), 0.0065839 secs] [Times: user=0.00 sys=0.00, real=0.01 secs] 
2017-11-18T17:22:08.331+0300: 20.028: [CMS-concurrent-mark-start]
2017-11-18T17:22:08.582+0300: 20.279: [Full GC (Allocation Failure) 2017-11-18T17:22:08.582+0300: 20.280: [CMS2017-11-18T17:22:09.555+0300: 21.253: [CMS-concurrent-mark: 1.222/1.225 secs] [Times: user=2.69 sys=0.02, real=1.22 secs] 
 (concurrent mode failure): 349567K->349567K(349568K), 1.7290089 secs] 506815K->360283K(506816K), [Metaspace: 9078K->9078K(1058816K)], 1.7290780 secs] [Times: user=2.67 sys=0.02, real=1.73 secs] 
2017-11-18T17:22:10.534+0300: 22.231: [Full GC (Allocation Failure) 2017-11-18T17:22:10.534+0300: 22.231: [CMS: 349567K->349567K(349568K), 0.7651766 secs] 506815K->361744K(506816K), [Metaspace: 9106K->9106K(1058816K)], 0.7652439 secs] [Times: user=0.77 sys=0.00, real=0.77 secs] 
2017-11-18T17:22:11.299+0300: 22.996: [GC (CMS Initial Mark) [1 CMS-initial-mark: 349567K(349568K)] 364544K(506816K), 0.0088874 secs] [Times: user=0.02 sys=0.00, real=0.01 secs] 
2017-11-18T17:22:11.308+0300: 23.005: [CMS-concurrent-mark-start]
2017-11-18T17:22:11.570+0300: 23.267: [Full GC (Allocation Failure) 2017-11-18T17:22:11.570+0300: 23.267: [CMS2017-11-18T17:22:12.615+0300: 24.313: [CMS-concurrent-mark: 1.305/1.307 secs] [Times: user=2.61 sys=0.03, real=1.31 secs] 
 (concurrent mode failure): 349567K->349567K(349568K), 1.8017518 secs] 506815K->363194K(506816K), [Metaspace: 9115K->9115K(1058816K)], 1.8018215 secs] [Times: user=2.67 sys=0.03, real=1.80 secs] 
2017-11-18T17:22:13.614+0300: 25.311: [Full GC (Allocation Failure) 2017-11-18T17:22:13.614+0300: 25.311: [CMS: 349567K->349567K(349568K), 0.7393298 secs] 506815K->364634K(506816K), [Metaspace: 9132K->9132K(1058816K)], 0.7394052 secs] [Times: user=0.75 sys=0.00, real=0.74 secs] 
2017-11-18T17:22:14.354+0300: 26.051: [GC (CMS Initial Mark) [1 CMS-initial-mark: 349567K(349568K)] 367429K(506816K), 0.0106303 secs] [Times: user=0.00 sys=0.00, real=0.01 secs] 
2017-11-18T17:22:14.365+0300: 26.062: [CMS-concurrent-mark-start]
2017-11-18T17:22:14.618+0300: 26.315: [Full GC (Allocation Failure) 2017-11-18T17:22:14.618+0300: 26.315: [CMS2017-11-18T17:22:15.551+0300: 27.248: [CMS-concurrent-mark: 1.184/1.186 secs] [Times: user=2.28 sys=0.13, real=1.19 secs] 
 (concurrent mode failure): 349567K->349567K(349568K), 1.5727436 secs] 506815K->366064K(506816K), [Metaspace: 9137K->9137K(1058816K)], 1.5728104 secs] [Times: user=2.19 sys=0.11, real=1.57 secs] 
2017-11-18T17:22:16.415+0300: 28.112: [Full GC (Allocation Failure) 2017-11-18T17:22:16.415+0300: 28.112: [CMS: 349567K->349567K(349568K), 0.6478169 secs] 506815K->367467K(506816K), [Metaspace: 9138K->9138K(1058816K)], 0.6479005 secs] [Times: user=0.64 sys=0.00, real=0.65 secs] 
2017-11-18T17:22:17.063+0300: 28.760: [GC (CMS Initial Mark) [1 CMS-initial-mark: 349567K(349568K)] 370265K(506816K), 0.0123693 secs] [Times: user=0.02 sys=0.00, real=0.01 secs] 
2017-11-18T17:22:17.076+0300: 28.773: [CMS-concurrent-mark-start]
2017-11-18T17:22:17.315+0300: 29.012: [Full GC (Allocation Failure) 2017-11-18T17:22:17.315+0300: 29.012: [CMS2017-11-18T17:22:18.390+0300: 30.087: [CMS-concurrent-mark: 1.312/1.315 secs] [Times: user=2.63 sys=0.05, real=1.31 secs] 
 (concurrent mode failure): 349567K->349567K(349568K), 1.7332099 secs] 506815K->368848K(506816K), [Metaspace: 9141K->9141K(1058816K)], 1.7333146 secs] [Times: user=2.61 sys=0.05, real=1.73 secs] 
2017-11-18T17:22:19.236+0300: 30.933: [Full GC (Allocation Failure) 2017-11-18T17:22:19.236+0300: 30.933: [CMS: 349567K->349567K(349568K), 0.6478525 secs] 502793K->370201K(506816K), [Metaspace: 9142K->9142K(1058816K)], 0.6479198 secs] [Times: user=0.66 sys=0.00, real=0.65 secs] 
2017-11-18T17:22:19.891+0300: 31.589: [GC (CMS Initial Mark) [1 CMS-initial-mark: 349567K(349568K)] 451325K(506816K), 0.0711943 secs] [Times: user=0.08 sys=0.00, real=0.07 secs] 
2017-11-18T17:22:19.962+0300: 31.660: [CMS-concurrent-mark-start]
2017-11-18T17:22:20.175+0300: 31.873: [Full GC (Allocation Failure) 2017-11-18T17:22:20.175+0300: 31.873: [CMS2017-11-18T17:22:21.251+0300: 32.949: [CMS-concurrent-mark: 1.270/1.289 secs] [Times: user=2.66 sys=0.03, real=1.29 secs] 
 (concurrent mode failure): 349567K->326407K(349568K), 1.7714172 secs] 506815K->408098K(506816K), [Metaspace: 9144K->9144K(1058816K)], 1.7714860 secs] [Times: user=2.78 sys=0.03, real=1.77 secs] 
2017-11-18T17:22:21.977+0300: 33.675: [GC (Allocation Failure) 2017-11-18T17:22:21.978+0300: 33.675: [ParNew (promotion failed): 139776K->148171K(157248K), 0.0908663 secs]2017-11-18T17:22:22.068+0300: 33.766: [CMS: 326409K->326407K(349568K), 0.6556161 secs] 466183K->408671K(506816K), [Metaspace: 9144K->9144K(1058816K)], 0.7465823 secs] [Times: user=1.13 sys=0.00, real=0.75 secs] 
2017-11-18T17:22:22.724+0300: 34.422: [GC (CMS Initial Mark) [1 CMS-initial-mark: 326407K(349568K)] 410865K(506816K), 0.1669933 secs] [Times: user=0.17 sys=0.00, real=0.17 secs] 
2017-11-18T17:22:22.892+0300: 34.589: [CMS-concurrent-mark-start]
2017-11-18T17:22:22.935+0300: 34.632: [GC (Allocation Failure) 2017-11-18T17:22:22.935+0300: 34.632: [ParNew (promotion failed): 139776K->142956K(157248K), 0.0949308 secs]2017-11-18T17:22:23.030+0300: 34.727: [CMS2017-11-18T17:22:23.318+0300: 35.015: [CMS-concurrent-mark: 0.330/0.426 secs] [Times: user=1.34 sys=0.00, real=0.43 secs] 
 (concurrent mode failure): 326409K->326407K(349568K), 0.9469791 secs] 466183K->409244K(506816K), [Metaspace: 9144K->9144K(1058816K)], 1.0420042 secs] [Times: user=1.83 sys=0.00, real=1.04 secs] 
2017-11-18T17:22:24.006+0300: 35.703: [GC (Allocation Failure) 2017-11-18T17:22:24.006+0300: 35.704: [ParNew (promotion failed): 139776K->142983K(157248K), 0.1003483 secs]2017-11-18T17:22:24.106+0300: 35.804: [CMS: 326409K->326407K(349568K), 0.6556484 secs] 466183K->409815K(506816K), [Metaspace: 9149K->9149K(1058816K)], 0.7560933 secs] [Times: user=1.25 sys=0.00, real=0.76 secs] 
2017-11-18T17:22:24.762+0300: 36.460: [GC (CMS Initial Mark) [1 CMS-initial-mark: 326407K(349568K)] 411401K(506816K), 0.1665559 secs] [Times: user=0.16 sys=0.00, real=0.17 secs] 
2017-11-18T17:22:24.929+0300: 36.626: [CMS-concurrent-mark-start]
2017-11-18T17:22:24.972+0300: 36.669: [GC (Allocation Failure) 2017-11-18T17:22:24.972+0300: 36.669: [ParNew (promotion failed): 139776K->143564K(157248K), 0.1051038 secs]2017-11-18T17:22:25.077+0300: 36.774: [CMS2017-11-18T17:22:25.362+0300: 37.059: [CMS-concurrent-mark: 0.327/0.433 secs] [Times: user=1.31 sys=0.00, real=0.43 secs] 
 (concurrent mode failure): 326409K->326407K(349568K), 0.9442099 secs] 466183K->410374K(506816K), [Metaspace: 9162K->9162K(1058816K)], 1.0494589 secs] [Times: user=1.80 sys=0.00, real=1.05 secs] 
2017-11-18T17:22:26.053+0300: 37.750: [GC (Allocation Failure) 2017-11-18T17:22:26.053+0300: 37.750: [ParNew (promotion failed): 139776K->145380K(157248K), 0.1105992 secs]2017-11-18T17:22:26.163+0300: 37.861: [CMS: 326409K->326407K(349568K), 0.6604009 secs] 466183K->410932K(506816K), [Metaspace: 9171K->9171K(1058816K)], 0.7710957 secs] [Times: user=1.31 sys=0.00, real=0.77 secs] 
2017-11-18T17:22:26.824+0300: 38.521: [GC (CMS Initial Mark) [1 CMS-initial-mark: 326407K(349568K)] 412247K(506816K), 0.1681576 secs] [Times: user=0.16 sys=0.00, real=0.17 secs] 
2017-11-18T17:22:26.992+0300: 38.689: [CMS-concurrent-mark-start]
2017-11-18T17:22:27.032+0300: 38.729: [GC (Allocation Failure) 2017-11-18T17:22:27.032+0300: 38.729: [ParNew (promotion failed): 139776K->146602K(157248K), 0.1057978 secs]2017-11-18T17:22:27.137+0300: 38.835: [CMS2017-11-18T17:22:27.432+0300: 39.129: [CMS-concurrent-mark: 0.333/0.440 secs] [Times: user=1.34 sys=0.02, real=0.44 secs] 
 (concurrent mode failure): 326409K->326407K(349568K), 0.9565994 secs] 466183K->411485K(506816K), [Metaspace: 9172K->9172K(1058816K)], 1.0624878 secs] [Times: user=1.81 sys=0.00, real=1.06 secs] 
2017-11-18T17:22:28.125+0300: 39.822: [GC (Allocation Failure) 2017-11-18T17:22:28.125+0300: 39.822: [ParNew (promotion failed): 139776K->146065K(157248K), 0.1113704 secs]2017-11-18T17:22:28.236+0300: 39.933: [CMS: 326409K->326407K(349568K), 0.6657951 secs] 466183K->412033K(506816K), [Metaspace: 9179K->9179K(1058816K)], 0.7772603 secs] [Times: user=1.36 sys=0.00, real=0.78 secs] 
2017-11-18T17:22:28.902+0300: 40.599: [GC (CMS Initial Mark) [1 CMS-initial-mark: 326407K(349568K)] 413221K(506816K), 0.1685530 secs] [Times: user=0.16 sys=0.00, real=0.17 secs] 
2017-11-18T17:22:29.071+0300: 40.768: [CMS-concurrent-mark-start]
2017-11-18T17:22:29.097+0300: 40.794: [GC (Allocation Failure) 2017-11-18T17:22:29.097+0300: 40.794: [ParNew (promotion failed): 139776K->148665K(157248K), 0.1167263 secs]2017-11-18T17:22:29.213+0300: 40.910: [CMS2017-11-18T17:22:29.522+0300: 41.220: [CMS-concurrent-mark: 0.334/0.452 secs] [Times: user=1.41 sys=0.00, real=0.45 secs] 
 (concurrent mode failure): 326409K->326407K(349568K), 0.9775570 secs] 466183K->412565K(506816K), [Metaspace: 9180K->9180K(1058816K)], 1.0943814 secs] [Times: user=2.00 sys=0.00, real=1.09 secs] 
2017-11-18T17:22:30.219+0300: 41.916: [GC (Allocation Failure) 2017-11-18T17:22:30.219+0300: 41.916: [ParNew (promotion failed): 139776K->147686K(157248K), 0.1213176 secs]2017-11-18T17:22:30.340+0300: 42.037: [CMS: 326409K->326407K(349568K), 0.6681339 secs] 466183K->413100K(506816K), [Metaspace: 9188K->9188K(1058816K)], 0.7895829 secs] [Times: user=1.36 sys=0.00, real=0.79 secs] 
2017-11-18T17:22:31.008+0300: 42.706: [GC (CMS Initial Mark) [1 CMS-initial-mark: 326407K(349568K)] 414224K(506816K), 0.1701559 secs] [Times: user=0.16 sys=0.00, real=0.17 secs] 
2017-11-18T17:22:31.179+0300: 42.876: [CMS-concurrent-mark-start]
2017-11-18T17:22:31.209+0300: 42.906: [GC (Allocation Failure) 2017-11-18T17:22:31.209+0300: 42.906: [ParNew (promotion failed): 139776K->149572K(157248K), 0.1189100 secs]2017-11-18T17:22:31.328+0300: 43.025: [CMS2017-11-18T17:22:31.623+0300: 43.321: [CMS-concurrent-mark: 0.324/0.445 secs] [Times: user=1.45 sys=0.00, real=0.44 secs] 
 (concurrent mode failure): 326409K->326407K(349568K), 0.9628066 secs] 466183K->413636K(506816K), [Metaspace: 9191K->9191K(1058816K)], 1.0818078 secs] [Times: user=2.03 sys=0.00, real=1.08 secs] 
2017-11-18T17:22:32.318+0300: 44.015: [GC (Allocation Failure) 2017-11-18T17:22:32.318+0300: 44.015: [ParNew (promotion failed): 139776K->151387K(157248K), 0.1265513 secs]2017-11-18T17:22:32.444+0300: 44.142: [CMS: 326409K->326407K(349568K), 0.6708887 secs] 466183K->414163K(506816K), [Metaspace: 9202K->9202K(1058816K)], 0.7976060 secs] [Times: user=1.44 sys=0.00, real=0.80 secs] 
2017-11-18T17:22:33.116+0300: 44.813: [GC (CMS Initial Mark) [1 CMS-initial-mark: 326407K(349568K)] 415247K(506816K), 0.1707391 secs] [Times: user=0.17 sys=0.00, real=0.17 secs] 
2017-11-18T17:22:33.287+0300: 44.984: [CMS-concurrent-mark-start]
2017-11-18T17:22:33.323+0300: 45.021: [GC (Allocation Failure) 2017-11-18T17:22:33.323+0300: 45.021: [ParNew (promotion failed): 139776K->150117K(157248K), 0.1320645 secs]2017-11-18T17:22:33.455+0300: 45.153: [CMS2017-11-18T17:22:33.745+0300: 45.442: [CMS-concurrent-mark: 0.324/0.458 secs] [Times: user=1.50 sys=0.00, real=0.46 secs] 
 (concurrent mode failure): 326409K->326407K(349568K), 0.9592356 secs] 466183K->414687K(506816K), [Metaspace: 9202K->9202K(1058816K)], 1.0914244 secs] [Times: user=2.06 sys=0.00, real=1.09 secs] 
2017-11-18T17:22:34.441+0300: 46.138: [GC (Allocation Failure) 2017-11-18T17:22:34.441+0300: 46.138: [ParNew (promotion failed): 139776K->152483K(157248K), 0.1311284 secs]2017-11-18T17:22:34.572+0300: 46.269: [CMS: 326409K->326407K(349568K), 0.6748569 secs] 466183K->415197K(506816K), [Metaspace: 9206K->9206K(1058816K)], 0.8060780 secs] [Times: user=1.50 sys=0.00, real=0.81 secs] 
2017-11-18T17:22:35.247+0300: 46.944: [GC (CMS Initial Mark) [1 CMS-initial-mark: 326407K(349568K)] 416254K(506816K), 0.1695785 secs] [Times: user=0.17 sys=0.00, real=0.17 secs] 
2017-11-18T17:22:35.416+0300: 47.114: [CMS-concurrent-mark-start]
2017-11-18T17:22:35.442+0300: 47.140: [GC (Allocation Failure) 2017-11-18T17:22:35.442+0300: 47.140: [ParNew (promotion failed): 139776K->153539K(157248K), 0.1381617 secs]2017-11-18T17:22:35.581+0300: 47.278: [CMS2017-11-18T17:22:35.885+0300: 47.582: [CMS-concurrent-mark: 0.328/0.468 secs] [Times: user=1.58 sys=0.00, real=0.47 secs] 
 (concurrent mode failure): 326409K->326407K(349568K), 0.9728842 secs] 466183K->415708K(506816K), [Metaspace: 9216K->9216K(1058816K)], 1.1111468 secs] [Times: user=2.19 sys=0.00, real=1.11 secs] 
2017-11-18T17:22:36.581+0300: 48.278: [GC (Allocation Failure) 2017-11-18T17:22:36.581+0300: 48.278: [ParNew (promotion failed): 139776K->152645K(157248K), 0.1366229 secs]2017-11-18T17:22:36.718+0300: 48.415: [CMS: 326409K->326407K(349568K), 0.6738348 secs] 466183K->416203K(506816K), [Metaspace: 9224K->9224K(1058816K)], 0.8106234 secs] [Times: user=1.63 sys=0.00, real=0.81 secs] 
2017-11-18T17:22:37.392+0300: 49.089: [GC (CMS Initial Mark) [1 CMS-initial-mark: 326407K(349568K)] 417236K(506816K), 0.1743506 secs] [Times: user=0.17 sys=0.00, real=0.17 secs] 
2017-11-18T17:22:37.566+0300: 49.264: [CMS-concurrent-mark-start]
2017-11-18T17:22:37.605+0300: 49.302: [GC (Allocation Failure) 2017-11-18T17:22:37.605+0300: 49.302: [ParNew (promotion failed): 139776K->154273K(157248K), 0.1381228 secs]2017-11-18T17:22:37.743+0300: 49.440: [CMS2017-11-18T17:22:38.031+0300: 49.728: [CMS-concurrent-mark: 0.325/0.464 secs] [Times: user=1.58 sys=0.02, real=0.46 secs] 
 (concurrent mode failure): 326409K->326407K(349568K), 0.9654014 secs] 466183K->416714K(506816K), [Metaspace: 9234K->9234K(1058816K)], 1.1036150 secs] [Times: user=2.08 sys=0.00, real=1.10 secs] 
2017-11-18T17:22:38.735+0300: 50.432: [GC (Allocation Failure) 2017-11-18T17:22:38.735+0300: 50.432: [ParNew (promotion failed): 139776K->156317K(157248K), 0.1435545 secs]2017-11-18T17:22:38.879+0300: 50.576: [CMS: 326409K->326407K(349568K), 0.6749611 secs] 466183K->417192K(506816K), [Metaspace: 9238K->9238K(1058816K)], 0.8186487 secs] [Times: user=1.58 sys=0.02, real=0.82 secs] 
2017-11-18T17:22:39.554+0300: 51.251: [GC (CMS Initial Mark) [1 CMS-initial-mark: 326407K(349568K)] 418203K(506816K), 0.1731087 secs] [Times: user=0.17 sys=0.00, real=0.17 secs] 
2017-11-18T17:22:39.727+0300: 51.424: [CMS-concurrent-mark-start]
2017-11-18T17:22:39.763+0300: 51.461: [GC (Allocation Failure) 2017-11-18T17:22:39.763+0300: 51.461: [ParNew (promotion failed): 139776K->155079K(157248K), 0.1418354 secs]2017-11-18T17:22:39.905+0300: 51.603: [CMS2017-11-18T17:22:40.200+0300: 51.897: [CMS-concurrent-mark: 0.330/0.473 secs] [Times: user=1.64 sys=0.00, real=0.47 secs] 
 (concurrent mode failure): 326409K->326407K(349568K), 0.9750769 secs] 466183K->417690K(506816K), [Metaspace: 9238K->9238K(1058816K)], 1.1170101 secs] [Times: user=2.22 sys=0.00, real=1.12 secs] 
2017-11-18T17:22:40.906+0300: 52.603: [GC (Allocation Failure) 2017-11-18T17:22:40.906+0300: 52.603: [ParNew (promotion failed): 139776K->157248K(157248K), 0.1480284 secs]2017-11-18T17:22:41.054+0300: 52.752: [CMS: 326409K->326407K(349568K), 0.6805893 secs] 466183K->418168K(506816K), [Metaspace: 9240K->9240K(1058816K)], 0.8287154 secs] [Times: user=1.63 sys=0.00, real=0.83 secs] 
2017-11-18T17:22:41.735+0300: 53.432: [GC (CMS Initial Mark) [1 CMS-initial-mark: 326407K(349568K)] 419158K(506816K), 0.1726224 secs] [Times: user=0.17 sys=0.00, real=0.17 secs] 
2017-11-18T17:22:41.908+0300: 53.605: [CMS-concurrent-mark-start]
2017-11-18T17:22:41.935+0300: 53.632: [GC (Allocation Failure) 2017-11-18T17:22:41.935+0300: 53.632: [ParNew (promotion failed): 139776K->157248K(157248K), 0.1599017 secs]2017-11-18T17:22:42.095+0300: 53.792: [CMS2017-11-18T17:22:42.395+0300: 54.092: [CMS-concurrent-mark: 0.325/0.487 secs] [Times: user=1.75 sys=0.00, real=0.49 secs] 
 (concurrent mode failure): 326409K->326407K(349568K), 0.9819237 secs] 466183K->418646K(506816K), [Metaspace: 9247K->9247K(1058816K)], 1.1419893 secs] [Times: user=2.34 sys=0.00, real=1.14 secs] 
2017-11-18T17:22:43.100+0300: 54.798: [GC (Allocation Failure) 2017-11-18T17:22:43.101+0300: 54.798: [ParNew (promotion failed): 139776K->156140K(157248K), 0.1525750 secs]2017-11-18T17:22:43.253+0300: 54.951: [CMS: 326409K->326407K(349568K), 0.6796345 secs] 466183K->419128K(506816K), [Metaspace: 9247K->9247K(1058816K)], 0.8323009 secs] [Times: user=1.77 sys=0.00, real=0.83 secs] 
2017-11-18T17:22:43.933+0300: 55.631: [GC (CMS Initial Mark) [1 CMS-initial-mark: 326407K(349568K)] 420096K(506816K), 0.1747638 secs] [Times: user=0.17 sys=0.00, real=0.17 secs] 
2017-11-18T17:22:44.108+0300: 55.806: [CMS-concurrent-mark-start]
2017-11-18T17:22:44.133+0300: 55.830: [GC (Allocation Failure) 2017-11-18T17:22:44.133+0300: 55.830: [ParNew (promotion failed): 139776K->157248K(157248K), 0.1640514 secs]2017-11-18T17:22:44.297+0300: 55.994: [CMS2017-11-18T17:22:44.599+0300: 56.296: [CMS-concurrent-mark: 0.325/0.491 secs] [Times: user=1.73 sys=0.02, real=0.49 secs] 
 (concurrent mode failure): 326409K->326407K(349568K), 0.9790883 secs] 466183K->419588K(506816K), [Metaspace: 9256K->9256K(1058816K)], 1.1432357 secs] [Times: user=2.38 sys=0.02, real=1.14 secs] 
2017-11-18T17:22:45.300+0300: 56.997: [GC (Allocation Failure) 2017-11-18T17:22:45.300+0300: 56.997: [ParNew (promotion failed): 139776K->157248K(157248K), 0.1733179 secs]2017-11-18T17:22:45.473+0300: 57.171: [CMS: 326409K->326407K(349568K), 0.6848992 secs] 466183K->420060K(506816K), [Metaspace: 9256K->9256K(1058816K)], 0.8583113 secs] [Times: user=1.83 sys=0.01, real=0.86 secs] 
2017-11-18T17:22:46.158+0300: 57.856: [GC (CMS Initial Mark) [1 CMS-initial-mark: 326407K(349568K)] 421009K(506816K), 0.1744294 secs] [Times: user=0.17 sys=0.00, real=0.17 secs] 
2017-11-18T17:22:46.333+0300: 58.030: [CMS-concurrent-mark-start]
2017-11-18T17:22:46.357+0300: 58.054: [GC (Allocation Failure) 2017-11-18T17:22:46.357+0300: 58.054: [ParNew (promotion failed): 139776K->157248K(157248K), 0.1831199 secs]2017-11-18T17:22:46.540+0300: 58.237: [CMS2017-11-18T17:22:46.842+0300: 58.539: [CMS-concurrent-mark: 0.324/0.509 secs] [Times: user=1.91 sys=0.00, real=0.51 secs] 
 (concurrent mode failure): 326409K->326407K(349568K), 0.9867447 secs] 466183K->420520K(506816K), [Metaspace: 9256K->9256K(1058816K)], 1.1699718 secs] [Times: user=2.50 sys=0.00, real=1.17 secs] 
2017-11-18T17:22:47.551+0300: 59.247: [GC (Allocation Failure) 2017-11-18T17:22:47.551+0300: 59.248: [ParNew (promotion failed): 139776K->157248K(157248K), 0.1642038 secs]2017-11-18T17:22:47.715+0300: 59.412: [CMS: 326409K->326407K(349568K), 0.6836039 secs] 466183K->420980K(506816K), [Metaspace: 9262K->9262K(1058816K)], 0.8478947 secs] [Times: user=1.76 sys=0.00, real=0.85 secs] 
2017-11-18T17:22:48.399+0300: 60.096: [GC (CMS Initial Mark) [1 CMS-initial-mark: 326407K(349568K)] 421913K(506816K), 0.1755251 secs] [Times: user=0.19 sys=0.00, real=0.17 secs] 
2017-11-18T17:22:48.574+0300: 60.271: [CMS-concurrent-mark-start]
2017-11-18T17:22:48.602+0300: 60.299: [GC (Allocation Failure) 2017-11-18T17:22:48.602+0300: 60.299: [ParNew (promotion failed): 139776K->157248K(157248K), 0.1838673 secs]2017-11-18T17:22:48.786+0300: 60.483: [CMS2017-11-18T17:22:49.088+0300: 60.785: [CMS-concurrent-mark: 0.328/0.514 secs] [Times: user=2.00 sys=0.00, real=0.51 secs] 
 (concurrent mode failure): 326409K->326407K(349568K), 0.9865488 secs] 466183K->421429K(506816K), [Metaspace: 9265K->9265K(1058816K)], 1.1705142 secs] [Times: user=2.63 sys=0.00, real=1.17 secs] 
2017-11-18T17:22:49.795+0300: 61.492: [GC (Allocation Failure) 2017-11-18T17:22:49.795+0300: 61.492: [ParNew (promotion failed): 139776K->157248K(157248K), 0.1894225 secs]2017-11-18T17:22:49.984+0300: 61.682: [CMS: 326409K->326407K(349568K), 0.6958033 secs] 466183K->421877K(506816K), [Metaspace: 9265K->9265K(1058816K)], 0.8853302 secs] [Times: user=1.98 sys=0.00, real=0.88 secs] 
2017-11-18T17:22:50.681+0300: 62.378: [GC (CMS Initial Mark) [1 CMS-initial-mark: 326407K(349568K)] 422791K(506816K), 0.1794602 secs] [Times: user=0.17 sys=0.00, real=0.18 secs] 
2017-11-18T17:22:50.860+0300: 62.557: [CMS-concurrent-mark-start]
2017-11-18T17:22:50.883+0300: 62.581: [GC (Allocation Failure) 2017-11-18T17:22:50.883+0300: 62.581: [ParNew (promotion failed): 139776K->157248K(157248K), 0.1936902 secs]2017-11-18T17:22:51.077+0300: 62.774: [CMS2017-11-18T17:22:51.382+0300: 63.079: [CMS-concurrent-mark: 0.326/0.522 secs] [Times: user=1.91 sys=0.00, real=0.52 secs] 
 (concurrent mode failure): 326409K->326407K(349568K), 0.9915715 secs] 466183K->422313K(506816K), [Metaspace: 9271K->9271K(1058816K)], 1.1853679 secs] [Times: user=2.50 sys=0.00, real=1.19 secs] 
2017-11-18T17:22:52.091+0300: 63.788: [GC (Allocation Failure) 2017-11-18T17:22:52.091+0300: 63.788: [ParNew (promotion failed): 139776K->157248K(157248K), 0.1841508 secs]2017-11-18T17:22:52.275+0300: 63.972: [CMS: 326409K->326407K(349568K), 0.6868725 secs] 466183K->422748K(506816K), [Metaspace: 9271K->9271K(1058816K)], 0.8711295 secs] [Times: user=1.91 sys=0.00, real=0.87 secs] 
2017-11-18T17:22:52.962+0300: 64.659: [GC (CMS Initial Mark) [1 CMS-initial-mark: 326407K(349568K)] 423644K(506816K), 0.1758203 secs] [Times: user=0.17 sys=0.00, real=0.18 secs] 
2017-11-18T17:22:53.138+0300: 64.835: [CMS-concurrent-mark-start]
2017-11-18T17:22:53.161+0300: 64.858: [GC (Allocation Failure) 2017-11-18T17:22:53.161+0300: 64.858: [ParNew (promotion failed): 139776K->157248K(157248K), 0.2009357 secs]2017-11-18T17:22:53.361+0300: 65.059: [CMS2017-11-18T17:22:53.666+0300: 65.363: [CMS-concurrent-mark: 0.325/0.528 secs] [Times: user=2.09 sys=0.00, real=0.53 secs] 
 (concurrent mode failure): 326409K->326407K(349568K), 0.9936534 secs] 466183K->423179K(506816K), [Metaspace: 9274K->9274K(1058816K)], 1.1946875 secs] [Times: user=2.74 sys=0.00, real=1.19 secs] 
2017-11-18T17:22:54.384+0300: 66.081: [GC (Allocation Failure) 2017-11-18T17:22:54.384+0300: 66.081: [ParNew (promotion failed): 139776K->157248K(157248K), 0.1881655 secs]2017-11-18T17:22:54.572+0300: 66.269: [CMS: 326409K->326407K(349568K), 0.8025595 secs] 466183K->423632K(506816K), [Metaspace: 9279K->9279K(1058816K)], 0.9908247 secs] [Times: user=1.92 sys=0.01, real=0.99 secs] 
2017-11-18T17:22:55.375+0300: 67.072: [GC (CMS Initial Mark) [1 CMS-initial-mark: 326407K(349568K)] 424506K(506816K), 0.1773858 secs] [Times: user=0.17 sys=0.00, real=0.18 secs] 
2017-11-18T17:22:55.553+0300: 67.250: [CMS-concurrent-mark-start]
2017-11-18T17:22:55.575+0300: 67.273: [GC (Allocation Failure) 2017-11-18T17:22:55.575+0300: 67.273: [ParNew (promotion failed): 139776K->157248K(157248K), 0.2090989 secs]2017-11-18T17:22:55.784+0300: 67.482: [CMS2017-11-18T17:22:56.087+0300: 67.784: [CMS-concurrent-mark: 0.324/0.534 secs] [Times: user=2.13 sys=0.00, real=0.53 secs] 
 (concurrent mode failure): 326409K->326407K(349568K), 0.9916973 secs] 466183K->424044K(506816K), [Metaspace: 9281K->9281K(1058816K)], 1.2008925 secs] [Times: user=2.72 sys=0.00, real=1.20 secs] 
2017-11-18T17:22:56.798+0300: 68.495: [GC (Allocation Failure) 2017-11-18T17:22:56.798+0300: 68.496: [ParNew (promotion failed): 139776K->157248K(157248K), 0.2068304 secs]2017-11-18T17:22:57.005+0300: 68.702: [CMS: 326409K->326407K(349568K), 0.6893170 secs] 466183K->424464K(506816K), [Metaspace: 9284K->9284K(1058816K)], 0.8962576 secs] [Times: user=2.05 sys=0.02, real=0.90 secs] 
2017-11-18T17:22:57.695+0300: 69.392: [GC (CMS Initial Mark) [1 CMS-initial-mark: 326407K(349568K)] 425469K(506816K), 0.1792410 secs] [Times: user=0.19 sys=0.00, real=0.18 secs] 
2017-11-18T17:22:57.874+0300: 69.571: [CMS-concurrent-mark-start]
2017-11-18T17:22:57.901+0300: 69.598: [GC (Allocation Failure) 2017-11-18T17:22:57.901+0300: 69.598: [ParNew (promotion failed): 139776K->157248K(157248K), 0.2252822 secs]2017-11-18T17:22:58.126+0300: 69.824: [CMS2017-11-18T17:22:58.427+0300: 70.124: [CMS-concurrent-mark: 0.326/0.553 secs] [Times: user=2.16 sys=0.00, real=0.55 secs] 
 (concurrent mode failure): 326409K->326407K(349568K), 0.9930089 secs] 466183K->424874K(506816K), [Metaspace: 9289K->9289K(1058816K)], 1.2183709 secs] [Times: user=2.77 sys=0.00, real=1.22 secs] 
2017-11-18T17:22:59.142+0300: 70.839: [GC (Allocation Failure) 2017-11-18T17:22:59.142+0300: 70.839: [ParNew (promotion failed): 139776K->157248K(157248K), 0.2114217 secs]2017-11-18T17:22:59.353+0300: 71.051: [CMS: 326409K->326407K(349568K), 0.6927114 secs] 466183K->425296K(506816K), [Metaspace: 9294K->9294K(1058816K)], 0.9042403 secs] [Times: user=2.09 sys=0.00, real=0.90 secs] 
2017-11-18T17:23:00.046+0300: 71.744: [GC (CMS Initial Mark) [1 CMS-initial-mark: 326407K(349568K)] 426134K(506816K), 0.1779889 secs] [Times: user=0.17 sys=0.00, real=0.18 secs] 
2017-11-18T17:23:00.224+0300: 71.922: [CMS-concurrent-mark-start]
Heap
 par new generation   total 157248K, used 133928K [0x00000000e0000000, 0x00000000eaaa0000, 0x00000000eaaa0000)
  eden space 139776K,  95% used [0x00000000e0000000, 0x00000000e82ca0b8, 0x00000000e8880000)
  from space 17472K,   0% used [0x00000000e8880000, 0x00000000e8880000, 0x00000000e9990000)
  to   space 17472K,   0% used [0x00000000e9990000, 0x00000000e9990000, 0x00000000eaaa0000)
 concurrent mark-sweep generation total 349568K, used 326407K [0x00000000eaaa0000, 0x0000000100000000, 0x0000000100000000)
 Metaspace       used 9321K, capacity 9626K, committed 9728K, reserved 1058816K
  class space    used 1091K, capacity 1192K, committed 1280K, reserved 1048576K
